Archive member included to satisfy reference by file (symbol)

C:\Users\Joey\Documents\LPCXpresso_8.2.2_650\MATE_Workspace\wstest\lpc_board_nxp_lpcxpresso_1769\Debug\liblpc_board_nxp_lpcxpresso_1769.a(board.o)
                              ./example/src/lwip_fs.o (Board_UARTPutSTR)
C:\Users\Joey\Documents\LPCXpresso_8.2.2_650\MATE_Workspace\wstest\lpc_board_nxp_lpcxpresso_1769\Debug\liblpc_board_nxp_lpcxpresso_1769.a(board_sysinit.o)
                              ./example/src/sysinit.o (Board_SystemInit)
C:\Users\Joey\Documents\LPCXpresso_8.2.2_650\MATE_Workspace\wstest\lpc_board_nxp_lpcxpresso_1769\Debug\liblpc_board_nxp_lpcxpresso_1769.a(lpc_phy_smsc87x0.o)
                              ./lwip/src/arch/lpc17xx_40xx_emac.o (lpc_phy_init)
C:\Users\Joey\Documents\LPCXpresso_8.2.2_650\MATE_Workspace\wstest\lpc_chip_175x_6x\Debug\liblpc_chip_175x_6x.a(chip_17xx_40xx.o)
                              ./lwip/src/arch/lpc17xx_40xx_systick_arch.o (SystemCoreClock)
C:\Users\Joey\Documents\LPCXpresso_8.2.2_650\MATE_Workspace\wstest\lpc_chip_175x_6x\Debug\liblpc_chip_175x_6x.a(clock_17xx_40xx.o)
                              C:\Users\Joey\Documents\LPCXpresso_8.2.2_650\MATE_Workspace\wstest\lpc_chip_175x_6x\Debug\liblpc_chip_175x_6x.a(chip_17xx_40xx.o) (Chip_Clock_EnablePLL)
C:\Users\Joey\Documents\LPCXpresso_8.2.2_650\MATE_Workspace\wstest\lpc_chip_175x_6x\Debug\liblpc_chip_175x_6x.a(enet_17xx_40xx.o)
                              ./lwip/src/arch/lpc17xx_40xx_emac.o (Chip_ENET_Init)
C:\Users\Joey\Documents\LPCXpresso_8.2.2_650\MATE_Workspace\wstest\lpc_chip_175x_6x\Debug\liblpc_chip_175x_6x.a(i2s_17xx_40xx.o)
                              C:\Users\Joey\Documents\LPCXpresso_8.2.2_650\MATE_Workspace\wstest\lpc_board_nxp_lpcxpresso_1769\Debug\liblpc_board_nxp_lpcxpresso_1769.a(board.o) (Chip_I2S_Init)
C:\Users\Joey\Documents\LPCXpresso_8.2.2_650\MATE_Workspace\wstest\lpc_chip_175x_6x\Debug\liblpc_chip_175x_6x.a(iocon_17xx_40xx.o)
                              C:\Users\Joey\Documents\LPCXpresso_8.2.2_650\MATE_Workspace\wstest\lpc_board_nxp_lpcxpresso_1769\Debug\liblpc_board_nxp_lpcxpresso_1769.a(board.o) (Chip_IOCON_PinMux)
C:\Users\Joey\Documents\LPCXpresso_8.2.2_650\MATE_Workspace\wstest\lpc_chip_175x_6x\Debug\liblpc_chip_175x_6x.a(pwm_17xx_40xx.o)
                              ./example/src/webserver.o (Chip_PWM_Init)
C:\Users\Joey\Documents\LPCXpresso_8.2.2_650\MATE_Workspace\wstest\lpc_chip_175x_6x\Debug\liblpc_chip_175x_6x.a(sysinit_17xx_40xx.o)
                              C:\Users\Joey\Documents\LPCXpresso_8.2.2_650\MATE_Workspace\wstest\lpc_board_nxp_lpcxpresso_1769\Debug\liblpc_board_nxp_lpcxpresso_1769.a(board_sysinit.o) (Chip_SetupXtalClocking)
C:\Users\Joey\Documents\LPCXpresso_8.2.2_650\MATE_Workspace\wstest\lpc_chip_175x_6x\Debug\liblpc_chip_175x_6x.a(uart_17xx_40xx.o)
                              C:\Users\Joey\Documents\LPCXpresso_8.2.2_650\MATE_Workspace\wstest\lpc_board_nxp_lpcxpresso_1769\Debug\liblpc_board_nxp_lpcxpresso_1769.a(board.o) (Chip_UART_Init)
C:\Users\Joey\Documents\LPCXpresso_8.2.2_650\MATE_Workspace\wstest\lpc_chip_175x_6x\Debug\liblpc_chip_175x_6x.a(ring_buffer.o)
                              C:\Users\Joey\Documents\LPCXpresso_8.2.2_650\MATE_Workspace\wstest\lpc_chip_175x_6x\Debug\liblpc_chip_175x_6x.a(uart_17xx_40xx.o) (RingBuffer_Insert)
c:/nxp/lpcxpresso_8.2.2_650/lpcxpresso/tools/bin/../lib/gcc/arm-none-eabi/5.4.1/../../../../arm-none-eabi/lib/armv7-m\libcr_nohost.a(_cr__main.o)
                              ./example/src/cr_startup_lpc175x_6x.o (__main)
c:/nxp/lpcxpresso_8.2.2_650/lpcxpresso/tools/bin/../lib/gcc/arm-none-eabi/5.4.1/../../../../arm-none-eabi/lib/armv7-m\libcr_c.a(memcpy.o)
                              ./lwip/src/netif/etharp.o (memcpy)
c:/nxp/lpcxpresso_8.2.2_650/lpcxpresso/tools/bin/../lib/gcc/arm-none-eabi/5.4.1/../../../../arm-none-eabi/lib/armv7-m\libcr_c.a(memset.o)
                              ./lwip/src/core/ipv4/ip_frag.o (memset)
c:/nxp/lpcxpresso_8.2.2_650/lpcxpresso/tools/bin/../lib/gcc/arm-none-eabi/5.4.1/../../../../arm-none-eabi/lib/armv7-m\libcr_c.a(alloc.o)
                              ./lwip/src/core/ipv4/ip_frag.o (malloc)
c:/nxp/lpcxpresso_8.2.2_650/lpcxpresso/tools/bin/../lib/gcc/arm-none-eabi/5.4.1/../../../../arm-none-eabi/lib/armv7-m\libcr_c.a(ctype.o)
                              ./example/src/webserver.o (__ctype)
c:/nxp/lpcxpresso_8.2.2_650/lpcxpresso/tools/bin/../lib/gcc/arm-none-eabi/5.4.1/../../../../arm-none-eabi/lib/armv7-m\libcr_c.a(fpprintf.o)
                              ./example/src/webserver.o (printf)
c:/nxp/lpcxpresso_8.2.2_650/lpcxpresso/tools/bin/../lib/gcc/arm-none-eabi/5.4.1/../../../../arm-none-eabi/lib/armv7-m\libcr_c.a(initio.o)
                              c:/nxp/lpcxpresso_8.2.2_650/lpcxpresso/tools/bin/../lib/gcc/arm-none-eabi/5.4.1/../../../../arm-none-eabi/lib/armv7-m\libcr_nohost.a(_cr__main.o) (_initio)
[...]
Memory Configuration

Name             Origin             Length             Attributes
MFlash512        0x00000000         0x00080000         xr
RamLoc32         0x10000000         0x00008000         xrw
RamAHB32         0x2007c000         0x00008000         xrw
*default*        0x00000000         0xffffffff

Linker script and memory map

LOAD ./lwip/src/netif/etharp.o
LOAD ./lwip/src/netif/ethernetif.o
LOAD ./lwip/src/core/ipv4/autoip.o
LOAD ./lwip/src/core/ipv4/icmp.o
LOAD ./lwip/src/core/ipv4/igmp.o
LOAD ./lwip/src/core/ipv4/inet.o
LOAD ./lwip/src/core/ipv4/inet_chksum.o
LOAD ./lwip/src/core/ipv4/ip.o
LOAD ./lwip/src/core/ipv4/ip_addr.o
LOAD ./lwip/src/core/ipv4/ip_frag.o
LOAD ./lwip/src/core/def.o
LOAD ./lwip/src/core/dhcp.o
LOAD ./lwip/src/core/dns.o
LOAD ./lwip/src/core/init.o
LOAD ./lwip/src/core/mem.o
LOAD ./lwip/src/core/memp.o
LOAD ./lwip/src/core/netif.o
LOAD ./lwip/src/core/pbuf.o
LOAD ./lwip/src/core/raw.o
LOAD ./lwip/src/core/stats.o
LOAD ./lwip/src/core/sys.o
LOAD ./lwip/src/core/tcp.o
LOAD ./lwip/src/core/tcp_in.o
LOAD ./lwip/src/core/tcp_out.o
LOAD ./lwip/src/core/timers.o
LOAD ./lwip/src/core/udp.o
LOAD ./lwip/src/arch/lpc17xx_40xx_emac.o
LOAD ./lwip/src/arch/lpc17xx_40xx_systick_arch.o
LOAD ./lwip/src/arch/lpc_debug.o
LOAD ./lwip/src/api/api_lib.o
LOAD ./lwip/src/api/api_msg.o
LOAD ./lwip/src/api/err.o
LOAD ./lwip/src/api/netbuf.o
LOAD ./lwip/src/api/netdb.o
LOAD ./lwip/src/api/netifapi.o
LOAD ./lwip/src/api/sockets.o
LOAD ./lwip/src/api/tcpip.o
LOAD ./example/src/cr_startup_lpc175x_6x.o
LOAD ./example/src/httpd.o
LOAD ./example/src/lwip_fs.o
LOAD ./example/src/sysinit.o
LOAD ./example/src/webserver.o
LOAD C:\Users\Joey\Documents\LPCXpresso_8.2.2_650\MATE_Workspace\wstest\lpc_board_nxp_lpcxpresso_1769\Debug\liblpc_board_nxp_lpcxpresso_1769.a
LOAD C:\Users\Joey\Documents\LPCXpresso_8.2.2_650\MATE_Workspace\wstest\lpc_chip_175x_6x\Debug\liblpc_chip_175x_6x.a
START GROUP
LOAD c:/nxp/lpcxpresso_8.2.2_650/lpcxpresso/tools/bin/../lib/gcc/arm-none-eabi/5.4.1/../../../../arm-none-eabi/lib/armv7-m\libcr_nohost.a
LOAD c:/nxp/lpcxpresso_8.2.2_650/lpcxpresso/tools/bin/../lib/gcc/arm-none-eabi/5.4.1/../../../../arm-none-eabi/lib/armv7-m\libcr_c.a
LOAD c:/nxp/lpcxpresso_8.2.2_650/lpcxpresso/tools/bin/../lib/gcc/arm-none-eabi/5.4.1/armv7-m\libcr_eabihelpers.a
END GROUP
                0x00000000                __base_MFlash512 = 0x0
                0x00000000                __base_Flash = 0x0
                0x00080000                __top_MFlash512 = 0x80000
                0x00080000                __top_Flash = 0x80000
                0x10000000                __base_RamLoc32 = 0x10000000
                0x10000000                __base_RAM = 0x10000000
                0x10008000                __top_RamLoc32 = 0x10008000
                0x10008000                __top_RAM = 0x10008000
                0x2007c000                __base_RamAHB32 = 0x2007c000
                0x2007c000                __base_RAM2 = 0x2007c000
                0x20084000                __top_RamAHB32 = 0x20084000
                0x20084000                __top_RAM2 = 0x20084000

.text           0x00000000     0xf1d0
 FILL mask 0xff
                0x00000000                __vectors_start__ = ABSOLUTE (.)
 *(.isr_vector)
 .isr_vector    0x00000000       0xcc ./example/src/cr_startup_lpc175x_6x.o
                0x00000000                g_pfnVectors
                0x000000cc                . = ALIGN (0x4)
                0x000000cc                __section_table_start = .
                0x000000cc                __data_section_table = .
                0x000000cc        0x4 LONG 0xf1d0 LOADADDR (.data)
                0x000000d0        0x4 LONG 0x10000000 ADDR (.data)
                0x000000d4        0x4 LONG 0x8 SIZEOF (.data)
                0x000000d8        0x4 LONG 0xf1d0 LOADADDR (.data_RAM2)
                0x000000dc        0x4 LONG 0x2007c000 ADDR (.data_RAM2)
                0x000000e0        0x4 LONG 0x0 SIZEOF (.data_RAM2)
                0x000000e4                __data_section_table_end = .
                0x000000e4                __bss_section_table = .
                0x000000e4        0x4 LONG 0x10000008 ADDR (.bss)
                0x000000e8        0x4 LONG 0x464 SIZEOF (.bss)
                0x000000ec        0x4 LONG 0x2007c000 ADDR (.bss_RAM2)
                0x000000f0        0x4 LONG 0x0 SIZEOF (.bss_RAM2)
                0x000000f4                __bss_section_table_end = .
                0x000000f4                __section_table_end = .
 *(.after_vectors*)
 .after_vectors
                0x000000f4      0x144 ./example/src/cr_startup_lpc175x_6x.o
                0x000000f4                data_init
                0x00000138                bss_init
                0x00000170                ResetISR
                0x000001e8                NMI_Handler
                0x000001f0                HardFault_Handler
                0x000001f8                MemManage_Handler
                0x00000200                BusFault_Handler
                0x00000208                UsageFault_Handler
                0x00000210                SVC_Handler
                0x00000218                DebugMon_Handler
                0x00000220                PendSV_Handler
                0x00000230                UART1_IRQHandler
                0x00000230                EINT3_IRQHandler
                0x00000230                CANActivity_IRQHandler
                0x00000230                TIMER3_IRQHandler
                0x00000230                UART0_IRQHandler
                0x00000230                USBActivity_IRQHandler
                0x00000230                EINT2_IRQHandler
                0x00000230                IntDefaultHandler
                0x00000230                PLL0_IRQHandler
                0x00000230                CAN_IRQHandler
                0x00000230                I2C0_IRQHandler
                0x00000230                SSP0_IRQHandler
                0x00000230                I2C1_IRQHandler
                0x00000230                I2C2_IRQHandler
                0x00000230                RTC_IRQHandler
                0x00000230                TIMER0_IRQHandler
                0x00000230                SPI_IRQHandler
                0x00000230                RIT_IRQHandler
                0x00000230                EINT1_IRQHandler
                0x00000230                TIMER1_IRQHandler
                0x00000230                UART2_IRQHandler
                0x00000230                ADC_IRQHandler
                0x00000230                SSP1_IRQHandler
                0x00000230                USB_IRQHandler
                0x00000230                BOD_IRQHandler
                0x00000230                PWM1_IRQHandler
                0x00000230                WDT_IRQHandler
                0x00000230                I2S_IRQHandler
                0x00000230                QEI_IRQHandler
                0x00000230                EINT0_IRQHandler
                0x00000230                PLL1_IRQHandler
                0x00000230                DMA_IRQHandler
                0x00000230                TIMER2_IRQHandler
                0x00000230                UART3_IRQHandler
                0x00000230                MCPWM_IRQHandler
 *(.text*)
 .text.etharp_free_entry
                0x00000238       0x64 ./lwip/src/netif/etharp.o
 .text.etharp_tmr
                0x0000029c       0xdc ./lwip/src/netif/etharp.o
                0x0000029c                etharp_tmr
 .text.etharp_find_entry
                0x00000378      0x248 ./lwip/src/netif/etharp.o
 .text.etharp_send_ip
                0x000005c0       0x60 ./lwip/src/netif/etharp.o
 .text.etharp_update_arp_entry
                0x00000620      0x12c ./lwip/src/netif/etharp.o
 .text.etharp_arp_input
                0x0000074c      0x18c ./lwip/src/netif/etharp.o
 .text.etharp_output_to_arp_index
                0x000008d8       0xb8 ./lwip/src/netif/etharp.o
 .text.etharp_output
                0x00000990      0x1b8 ./lwip/src/netif/etharp.o
                0x00000990                etharp_output
 .text.etharp_query
                0x00000b48      0x24c ./lwip/src/netif/etharp.o
                0x00000b48                etharp_query
 .text.etharp_raw
                0x00000d94      0x11c ./lwip/src/netif/etharp.o
 .text.etharp_request
                0x00000eb0       0x44 ./lwip/src/netif/etharp.o
                0x00000eb0                etharp_request
 .text.ethernet_input
                0x00000ef4      0x100 ./lwip/src/netif/etharp.o
                0x00000ef4                ethernet_input
 .text.icmp_input
                0x00000ff4      0x210 ./lwip/src/core/ipv4/icmp.o
                0x00000ff4                icmp_input
 .text.icmp_dest_unreach
                0x00001204       0x20 ./lwip/src/core/ipv4/icmp.o
                0x00001204                icmp_dest_unreach
 .text.icmp_time_exceeded
                0x00001224       0x20 ./lwip/src/core/ipv4/icmp.o
                0x00001224                icmp_time_exceeded
 .text.icmp_send_response
                0x00001244       0xb8 ./lwip/src/core/ipv4/icmp.o
 .text.lwip_standard_chksum
                0x000012fc       0x9c ./lwip/src/core/ipv4/inet_chksum.o
 .text.inet_chksum_pseudo
                0x00001398      0x10c ./lwip/src/core/ipv4/inet_chksum.o
                0x00001398                inet_chksum_pseudo
 .text.inet_chksum_pseudo_partial
                0x000014a4      0x138 ./lwip/src/core/ipv4/inet_chksum.o
                0x000014a4                inet_chksum_pseudo_partial
 .text.inet_chksum
                0x000015dc       0x24 ./lwip/src/core/ipv4/inet_chksum.o
                0x000015dc                inet_chksum
 .text.inet_chksum_pbuf
                0x00001600       0x94 ./lwip/src/core/ipv4/inet_chksum.o
                0x00001600                inet_chksum_pbuf
 .text.lwip_chksum_copy
                0x00001694       0x30 ./lwip/src/core/ipv4/inet_chksum.o
                0x00001694                lwip_chksum_copy
 .text.ip_route
                0x000016c4       0x74 ./lwip/src/core/ipv4/ip.o
                0x000016c4                ip_route
 .text.ip_input
                0x00001738      0x210 ./lwip/src/core/ipv4/ip.o
                0x00001738                ip_input
 .text.ip_output_if
                0x00001948      0x1c0 ./lwip/src/core/ipv4/ip.o
                0x00001948                ip_output_if
 .text.ip_output
                0x00001b08       0x58 ./lwip/src/core/ipv4/ip.o
                0x00001b08                ip_output
 .text.ip4_addr_isbroadcast
                0x00001b60       0x78 ./lwip/src/core/ipv4/ip_addr.o
                0x00001b60                ip4_addr_isbroadcast
 .text.ipaddr_ntoa_r
                0x00001bd8      0x100 ./lwip/src/core/ipv4/ip_addr.o
                0x00001bd8                ipaddr_ntoa_r
 .text.ip_reass_tmr
                0x00001cd8       0x58 ./lwip/src/core/ipv4/ip_frag.o
                0x00001cd8                ip_reass_tmr
 .text.ip_reass_free_complete_datagram
                0x00001d30      0x10c ./lwip/src/core/ipv4/ip_frag.o
 .text.ip_reass_remove_oldest_datagram
                0x00001e3c       0xb8 ./lwip/src/core/ipv4/ip_frag.o
 .text.ip_reass_enqueue_new_datagram
                0x00001ef4       0x80 ./lwip/src/core/ipv4/ip_frag.o
 .text.ip_reass_dequeue_datagram
                0x00001f74       0x44 ./lwip/src/core/ipv4/ip_frag.o
 .text.ip_reass_chain_frag_into_datagram_and_validate
                0x00001fb8      0x250 ./lwip/src/core/ipv4/ip_frag.o
 .text.ip_reass
                0x00002208      0x244 ./lwip/src/core/ipv4/ip_frag.o
                0x00002208                ip_reass
 .text.ip_frag_alloc_pbuf_custom_ref
                0x0000244c       0x18 ./lwip/src/core/ipv4/ip_frag.o
 .text.ip_frag_free_pbuf_custom_ref
                0x00002464       0x20 ./lwip/src/core/ipv4/ip_frag.o
 .text.ipfrag_free_pbuf_custom
                0x00002484       0x44 ./lwip/src/core/ipv4/ip_frag.o
 .text.ip_frag  0x000024c8      0x208 ./lwip/src/core/ipv4/ip_frag.o
                0x000024c8                ip_frag
 .text.lwip_htons
                0x000026d0       0x28 ./lwip/src/core/def.o
                0x000026d0                lwip_htons
 .text.lwip_ntohs
                0x000026f8       0x1c ./lwip/src/core/def.o
                0x000026f8                lwip_ntohs
 .text.lwip_htonl
                0x00002714       0x30 ./lwip/src/core/def.o
                0x00002714                lwip_htonl
 .text.lwip_ntohl
                0x00002744       0x18 ./lwip/src/core/def.o
                0x00002744                lwip_ntohl
 .text.lwip_init
                0x0000275c       0x14 ./lwip/src/core/init.o
                0x0000275c                lwip_init
 .text.netif_init
                0x00002770        0xc ./lwip/src/core/netif.o
                0x00002770                netif_init
 .text.netif_add
                0x0000277c       0x8c ./lwip/src/core/netif.o
                0x0000277c                netif_add
 .text.netif_set_addr
                0x00002808       0x30 ./lwip/src/core/netif.o
                0x00002808                netif_set_addr
 .text.netif_set_ipaddr
                0x00002838       0xb0 ./lwip/src/core/netif.o
                0x00002838                netif_set_ipaddr
 .text.netif_set_gw
                0x000028e8       0x28 ./lwip/src/core/netif.o
                0x000028e8                netif_set_gw
 .text.netif_set_netmask
                0x00002910       0x28 ./lwip/src/core/netif.o
                0x00002910                netif_set_netmask
 .text.netif_set_default
                0x00002938       0x1c ./lwip/src/core/netif.o
                0x00002938                netif_set_default
 .text.netif_set_up
                0x00002954       0x58 ./lwip/src/core/netif.o
                0x00002954                netif_set_up
 .text.netif_set_link_up
                0x000029ac       0x58 ./lwip/src/core/netif.o
                0x000029ac                netif_set_link_up
 .text.netif_set_link_down
                0x00002a04       0x34 ./lwip/src/core/netif.o
                0x00002a04                netif_set_link_down
 .text.pbuf_free_ooseq
                0x00002a38       0x48 ./lwip/src/core/pbuf.o
                0x00002a38                pbuf_free_ooseq
 .text.pbuf_pool_is_empty
                0x00002a80       0x18 ./lwip/src/core/pbuf.o
 .text.pbuf_alloc
                0x00002a98      0x294 ./lwip/src/core/pbuf.o
                0x00002a98                pbuf_alloc
 .text.pbuf_alloced_custom
                0x00002d2c       0xb4 ./lwip/src/core/pbuf.o
                0x00002d2c                pbuf_alloced_custom
 .text.pbuf_realloc
                0x00002de0       0xe8 ./lwip/src/core/pbuf.o
                0x00002de0                pbuf_realloc
 .text.pbuf_header
                0x00002ec8       0xec ./lwip/src/core/pbuf.o
                0x00002ec8                pbuf_header
 .text.pbuf_free
                0x00002fb4       0xe4 ./lwip/src/core/pbuf.o
                0x00002fb4                pbuf_free
 .text.pbuf_clen
                0x00003098       0x2c ./lwip/src/core/pbuf.o
                0x00003098                pbuf_clen
 .text.pbuf_ref
                0x000030c4       0x24 ./lwip/src/core/pbuf.o
                0x000030c4                pbuf_ref
 .text.pbuf_cat
                0x000030e8       0x78 ./lwip/src/core/pbuf.o
                0x000030e8                pbuf_cat
 .text.pbuf_copy
                0x00003160      0x13c ./lwip/src/core/pbuf.o
                0x00003160                pbuf_copy
 .text.pbuf_copy_partial
                0x0000329c       0xd0 ./lwip/src/core/pbuf.o
                0x0000329c                pbuf_copy_partial
 .text.raw_input
                0x0000336c       0xdc ./lwip/src/core/raw.o
                0x0000336c                raw_input
 .text.tcp_init
                0x00003448        0xc ./lwip/src/core/tcp.o
                0x00003448                tcp_init
 .text.tcp_tmr  0x00003454       0x2c ./lwip/src/core/tcp.o
                0x00003454                tcp_tmr
 .text.tcp_close_shutdown
                0x00003480      0x258 ./lwip/src/core/tcp.o
 .text.tcp_close
                0x000036d8       0x30 ./lwip/src/core/tcp.o
                0x000036d8                tcp_close
 .text.tcp_abandon
                0x00003708       0xdc ./lwip/src/core/tcp.o
                0x00003708                tcp_abandon
 .text.tcp_abort
                0x000037e4       0x18 ./lwip/src/core/tcp.o
                0x000037e4                tcp_abort
 .text.tcp_bind
                0x000037fc       0xe4 ./lwip/src/core/tcp.o
                0x000037fc                tcp_bind
 .text.tcp_accept_null
                0x000038e0       0x1c ./lwip/src/core/tcp.o
 .text.tcp_listen_with_backlog
                0x000038fc      0x120 ./lwip/src/core/tcp.o
                0x000038fc                tcp_listen_with_backlog
 .text.tcp_update_rcv_ann_wnd
                0x00003a1c       0x8c ./lwip/src/core/tcp.o
                0x00003a1c                tcp_update_rcv_ann_wnd
 .text.tcp_recved
                0x00003aa8       0x80 ./lwip/src/core/tcp.o
                0x00003aa8                tcp_recved
 .text.tcp_new_port
                0x00003b28       0x88 ./lwip/src/core/tcp.o
 .text.tcp_slowtmr
                0x00003bb0      0x4c4 ./lwip/src/core/tcp.o
                0x00003bb0                tcp_slowtmr
 .text.tcp_fasttmr
                0x00004074       0xa4 ./lwip/src/core/tcp.o
                0x00004074                tcp_fasttmr
 .text.tcp_process_refused_data
                0x00004118       0xd0 ./lwip/src/core/tcp.o
                0x00004118                tcp_process_refused_data
 .text.tcp_segs_free
                0x000041e8       0x28 ./lwip/src/core/tcp.o
                0x000041e8                tcp_segs_free
 .text.tcp_seg_free
                0x00004210       0x30 ./lwip/src/core/tcp.o
                0x00004210                tcp_seg_free
 .text.tcp_setprio
                0x00004240       0x1c ./lwip/src/core/tcp.o
                0x00004240                tcp_setprio
 .text.tcp_seg_copy
                0x0000425c       0x40 ./lwip/src/core/tcp.o
                0x0000425c                tcp_seg_copy
 .text.tcp_recv_null
                0x0000429c       0x44 ./lwip/src/core/tcp.o
                0x0000429c                tcp_recv_null
 .text.tcp_kill_prio
                0x000042e0       0x80 ./lwip/src/core/tcp.o
 .text.tcp_kill_timewait
                0x00004360       0x60 ./lwip/src/core/tcp.o
 .text.tcp_alloc
                0x000043c0      0x128 ./lwip/src/core/tcp.o
                0x000043c0                tcp_alloc
 .text.tcp_new  0x000044e8       0x10 ./lwip/src/core/tcp.o
                0x000044e8                tcp_new
 .text.tcp_arg  0x000044f8       0x1c ./lwip/src/core/tcp.o
                0x000044f8                tcp_arg
 .text.tcp_recv
                0x00004514       0x28 ./lwip/src/core/tcp.o
                0x00004514                tcp_recv
 .text.tcp_sent
                0x0000453c       0x24 ./lwip/src/core/tcp.o
                0x0000453c                tcp_sent
 .text.tcp_err  0x00004560       0x28 ./lwip/src/core/tcp.o
                0x00004560                tcp_err
 .text.tcp_accept
                0x00004588       0x1c ./lwip/src/core/tcp.o
                0x00004588                tcp_accept
 .text.tcp_poll
                0x000045a4       0x34 ./lwip/src/core/tcp.o
                0x000045a4                tcp_poll
 .text.tcp_pcb_purge
                0x000045d8       0x84 ./lwip/src/core/tcp.o
                0x000045d8                tcp_pcb_purge
 .text.tcp_pcb_remove
                0x0000465c       0xd0 ./lwip/src/core/tcp.o
                0x0000465c                tcp_pcb_remove
 .text.tcp_next_iss
                0x0000472c       0x28 ./lwip/src/core/tcp.o
                0x0000472c                tcp_next_iss
 .text.tcp_eff_send_mss
                0x00004754       0x40 ./lwip/src/core/tcp.o
                0x00004754                tcp_eff_send_mss
 .text.tcp_input
                0x00004794      0x66c ./lwip/src/core/tcp_in.o
                0x00004794                tcp_input
 .text.tcp_listen_input
                0x00004e00      0x194 ./lwip/src/core/tcp_in.o
 .text.tcp_timewait_input
                0x00004f94       0xd4 ./lwip/src/core/tcp_in.o
 .text.tcp_process
                0x00005068      0x6f4 ./lwip/src/core/tcp_in.o
 .text.tcp_oos_insert_segment
                0x0000575c       0xec ./lwip/src/core/tcp_in.o
 .text.tcp_receive
                0x00005848      0xf7c ./lwip/src/core/tcp_in.o
 .text.tcp_parseopt
                0x000067c4      0x108 ./lwip/src/core/tcp_in.o
 .text.tcp_output_alloc_header
                0x000068cc       0xe4 ./lwip/src/core/tcp_out.o
 .text.tcp_send_fin
                0x000069b0       0x7c ./lwip/src/core/tcp_out.o
                0x000069b0                tcp_send_fin
 .text.tcp_create_segment
                0x00006a2c      0x128 ./lwip/src/core/tcp_out.o
 .text.tcp_pbuf_prealloc
                0x00006b54       0xb0 ./lwip/src/core/tcp_out.o
 .text.tcp_seg_add_chksum
                0x00006c04       0x68 ./lwip/src/core/tcp_out.o
 .text.tcp_write_checks
                0x00006c6c       0xc8 ./lwip/src/core/tcp_out.o
 .text.tcp_write
                0x00006d34      0x5f8 ./lwip/src/core/tcp_out.o
                0x00006d34                tcp_write
 .text.tcp_enqueue_flags
                0x0000732c      0x1d8 ./lwip/src/core/tcp_out.o
                0x0000732c                tcp_enqueue_flags
 .text.tcp_send_empty_ack
                0x00007504       0x94 ./lwip/src/core/tcp_out.o
                0x00007504                tcp_send_empty_ack
 .text.tcp_output
                0x00007598      0x2c4 ./lwip/src/core/tcp_out.o
                0x00007598                tcp_output
 .text.tcp_output_segment
                0x0000785c      0x214 ./lwip/src/core/tcp_out.o
 .text.tcp_rst  0x00007a70       0xe0 ./lwip/src/core/tcp_out.o
                0x00007a70                tcp_rst
 .text.tcp_rexmit_rto
                0x00007b50       0x64 ./lwip/src/core/tcp_out.o
                0x00007b50                tcp_rexmit_rto
 .text.tcp_rexmit
                0x00007bb4       0x98 ./lwip/src/core/tcp_out.o
                0x00007bb4                tcp_rexmit
 .text.tcp_rexmit_fast
                0x00007c4c       0xa8 ./lwip/src/core/tcp_out.o
                0x00007c4c                tcp_rexmit_fast
 .text.tcp_keepalive
                0x00007cf4       0x74 ./lwip/src/core/tcp_out.o
                0x00007cf4                tcp_keepalive
 .text.tcp_zero_window_probe
                0x00007d68      0x10c ./lwip/src/core/tcp_out.o
                0x00007d68                tcp_zero_window_probe
 .text.tcpip_tcp_timer
                0x00007e74       0x48 ./lwip/src/core/timers.o
 .text.tcp_timer_needed
                0x00007ebc       0x40 ./lwip/src/core/timers.o
                0x00007ebc                tcp_timer_needed
 .text.ip_reass_timer
                0x00007efc       0x24 ./lwip/src/core/timers.o
 .text.arp_timer
                0x00007f20       0x24 ./lwip/src/core/timers.o
 .text.sys_timeouts_init
                0x00007f44       0x38 ./lwip/src/core/timers.o
                0x00007f44                sys_timeouts_init
 .text.sys_timeout
                0x00007f7c       0xf4 ./lwip/src/core/timers.o
                0x00007f7c                sys_timeout
 .text.sys_check_timeouts
                0x00008070       0x9c ./lwip/src/core/timers.o
                0x00008070                sys_check_timeouts
 .text.NVIC_DisableIRQ
                0x0000810c       0x34 ./lwip/src/arch/lpc17xx_40xx_emac.o
 .text.Chip_ENET_SetADDR
                0x00008140       0x50 ./lwip/src/arch/lpc17xx_40xx_emac.o
 .text.Chip_ENET_TXEnable
                0x00008190       0x24 ./lwip/src/arch/lpc17xx_40xx_emac.o
 .text.Chip_ENET_RXEnable
                0x000081b4       0x30 ./lwip/src/arch/lpc17xx_40xx_emac.o
 .text.Chip_ENET_RXDisable
                0x000081e4       0x30 ./lwip/src/arch/lpc17xx_40xx_emac.o
 .text.Chip_ENET_ResetRXLogic
                0x00008214       0x20 ./lwip/src/arch/lpc17xx_40xx_emac.o
 .text.Chip_ENET_EnableRXFilter
                0x00008234       0x34 ./lwip/src/arch/lpc17xx_40xx_emac.o
 .text.Chip_ENET_GetTXProduceIndex
                0x00008268       0x1c ./lwip/src/arch/lpc17xx_40xx_emac.o
 .text.Chip_ENET_GetTXConsumeIndex
                0x00008284       0x1c ./lwip/src/arch/lpc17xx_40xx_emac.o
 .text.Chip_ENET_GetRXConsumeIndex
                0x000082a0       0x1c ./lwip/src/arch/lpc17xx_40xx_emac.o
 .text.Chip_ENET_GetFreeDescNum
                0x000082bc       0x38 ./lwip/src/arch/lpc17xx_40xx_emac.o
 .text.Chip_ENET_IsRxEmpty
                0x000082f4       0x2c ./lwip/src/arch/lpc17xx_40xx_emac.o
 .text.Chip_ENET_EnableInt
                0x00008320       0x24 ./lwip/src/arch/lpc17xx_40xx_emac.o
 .text.Chip_ENET_GetIntStatus
                0x00008344       0x18 ./lwip/src/arch/lpc17xx_40xx_emac.o
 .text.Chip_ENET_ClearIntStatus
                0x0000835c       0x1c ./lwip/src/arch/lpc17xx_40xx_emac.o
 .text.lpc_rxqueue_pbuf
                0x00008378       0x94 ./lwip/src/arch/lpc17xx_40xx_emac.o
 .text.lpc_rx_setup
                0x0000840c       0x40 ./lwip/src/arch/lpc17xx_40xx_emac.o
 .text.lpc_low_level_input
                0x0000844c      0x178 ./lwip/src/arch/lpc17xx_40xx_emac.o
 .text.lpc_packet_addr_notsafe
                0x000085c4       0x58 ./lwip/src/arch/lpc17xx_40xx_emac.o
 .text.lpc_tx_setup
                0x0000861c       0x60 ./lwip/src/arch/lpc17xx_40xx_emac.o
 .text.lpc_tx_reclaim_st
                0x0000867c       0x7c ./lwip/src/arch/lpc17xx_40xx_emac.o
 .text.lpc_low_level_output
                0x000086f8      0x180 ./lwip/src/arch/lpc17xx_40xx_emac.o
 .text.low_level_init
                0x00008878       0xb0 ./lwip/src/arch/lpc17xx_40xx_emac.o
 .text.lpc_etharp_output
                0x00008928       0x34 ./lwip/src/arch/lpc17xx_40xx_emac.o
 .text.lpc_rx_queue
                0x0000895c       0x60 ./lwip/src/arch/lpc17xx_40xx_emac.o
                0x0000895c                lpc_rx_queue
 .text.lpc_enetif_input
                0x000089bc       0x68 ./lwip/src/arch/lpc17xx_40xx_emac.o
                0x000089bc                lpc_enetif_input
 .text.lpc_tx_reclaim
                0x00008a24       0x28 ./lwip/src/arch/lpc17xx_40xx_emac.o
                0x00008a24                lpc_tx_reclaim
 .text.lpc_tx_ready
                0x00008a4c       0x3c ./lwip/src/arch/lpc17xx_40xx_emac.o
                0x00008a4c                lpc_tx_ready
 .text.ETH_IRQHandler
                0x00008a88       0x10 ./lwip/src/arch/lpc17xx_40xx_emac.o
                0x00008a88                ETH_IRQHandler
 .text.lpc_enetif_init
                0x00008a98       0x94 ./lwip/src/arch/lpc17xx_40xx_emac.o
                0x00008a98                lpc_enetif_init
 .text.NVIC_SetPriority
                0x00008b2c       0x54 ./lwip/src/arch/lpc17xx_40xx_systick_arch.o
 .text.SysTick_Config
                0x00008b80       0x44 ./lwip/src/arch/lpc17xx_40xx_systick_arch.o
 .text.SysTick_Enable
                0x00008bc4       0x3c ./lwip/src/arch/lpc17xx_40xx_systick_arch.o
                0x00008bc4                SysTick_Enable
 .text.SysTick_Handler
                0x00008c00       0x24 ./lwip/src/arch/lpc17xx_40xx_systick_arch.o
                0x00008c00                SysTick_Handler
 .text.SysTick_GetMS
                0x00008c24       0x14 ./lwip/src/arch/lpc17xx_40xx_systick_arch.o
                0x00008c24                SysTick_GetMS
 .text.msDelay  0x00008c38       0x2c ./lwip/src/arch/lpc17xx_40xx_systick_arch.o
                0x00008c38                msDelay
 .text.sys_now  0x00008c64       0x10 ./lwip/src/arch/lpc17xx_40xx_systick_arch.o
                0x00008c64                sys_now
 .text.assert_loop
                0x00008c74        0x8 ./lwip/src/arch/lpc_debug.o
                0x00008c74                assert_loop
 .text.strnstr  0x00008c7c       0x70 ./example/src/httpd.o
 .text.http_state_alloc
                0x00008cec       0x30 ./example/src/httpd.o
 .text.http_state_free
                0x00008d1c       0x4c ./example/src/httpd.o
 .text.http_write
                0x00008d68       0x7c ./example/src/httpd.o
 .text.http_close_conn
                0x00008de4       0x6c ./example/src/httpd.o
 .text.extract_uri_parameters
                0x00008e50       0xbc ./example/src/httpd.o
 .text.get_http_headers
                0x00008f0c      0x180 ./example/src/httpd.o
 .text.http_send_data
                0x0000908c      0x2bc ./example/src/httpd.o
 .text.http_get_404_file
                0x00009348       0x6c ./example/src/httpd.o
 .text.http_parse_request
                0x000093b4      0x11c ./example/src/httpd.o
 .text.http_find_file
                0x000094d0       0xd0 ./example/src/httpd.o
 .text.http_init_file
                0x000095a0       0xd0 ./example/src/httpd.o
 .text.http_err
                0x00009670       0x24 ./example/src/httpd.o
 .text.http_sent
                0x00009694       0x34 ./example/src/httpd.o
 .text.http_poll
                0x000096c8       0x70 ./example/src/httpd.o
 .text.http_recv
                0x00009738       0xdc ./example/src/httpd.o
 .text.http_accept
                0x00009814       0x7c ./example/src/httpd.o
 .text.httpd_init_addr
                0x00009890       0x6c ./example/src/httpd.o
 .text.httpd_init
                0x000098fc       0x14 ./example/src/httpd.o
                0x000098fc                httpd_init
 .text.get_http_headers
                0x00009910      0x134 ./example/src/lwip_fs.o
 .text.fs_open_default
                0x00009a44       0x8c ./example/src/lwip_fs.o
                0x00009a44                fs_open_default
 .text.fs_open  0x00009ad0       0x14 ./example/src/lwip_fs.o
                0x00009ad0                fs_open
 .text.fs_close
                0x00009ae4       0x24 ./example/src/lwip_fs.o
                0x00009ae4                fs_close
 .text.fs_bytes_left
                0x00009b08       0x14 ./example/src/lwip_fs.o
                0x00009b08                fs_bytes_left
 .text.fs_read  0x00009b1c       0x18 ./example/src/lwip_fs.o
                0x00009b1c                fs_read
 .text.SystemInit
                0x00009b34       0x24 ./example/src/sysinit.o
                0x00009b34                SystemInit
 .text.Chip_ENET_Set100Mbps
                0x00009b58       0x1c ./example/src/webserver.o
 .text.Chip_ENET_Set10Mbps
                0x00009b74       0x18 ./example/src/webserver.o
 .text.prvSetupHardware
                0x00009b8c       0x28 ./example/src/webserver.o
 .text.neg      0x00009bb4       0x18 ./example/src/webserver.o
                0x00009bb4                neg
 .text.InitPWM  0x00009bcc       0xc8 ./example/src/webserver.o
                0x00009bcc                InitPWM
 .text.multDiv  0x00009c94       0x6c ./example/src/webserver.o
                0x00009c94                multDiv
 .text.to32     0x00009d00       0x2c ./example/src/webserver.o
                0x00009d00                to32
 .text.button   0x00009d2c       0x34 ./example/src/webserver.o
                0x00009d2c                button
 .text.ToInt    0x00009d60      0x154 ./example/src/webserver.o
                0x00009d60                ToInt
 .text.main     0x00009eb4      0x63c ./example/src/webserver.o
                0x00009eb4                main
 .text.Chip_IOCON_Init
                0x0000a4f0       0x18 C:\Users\Joey\Documents\LPCXpresso_8.2.2_650\MATE_Workspace\wstest\lpc_board_nxp_lpcxpresso_1769\Debug\liblpc_board_nxp_lpcxpresso_1769.a(board.o)
 .text.Chip_GPIO_Init
                0x0000a508       0x18 C:\Users\Joey\Documents\LPCXpresso_8.2.2_650\MATE_Workspace\wstest\lpc_board_nxp_lpcxpresso_1769\Debug\liblpc_board_nxp_lpcxpresso_1769.a(board.o)
 .text.Chip_GPIO_SetPinState
                0x0000a520       0x68 C:\Users\Joey\Documents\LPCXpresso_8.2.2_650\MATE_Workspace\wstest\lpc_board_nxp_lpcxpresso_1769\Debug\liblpc_board_nxp_lpcxpresso_1769.a(board.o)
 .text.Chip_GPIO_GetPinState
                0x0000a588       0x38 C:\Users\Joey\Documents\LPCXpresso_8.2.2_650\MATE_Workspace\wstest\lpc_board_nxp_lpcxpresso_1769\Debug\liblpc_board_nxp_lpcxpresso_1769.a(board.o)
 .text.Chip_GPIO_SetPinDIROutput
                0x0000a5c0       0x38 C:\Users\Joey\Documents\LPCXpresso_8.2.2_650\MATE_Workspace\wstest\lpc_board_nxp_lpcxpresso_1769\Debug\liblpc_board_nxp_lpcxpresso_1769.a(board.o)
 .text.Chip_GPIO_SetPinToggle
                0x0000a5f8       0x4c C:\Users\Joey\Documents\LPCXpresso_8.2.2_650\MATE_Workspace\wstest\lpc_board_nxp_lpcxpresso_1769\Debug\liblpc_board_nxp_lpcxpresso_1769.a(board.o)
 .text.Chip_UART_SendByte
                0x0000a644       0x1c C:\Users\Joey\Documents\LPCXpresso_8.2.2_650\MATE_Workspace\wstest\lpc_board_nxp_lpcxpresso_1769\Debug\liblpc_board_nxp_lpcxpresso_1769.a(board.o)
 .text.Chip_UART_ConfigData
                0x0000a660       0x1c C:\Users\Joey\Documents\LPCXpresso_8.2.2_650\MATE_Workspace\wstest\lpc_board_nxp_lpcxpresso_1769\Debug\liblpc_board_nxp_lpcxpresso_1769.a(board.o)
 .text.Chip_UART_ReadLineStatus
                0x0000a67c       0x18 C:\Users\Joey\Documents\LPCXpresso_8.2.2_650\MATE_Workspace\wstest\lpc_board_nxp_lpcxpresso_1769\Debug\liblpc_board_nxp_lpcxpresso_1769.a(board.o)
 .text.__sys_write
                0x0000a694       0x38 C:\Users\Joey\Documents\LPCXpresso_8.2.2_650\MATE_Workspace\wstest\lpc_board_nxp_lpcxpresso_1769\Debug\liblpc_board_nxp_lpcxpresso_1769.a(board.o)
                0x0000a694                __sys_write
 .text.Board_LED_Init
                0x0000a6cc       0x5c C:\Users\Joey\Documents\LPCXpresso_8.2.2_650\MATE_Workspace\wstest\lpc_board_nxp_lpcxpresso_1769\Debug\liblpc_board_nxp_lpcxpresso_1769.a(board.o)
                0x0000a6cc                Board_LED_Init
 .text.Board_UART_Init
                0x0000a728       0x14 C:\Users\Joey\Documents\LPCXpresso_8.2.2_650\MATE_Workspace\wstest\lpc_board_nxp_lpcxpresso_1769\Debug\liblpc_board_nxp_lpcxpresso_1769.a(board.o)
                0x0000a728                Board_UART_Init
 .text.Board_Debug_Init
                0x0000a73c       0x30 C:\Users\Joey\Documents\LPCXpresso_8.2.2_650\MATE_Workspace\wstest\lpc_board_nxp_lpcxpresso_1769\Debug\liblpc_board_nxp_lpcxpresso_1769.a(board.o)
                0x0000a73c                Board_Debug_Init
 .text.Board_UARTPutChar
                0x0000a76c       0x34 C:\Users\Joey\Documents\LPCXpresso_8.2.2_650\MATE_Workspace\wstest\lpc_board_nxp_lpcxpresso_1769\Debug\liblpc_board_nxp_lpcxpresso_1769.a(board.o)
                0x0000a76c                Board_UARTPutChar
 .text.Board_UARTPutSTR
                0x0000a7a0       0x28 C:\Users\Joey\Documents\LPCXpresso_8.2.2_650\MATE_Workspace\wstest\lpc_board_nxp_lpcxpresso_1769\Debug\liblpc_board_nxp_lpcxpresso_1769.a(board.o)
                0x0000a7a0                Board_UARTPutSTR
 .text.Board_LED_Set
                0x0000a7c8       0x44 C:\Users\Joey\Documents\LPCXpresso_8.2.2_650\MATE_Workspace\wstest\lpc_board_nxp_lpcxpresso_1769\Debug\liblpc_board_nxp_lpcxpresso_1769.a(board.o)
                0x0000a7c8                Board_LED_Set
 .text.Board_LED_Test
                0x0000a80c       0x48 C:\Users\Joey\Documents\LPCXpresso_8.2.2_650\MATE_Workspace\wstest\lpc_board_nxp_lpcxpresso_1769\Debug\liblpc_board_nxp_lpcxpresso_1769.a(board.o)
                0x0000a80c                Board_LED_Test
 .text.Board_LED_Toggle
                0x0000a854       0x38 C:\Users\Joey\Documents\LPCXpresso_8.2.2_650\MATE_Workspace\wstest\lpc_board_nxp_lpcxpresso_1769\Debug\liblpc_board_nxp_lpcxpresso_1769.a(board.o)
                0x0000a854                Board_LED_Toggle
 .text.Board_Init
                0x0000a88c       0x24 C:\Users\Joey\Documents\LPCXpresso_8.2.2_650\MATE_Workspace\wstest\lpc_board_nxp_lpcxpresso_1769\Debug\liblpc_board_nxp_lpcxpresso_1769.a(board.o)
                0x0000a88c                Board_Init
 .text.Board_ENET_GetMacADDR
                0x0000a8b0       0x30 C:\Users\Joey\Documents\LPCXpresso_8.2.2_650\MATE_Workspace\wstest\lpc_board_nxp_lpcxpresso_1769\Debug\liblpc_board_nxp_lpcxpresso_1769.a(board.o)
                0x0000a8b0                Board_ENET_GetMacADDR
 .text.Chip_SYSCTL_SetFLASHAccess
                0x0000a8e0       0x30 C:\Users\Joey\Documents\LPCXpresso_8.2.2_650\MATE_Workspace\wstest\lpc_board_nxp_lpcxpresso_1769\Debug\liblpc_board_nxp_lpcxpresso_1769.a(board_sysinit.o)
 .text.Board_SetupMuxing
                0x0000a910       0x1c C:\Users\Joey\Documents\LPCXpresso_8.2.2_650\MATE_Workspace\wstest\lpc_board_nxp_lpcxpresso_1769\Debug\liblpc_board_nxp_lpcxpresso_1769.a(board_sysinit.o)
                0x0000a910                Board_SetupMuxing
 .text.Board_SetupClocking
                0x0000a92c       0x14 C:\Users\Joey\Documents\LPCXpresso_8.2.2_650\MATE_Workspace\wstest\lpc_board_nxp_lpcxpresso_1769\Debug\liblpc_board_nxp_lpcxpresso_1769.a(board_sysinit.o)
                0x0000a92c                Board_SetupClocking
 .text.Board_SystemInit
                0x0000a940       0x10 C:\Users\Joey\Documents\LPCXpresso_8.2.2_650\MATE_Workspace\wstest\lpc_board_nxp_lpcxpresso_1769\Debug\liblpc_board_nxp_lpcxpresso_1769.a(board_sysinit.o)
                0x0000a940                Board_SystemInit
 .text.Chip_ENET_IsMIIBusy
                0x0000a950       0x24 C:\Users\Joey\Documents\LPCXpresso_8.2.2_650\MATE_Workspace\wstest\lpc_board_nxp_lpcxpresso_1769\Debug\liblpc_board_nxp_lpcxpresso_1769.a(lpc_phy_smsc87x0.o)
 .text.lpc_mii_write
                0x0000a974       0x64 C:\Users\Joey\Documents\LPCXpresso_8.2.2_650\MATE_Workspace\wstest\lpc_board_nxp_lpcxpresso_1769\Debug\liblpc_board_nxp_lpcxpresso_1769.a(lpc_phy_smsc87x0.o)
 .text.lpc_mii_read
                0x0000a9d8       0x74 C:\Users\Joey\Documents\LPCXpresso_8.2.2_650\MATE_Workspace\wstest\lpc_board_nxp_lpcxpresso_1769\Debug\liblpc_board_nxp_lpcxpresso_1769.a(lpc_phy_smsc87x0.o)
 .text.smsc_update_phy_sts
                0x0000aa4c       0xe8 C:\Users\Joey\Documents\LPCXpresso_8.2.2_650\MATE_Workspace\wstest\lpc_board_nxp_lpcxpresso_1769\Debug\liblpc_board_nxp_lpcxpresso_1769.a(lpc_phy_smsc87x0.o)
 .text.lpc_phy_init
                0x0000ab34       0xac C:\Users\Joey\Documents\LPCXpresso_8.2.2_650\MATE_Workspace\wstest\lpc_board_nxp_lpcxpresso_1769\Debug\liblpc_board_nxp_lpcxpresso_1769.a(lpc_phy_smsc87x0.o)
                0x0000ab34                lpc_phy_init
 .text.lpcPHYStsPoll
                0x0000abe0       0xc8 C:\Users\Joey\Documents\LPCXpresso_8.2.2_650\MATE_Workspace\wstest\lpc_board_nxp_lpcxpresso_1769\Debug\liblpc_board_nxp_lpcxpresso_1769.a(lpc_phy_smsc87x0.o)
                0x0000abe0                lpcPHYStsPoll
 .text.SystemCoreClockUpdate
                0x0000aca8       0x18 C:\Users\Joey\Documents\LPCXpresso_8.2.2_650\MATE_Workspace\wstest\lpc_chip_175x_6x\Debug\liblpc_chip_175x_6x.a(chip_17xx_40xx.o)
                0x0000aca8                SystemCoreClockUpdate
 .text.Chip_Clock_IsMainPLLEnabled
                0x0000acc0       0x24 C:\Users\Joey\Documents\LPCXpresso_8.2.2_650\MATE_Workspace\wstest\lpc_chip_175x_6x\Debug\liblpc_chip_175x_6x.a(clock_17xx_40xx.o)
 .text.Chip_Clock_IsMainPLLConnected
                0x0000ace4       0x24 C:\Users\Joey\Documents\LPCXpresso_8.2.2_650\MATE_Workspace\wstest\lpc_chip_175x_6x\Debug\liblpc_chip_175x_6x.a(clock_17xx_40xx.o)
 .text.Chip_Clock_FeedPLL
                0x0000ad08       0x34 C:\Users\Joey\Documents\LPCXpresso_8.2.2_650\MATE_Workspace\wstest\lpc_chip_175x_6x\Debug\liblpc_chip_175x_6x.a(clock_17xx_40xx.o)
 .text.Chip_Clock_GetMainPLLSource
                0x0000ad3c       0x20 C:\Users\Joey\Documents\LPCXpresso_8.2.2_650\MATE_Workspace\wstest\lpc_chip_175x_6x\Debug\liblpc_chip_175x_6x.a(clock_17xx_40xx.o)
 .text.Chip_Clock_GetMainOscRate
                0x0000ad5c       0x14 C:\Users\Joey\Documents\LPCXpresso_8.2.2_650\MATE_Workspace\wstest\lpc_chip_175x_6x\Debug\liblpc_chip_175x_6x.a(clock_17xx_40xx.o)
 .text.Chip_Clock_GetIntOscRate
                0x0000ad70       0x14 C:\Users\Joey\Documents\LPCXpresso_8.2.2_650\MATE_Workspace\wstest\lpc_chip_175x_6x\Debug\liblpc_chip_175x_6x.a(clock_17xx_40xx.o)
 .text.Chip_Clock_GetRTCOscRate
                0x0000ad84       0x14 C:\Users\Joey\Documents\LPCXpresso_8.2.2_650\MATE_Workspace\wstest\lpc_chip_175x_6x\Debug\liblpc_chip_175x_6x.a(clock_17xx_40xx.o)
 .text.Chip_Clock_GetMainPLLInClockRate
                0x0000ad98       0x10 C:\Users\Joey\Documents\LPCXpresso_8.2.2_650\MATE_Workspace\wstest\lpc_chip_175x_6x\Debug\liblpc_chip_175x_6x.a(clock_17xx_40xx.o)
 .text.Chip_Clock_EnablePLL
                0x0000ada8       0x44 C:\Users\Joey\Documents\LPCXpresso_8.2.2_650\MATE_Workspace\wstest\lpc_chip_175x_6x\Debug\liblpc_chip_175x_6x.a(clock_17xx_40xx.o)
                0x0000ada8                Chip_Clock_EnablePLL
 .text.Chip_Clock_DisablePLL
                0x0000adec       0x48 C:\Users\Joey\Documents\LPCXpresso_8.2.2_650\MATE_Workspace\wstest\lpc_chip_175x_6x\Debug\liblpc_chip_175x_6x.a(clock_17xx_40xx.o)
                0x0000adec                Chip_Clock_DisablePLL
 .text.Chip_Clock_SetupPLL
                0x0000ae34       0x5c C:\Users\Joey\Documents\LPCXpresso_8.2.2_650\MATE_Workspace\wstest\lpc_chip_175x_6x\Debug\liblpc_chip_175x_6x.a(clock_17xx_40xx.o)
                0x0000ae34                Chip_Clock_SetupPLL
 .text.Chip_Clock_EnablePeriphClock
                0x0000ae90       0x34 C:\Users\Joey\Documents\LPCXpresso_8.2.2_650\MATE_Workspace\wstest\lpc_chip_175x_6x\Debug\liblpc_chip_175x_6x.a(clock_17xx_40xx.o)
                0x0000ae90                Chip_Clock_EnablePeriphClock
 .text.Chip_Clock_GetCPUClockSource
                0x0000aec4       0x24 C:\Users\Joey\Documents\LPCXpresso_8.2.2_650\MATE_Workspace\wstest\lpc_chip_175x_6x\Debug\liblpc_chip_175x_6x.a(clock_17xx_40xx.o)
                0x0000aec4                Chip_Clock_GetCPUClockSource
 .text.Chip_Clock_SetCPUClockDiv
                0x0000aee8       0x20 C:\Users\Joey\Documents\LPCXpresso_8.2.2_650\MATE_Workspace\wstest\lpc_chip_175x_6x\Debug\liblpc_chip_175x_6x.a(clock_17xx_40xx.o)
                0x0000aee8                Chip_Clock_SetCPUClockDiv
 .text.Chip_Clock_GetCPUClockDiv
                0x0000af08       0x1c C:\Users\Joey\Documents\LPCXpresso_8.2.2_650\MATE_Workspace\wstest\lpc_chip_175x_6x\Debug\liblpc_chip_175x_6x.a(clock_17xx_40xx.o)
                0x0000af08                Chip_Clock_GetCPUClockDiv
 .text.Chip_Clock_GetPCLKDiv
                0x0000af24       0x8c C:\Users\Joey\Documents\LPCXpresso_8.2.2_650\MATE_Workspace\wstest\lpc_chip_175x_6x\Debug\liblpc_chip_175x_6x.a(clock_17xx_40xx.o)
                0x0000af24                Chip_Clock_GetPCLKDiv
 .text.Chip_Clock_GetSYSCLKRate
                0x0000afb0       0x34 C:\Users\Joey\Documents\LPCXpresso_8.2.2_650\MATE_Workspace\wstest\lpc_chip_175x_6x\Debug\liblpc_chip_175x_6x.a(clock_17xx_40xx.o)
                0x0000afb0                Chip_Clock_GetSYSCLKRate
 .text.Chip_Clock_GetMainPLLOutClockRate
                0x0000afe4       0x54 C:\Users\Joey\Documents\LPCXpresso_8.2.2_650\MATE_Workspace\wstest\lpc_chip_175x_6x\Debug\liblpc_chip_175x_6x.a(clock_17xx_40xx.o)
                0x0000afe4                Chip_Clock_GetMainPLLOutClockRate
 .text.Chip_Clock_GetMainClockRate
                0x0000b038       0x28 C:\Users\Joey\Documents\LPCXpresso_8.2.2_650\MATE_Workspace\wstest\lpc_chip_175x_6x\Debug\liblpc_chip_175x_6x.a(clock_17xx_40xx.o)
                0x0000b038                Chip_Clock_GetMainClockRate
 .text.Chip_Clock_GetSystemClockRate
                0x0000b060       0x18 C:\Users\Joey\Documents\LPCXpresso_8.2.2_650\MATE_Workspace\wstest\lpc_chip_175x_6x\Debug\liblpc_chip_175x_6x.a(clock_17xx_40xx.o)
                0x0000b060                Chip_Clock_GetSystemClockRate
 .text.Chip_Clock_GetPeripheralClockRate
                0x0000b078       0x28 C:\Users\Joey\Documents\LPCXpresso_8.2.2_650\MATE_Workspace\wstest\lpc_chip_175x_6x\Debug\liblpc_chip_175x_6x.a(clock_17xx_40xx.o)
                0x0000b078                Chip_Clock_GetPeripheralClockRate
 .text.Chip_Clock_GetENETClockRate
                0x0000b0a0       0x10 C:\Users\Joey\Documents\LPCXpresso_8.2.2_650\MATE_Workspace\wstest\lpc_chip_175x_6x\Debug\liblpc_chip_175x_6x.a(enet_17xx_40xx.o)
 .text.Chip_ENET_Reset
                0x0000b0b0       0x24 C:\Users\Joey\Documents\LPCXpresso_8.2.2_650\MATE_Workspace\wstest\lpc_chip_175x_6x\Debug\liblpc_chip_175x_6x.a(enet_17xx_40xx.o)
 .text.resetENET
                0x0000b0d4       0x28 C:\Users\Joey\Documents\LPCXpresso_8.2.2_650\MATE_Workspace\wstest\lpc_chip_175x_6x\Debug\liblpc_chip_175x_6x.a(enet_17xx_40xx.o)
 .text.Chip_ENET_Init
                0x0000b0fc       0x90 C:\Users\Joey\Documents\LPCXpresso_8.2.2_650\MATE_Workspace\wstest\lpc_chip_175x_6x\Debug\liblpc_chip_175x_6x.a(enet_17xx_40xx.o)
                0x0000b0fc                Chip_ENET_Init
 .text.Chip_ENET_SetupMII
                0x0000b18c       0x44 C:\Users\Joey\Documents\LPCXpresso_8.2.2_650\MATE_Workspace\wstest\lpc_chip_175x_6x\Debug\liblpc_chip_175x_6x.a(enet_17xx_40xx.o)
                0x0000b18c                Chip_ENET_SetupMII
 .text.Chip_ENET_FindMIIDiv
                0x0000b1d0       0x50 C:\Users\Joey\Documents\LPCXpresso_8.2.2_650\MATE_Workspace\wstest\lpc_chip_175x_6x\Debug\liblpc_chip_175x_6x.a(enet_17xx_40xx.o)
                0x0000b1d0                Chip_ENET_FindMIIDiv
 .text.Chip_ENET_StartMIIWrite
                0x0000b220       0x3c C:\Users\Joey\Documents\LPCXpresso_8.2.2_650\MATE_Workspace\wstest\lpc_chip_175x_6x\Debug\liblpc_chip_175x_6x.a(enet_17xx_40xx.o)
                0x0000b220                Chip_ENET_StartMIIWrite
 .text.Chip_ENET_StartMIIRead
                0x0000b25c       0x30 C:\Users\Joey\Documents\LPCXpresso_8.2.2_650\MATE_Workspace\wstest\lpc_chip_175x_6x\Debug\liblpc_chip_175x_6x.a(enet_17xx_40xx.o)
                0x0000b25c                Chip_ENET_StartMIIRead
 .text.Chip_ENET_ReadMIIData
                0x0000b28c       0x20 C:\Users\Joey\Documents\LPCXpresso_8.2.2_650\MATE_Workspace\wstest\lpc_chip_175x_6x\Debug\liblpc_chip_175x_6x.a(enet_17xx_40xx.o)
                0x0000b28c                Chip_ENET_ReadMIIData
 .text.Chip_ENET_SetFullDuplex
                0x0000b2ac       0x34 C:\Users\Joey\Documents\LPCXpresso_8.2.2_650\MATE_Workspace\wstest\lpc_chip_175x_6x\Debug\liblpc_chip_175x_6x.a(enet_17xx_40xx.o)
                0x0000b2ac                Chip_ENET_SetFullDuplex
 .text.Chip_ENET_SetHalfDuplex
                0x0000b2e0       0x34 C:\Users\Joey\Documents\LPCXpresso_8.2.2_650\MATE_Workspace\wstest\lpc_chip_175x_6x\Debug\liblpc_chip_175x_6x.a(enet_17xx_40xx.o)
                0x0000b2e0                Chip_ENET_SetHalfDuplex
 .text.Chip_ENET_InitTxDescriptors
                0x0000b314       0x3c C:\Users\Joey\Documents\LPCXpresso_8.2.2_650\MATE_Workspace\wstest\lpc_chip_175x_6x\Debug\liblpc_chip_175x_6x.a(enet_17xx_40xx.o)
                0x0000b314                Chip_ENET_InitTxDescriptors
 .text.Chip_ENET_InitRxDescriptors
                0x0000b350       0x3c C:\Users\Joey\Documents\LPCXpresso_8.2.2_650\MATE_Workspace\wstest\lpc_chip_175x_6x\Debug\liblpc_chip_175x_6x.a(enet_17xx_40xx.o)
                0x0000b350                Chip_ENET_InitRxDescriptors
 .text.Chip_ENET_GetFillDescNum
                0x0000b38c       0x4c C:\Users\Joey\Documents\LPCXpresso_8.2.2_650\MATE_Workspace\wstest\lpc_chip_175x_6x\Debug\liblpc_chip_175x_6x.a(enet_17xx_40xx.o)
                0x0000b38c                Chip_ENET_GetFillDescNum
 .text.Chip_ENET_IncTXProduceIndex
                0x0000b3d8       0x3c C:\Users\Joey\Documents\LPCXpresso_8.2.2_650\MATE_Workspace\wstest\lpc_chip_175x_6x\Debug\liblpc_chip_175x_6x.a(enet_17xx_40xx.o)
                0x0000b3d8                Chip_ENET_IncTXProduceIndex
 .text.Chip_ENET_IncRXConsumeIndex
                0x0000b414       0x3c C:\Users\Joey\Documents\LPCXpresso_8.2.2_650\MATE_Workspace\wstest\lpc_chip_175x_6x\Debug\liblpc_chip_175x_6x.a(enet_17xx_40xx.o)
                0x0000b414                Chip_ENET_IncRXConsumeIndex
 .text.Chip_IOCON_PinMuxSet
                0x0000b450       0x38 C:\Users\Joey\Documents\LPCXpresso_8.2.2_650\MATE_Workspace\wstest\lpc_chip_175x_6x\Debug\liblpc_chip_175x_6x.a(iocon_17xx_40xx.o)
                0x0000b450                Chip_IOCON_PinMuxSet
 .text.Chip_IOCON_PinMux
                0x0000b488       0x94 C:\Users\Joey\Documents\LPCXpresso_8.2.2_650\MATE_Workspace\wstest\lpc_chip_175x_6x\Debug\liblpc_chip_175x_6x.a(iocon_17xx_40xx.o)
                0x0000b488                Chip_IOCON_PinMux
 .text.Chip_IOCON_SetPinMuxing
                0x0000b51c       0x64 C:\Users\Joey\Documents\LPCXpresso_8.2.2_650\MATE_Workspace\wstest\lpc_chip_175x_6x\Debug\liblpc_chip_175x_6x.a(iocon_17xx_40xx.o)
                0x0000b51c                Chip_IOCON_SetPinMuxing
 .text.Chip_Pwm_GetClockIndex
                0x0000b580       0x18 C:\Users\Joey\Documents\LPCXpresso_8.2.2_650\MATE_Workspace\wstest\lpc_chip_175x_6x\Debug\liblpc_chip_175x_6x.a(pwm_17xx_40xx.o)
 .text.Chip_PWM_Init
                0x0000b598       0x20 C:\Users\Joey\Documents\LPCXpresso_8.2.2_650\MATE_Workspace\wstest\lpc_chip_175x_6x\Debug\liblpc_chip_175x_6x.a(pwm_17xx_40xx.o)
                0x0000b598                Chip_PWM_Init
 .text.Chip_PWM_Reset
                0x0000b5b8       0x38 C:\Users\Joey\Documents\LPCXpresso_8.2.2_650\MATE_Workspace\wstest\lpc_chip_175x_6x\Debug\liblpc_chip_175x_6x.a(pwm_17xx_40xx.o)
                0x0000b5b8                Chip_PWM_Reset
 .text.Chip_PWM_SetControlMode
                0x0000b5f0       0x8c C:\Users\Joey\Documents\LPCXpresso_8.2.2_650\MATE_Workspace\wstest\lpc_chip_175x_6x\Debug\liblpc_chip_175x_6x.a(pwm_17xx_40xx.o)
                0x0000b5f0                Chip_PWM_SetControlMode
 .text.Chip_PWM_SetPulseWidth
                0x0000b67c       0x80 C:\Users\Joey\Documents\LPCXpresso_8.2.2_650\MATE_Workspace\wstest\lpc_chip_175x_6x\Debug\liblpc_chip_175x_6x.a(pwm_17xx_40xx.o)
                0x0000b67c                Chip_PWM_SetPulseWidth
 .text.Chip_PWM_SetTime
                0x0000b6fc       0x28 C:\Users\Joey\Documents\LPCXpresso_8.2.2_650\MATE_Workspace\wstest\lpc_chip_175x_6x\Debug\liblpc_chip_175x_6x.a(pwm_17xx_40xx.o)
                0x0000b6fc                Chip_PWM_SetTime
 .text.Chip_Clock_IsMainPLLEnabled
                0x0000b724       0x24 C:\Users\Joey\Documents\LPCXpresso_8.2.2_650\MATE_Workspace\wstest\lpc_chip_175x_6x\Debug\liblpc_chip_175x_6x.a(sysinit_17xx_40xx.o)
 .text.Chip_Clock_IsMainPLLLocked
                0x0000b748       0x24 C:\Users\Joey\Documents\LPCXpresso_8.2.2_650\MATE_Workspace\wstest\lpc_chip_175x_6x\Debug\liblpc_chip_175x_6x.a(sysinit_17xx_40xx.o)
 .text.Chip_Clock_IsMainPLLConnected
                0x0000b76c       0x24 C:\Users\Joey\Documents\LPCXpresso_8.2.2_650\MATE_Workspace\wstest\lpc_chip_175x_6x\Debug\liblpc_chip_175x_6x.a(sysinit_17xx_40xx.o)
 .text.Chip_Clock_EnableCrystal
                0x0000b790       0x20 C:\Users\Joey\Documents\LPCXpresso_8.2.2_650\MATE_Workspace\wstest\lpc_chip_175x_6x\Debug\liblpc_chip_175x_6x.a(sysinit_17xx_40xx.o)
 .text.Chip_Clock_IsCrystalEnabled
                0x0000b7b0       0x24 C:\Users\Joey\Documents\LPCXpresso_8.2.2_650\MATE_Workspace\wstest\lpc_chip_175x_6x\Debug\liblpc_chip_175x_6x.a(sysinit_17xx_40xx.o)
 .text.Chip_Clock_SetMainPLLSource
                0x0000b7d4       0x20 C:\Users\Joey\Documents\LPCXpresso_8.2.2_650\MATE_Workspace\wstest\lpc_chip_175x_6x\Debug\liblpc_chip_175x_6x.a(sysinit_17xx_40xx.o)
 .text.Chip_SetupXtalClocking
                0x0000b7f4       0x90 C:\Users\Joey\Documents\LPCXpresso_8.2.2_650\MATE_Workspace\wstest\lpc_chip_175x_6x\Debug\liblpc_chip_175x_6x.a(sysinit_17xx_40xx.o)
                0x0000b7f4                Chip_SetupXtalClocking
 .text.Chip_UART_SetupFIFOS
                0x0000b884       0x1c C:\Users\Joey\Documents\LPCXpresso_8.2.2_650\MATE_Workspace\wstest\lpc_chip_175x_6x\Debug\liblpc_chip_175x_6x.a(uart_17xx_40xx.o)
 .text.Chip_UART_ConfigData
                0x0000b8a0       0x1c C:\Users\Joey\Documents\LPCXpresso_8.2.2_650\MATE_Workspace\wstest\lpc_chip_175x_6x\Debug\liblpc_chip_175x_6x.a(uart_17xx_40xx.o)
 .text.Chip_UART_EnableDivisorAccess
                0x0000b8bc       0x20 C:\Users\Joey\Documents\LPCXpresso_8.2.2_650\MATE_Workspace\wstest\lpc_chip_175x_6x\Debug\liblpc_chip_175x_6x.a(uart_17xx_40xx.o)
 .text.Chip_UART_DisableDivisorAccess
                0x0000b8dc       0x20 C:\Users\Joey\Documents\LPCXpresso_8.2.2_650\MATE_Workspace\wstest\lpc_chip_175x_6x\Debug\liblpc_chip_175x_6x.a(uart_17xx_40xx.o)
 .text.Chip_UART_SetDivisorLatches
                0x0000b8fc       0x28 C:\Users\Joey\Documents\LPCXpresso_8.2.2_650\MATE_Workspace\wstest\lpc_chip_175x_6x\Debug\liblpc_chip_175x_6x.a(uart_17xx_40xx.o)
 .text.Chip_UART_GetClockIndex
                0x0000b924       0x50 C:\Users\Joey\Documents\LPCXpresso_8.2.2_650\MATE_Workspace\wstest\lpc_chip_175x_6x\Debug\liblpc_chip_175x_6x.a(uart_17xx_40xx.o)
 .text.Chip_UART_GetClkIndex
                0x0000b974       0x50 C:\Users\Joey\Documents\LPCXpresso_8.2.2_650\MATE_Workspace\wstest\lpc_chip_175x_6x\Debug\liblpc_chip_175x_6x.a(uart_17xx_40xx.o)
 .text.Chip_UART_Init
                0x0000b9c4       0x78 C:\Users\Joey\Documents\LPCXpresso_8.2.2_650\MATE_Workspace\wstest\lpc_chip_175x_6x\Debug\liblpc_chip_175x_6x.a(uart_17xx_40xx.o)
                0x0000b9c4                Chip_UART_Init
 .text.Chip_UART_TXEnable
                0x0000ba3c       0x18 C:\Users\Joey\Documents\LPCXpresso_8.2.2_650\MATE_Workspace\wstest\lpc_chip_175x_6x\Debug\liblpc_chip_175x_6x.a(uart_17xx_40xx.o)
                0x0000ba3c                Chip_UART_TXEnable
 .text.Chip_UART_TXDisable
                0x0000ba54       0x18 C:\Users\Joey\Documents\LPCXpresso_8.2.2_650\MATE_Workspace\wstest\lpc_chip_175x_6x\Debug\liblpc_chip_175x_6x.a(uart_17xx_40xx.o)
                0x0000ba54                Chip_UART_TXDisable
 .text.Chip_UART_SetBaud
                0x0000ba6c       0x64 C:\Users\Joey\Documents\LPCXpresso_8.2.2_650\MATE_Workspace\wstest\lpc_chip_175x_6x\Debug\liblpc_chip_175x_6x.a(uart_17xx_40xx.o)
                0x0000ba6c                Chip_UART_SetBaud
 .text.__main   0x0000bad0       0x14 c:/nxp/lpcxpresso_8.2.2_650/lpcxpresso/tools/bin/../lib/gcc/arm-none-eabi/5.4.1/../../../../arm-none-eabi/lib/armv7-m\libcr_nohost.a(_cr__main.o)
                0x0000bad0                __main
 .text.memcpy   0x0000bae4        0x4 c:/nxp/lpcxpresso_8.2.2_650/lpcxpresso/tools/bin/../lib/gcc/arm-none-eabi/5.4.1/../../../../arm-none-eabi/lib/armv7-m\libcr_c.a(memcpy.o)
                0x0000bae4                memcpy
 .text.memset   0x0000bae8        0x4 c:/nxp/lpcxpresso_8.2.2_650/lpcxpresso/tools/bin/../lib/gcc/arm-none-eabi/5.4.1/../../../../arm-none-eabi/lib/armv7-m\libcr_c.a(memset.o)
                0x0000bae8                memset
 .text.malloc   0x0000baec       0xc8 c:/nxp/lpcxpresso_8.2.2_650/lpcxpresso/tools/bin/../lib/gcc/arm-none-eabi/5.4.1/../../../../arm-none-eabi/lib/armv7-m\libcr_c.a(alloc.o)
                0x0000baec                malloc
 .text.free     0x0000bbb4       0x30 c:/nxp/lpcxpresso_8.2.2_650/lpcxpresso/tools/bin/../lib/gcc/arm-none-eabi/5.4.1/../../../../arm-none-eabi/lib/armv7-m\libcr_c.a(alloc.o)
                0x0000bbb4                free
 .text._Csys_alloc
                0x0000bbe4       0x20 c:/nxp/lpcxpresso_8.2.2_650/lpcxpresso/tools/bin/../lib/gcc/arm-none-eabi/5.4.1/../../../../arm-none-eabi/lib/armv7-m\libcr_c.a(alloc.o)
                0x0000bbe4                _Csys_alloc
 .text.fp_round
                0x0000bc04       0x4c c:/nxp/lpcxpresso_8.2.2_650/lpcxpresso/tools/bin/../lib/gcc/arm-none-eabi/5.4.1/../../../../arm-none-eabi/lib/armv7-m\libcr_c.a(fpprintf.o)
 .text.pr_dec.constprop.1
                0x0000bc50       0x26 c:/nxp/lpcxpresso_8.2.2_650/lpcxpresso/tools/bin/../lib/gcc/arm-none-eabi/5.4.1/../../../../arm-none-eabi/lib/armv7-m\libcr_c.a(fpprintf.o)
 *fill*         0x0000bc76        0x2 ff
 .text.sprintf  0x0000bc78       0x6c c:/nxp/lpcxpresso_8.2.2_650/lpcxpresso/tools/bin/../lib/gcc/arm-none-eabi/5.4.1/../../../../arm-none-eabi/lib/armv7-m\libcr_c.a(fpprintf.o)
                0x0000bc78                sprintf
 *fill*         0x0000bce4        0x4 ff
 .text.fp_display
                0x0000bce8      0x8ec c:/nxp/lpcxpresso_8.2.2_650/lpcxpresso/tools/bin/../lib/gcc/arm-none-eabi/5.4.1/../../../../arm-none-eabi/lib/armv7-m\libcr_c.a(fpprintf.o)
 .text.vsnprintf
                0x0000c5d4       0x5c c:/nxp/lpcxpresso_8.2.2_650/lpcxpresso/tools/bin/../lib/gcc/arm-none-eabi/5.4.1/../../../../arm-none-eabi/lib/armv7-m\libcr_c.a(fpprintf.o)
                0x0000c5d4                vsnprintf
 .text.printf   0x0000c630       0x54 c:/nxp/lpcxpresso_8.2.2_650/lpcxpresso/tools/bin/../lib/gcc/arm-none-eabi/5.4.1/../../../../arm-none-eabi/lib/armv7-m\libcr_c.a(fpprintf.o)
                0x0000c630                printf
 .text._initio  0x0000c684       0xa4 c:/nxp/lpcxpresso_8.2.2_650/lpcxpresso/tools/bin/../lib/gcc/arm-none-eabi/5.4.1/../../../../arm-none-eabi/lib/armv7-m\libcr_c.a(initio.o)
                0x0000c684                _initio
 .text.memcmp   0x0000c728       0x42 c:/nxp/lpcxpresso_8.2.2_650/lpcxpresso/tools/bin/../lib/gcc/arm-none-eabi/5.4.1/../../../../arm-none-eabi/lib/armv7-m\libcr_c.a(memcmp.o)
                0x0000c728                memcmp
 *fill*         0x0000c76a        0x2 ff
 .text.__vfprintf
                0x0000c76c      0xd28 c:/nxp/lpcxpresso_8.2.2_650/lpcxpresso/tools/bin/../lib/gcc/arm-none-eabi/5.4.1/../../../../arm-none-eabi/lib/armv7-m\libcr_c.a(printf.o)
                0x0000c76c                __vfprintf
 .text.setvbuf  0x0000d494       0x40 c:/nxp/lpcxpresso_8.2.2_650/lpcxpresso/tools/bin/../lib/gcc/arm-none-eabi/5.4.1/../../../../arm-none-eabi/lib/armv7-m\libcr_c.a(setvbuf.o)
                0x0000d494                setvbuf
 .text.strcat   0x0000d4d4       0x1e c:/nxp/lpcxpresso_8.2.2_650/lpcxpresso/tools/bin/../lib/gcc/arm-none-eabi/5.4.1/../../../../arm-none-eabi/lib/armv7-m\libcr_c.a(strcat.o)
                0x0000d4d4                strcat
 .text.strchr   0x0000d4f2       0x18 c:/nxp/lpcxpresso_8.2.2_650/lpcxpresso/tools/bin/../lib/gcc/arm-none-eabi/5.4.1/../../../../arm-none-eabi/lib/armv7-m\libcr_c.a(strchr.o)
                0x0000d4f2                strchr
 .text.strcmp   0x0000d50a       0x44 c:/nxp/lpcxpresso_8.2.2_650/lpcxpresso/tools/bin/../lib/gcc/arm-none-eabi/5.4.1/../../../../arm-none-eabi/lib/armv7-m\libcr_c.a(strcmp.o)
                0x0000d50a                strcmp
 .text.strcpy   0x0000d54e       0x42 c:/nxp/lpcxpresso_8.2.2_650/lpcxpresso/tools/bin/../lib/gcc/arm-none-eabi/5.4.1/../../../../arm-none-eabi/lib/armv7-m\libcr_c.a(strcpy.o)
                0x0000d54e                strcpy
 .text.strlen   0x0000d590       0x4a c:/nxp/lpcxpresso_8.2.2_650/lpcxpresso/tools/bin/../lib/gcc/arm-none-eabi/5.4.1/../../../../arm-none-eabi/lib/armv7-m\libcr_c.a(strlen.o)
                0x0000d590                strlen
 .text.strncmp  0x0000d5da       0x56 c:/nxp/lpcxpresso_8.2.2_650/lpcxpresso/tools/bin/../lib/gcc/arm-none-eabi/5.4.1/../../../../arm-none-eabi/lib/armv7-m\libcr_c.a(strncmp.o)
                0x0000d5da                strncmp
 .text.strrchr  0x0000d630       0x20 c:/nxp/lpcxpresso_8.2.2_650/lpcxpresso/tools/bin/../lib/gcc/arm-none-eabi/5.4.1/../../../../arm-none-eabi/lib/armv7-m\libcr_c.a(strrchr.o)
                0x0000d630                strrchr
 .text.strstr   0x0000d650       0x20 c:/nxp/lpcxpresso_8.2.2_650/lpcxpresso/tools/bin/../lib/gcc/arm-none-eabi/5.4.1/../../../../arm-none-eabi/lib/armv7-m\libcr_c.a(strstr.o)
                0x0000d650                strstr
 .text._sbrk    0x0000d670       0x40 c:/nxp/lpcxpresso_8.2.2_650/lpcxpresso/tools/bin/../lib/gcc/arm-none-eabi/5.4.1/../../../../arm-none-eabi/lib/armv7-m\libcr_c.a(_cr_sbrk.o)
                0x0000d670                _sbrk
 .text._deferredlazyseek
                0x0000d6b0       0x44 c:/nxp/lpcxpresso_8.2.2_650/lpcxpresso/tools/bin/../lib/gcc/arm-none-eabi/5.4.1/../../../../arm-none-eabi/lib/armv7-m\libcr_c.a(_deferredlazyseek.o)
                0x0000d6b0                _deferredlazyseek
 .text.__flsbuf
                0x0000d6f4      0x140 c:/nxp/lpcxpresso_8.2.2_650/lpcxpresso/tools/bin/../lib/gcc/arm-none-eabi/5.4.1/../../../../arm-none-eabi/lib/armv7-m\libcr_c.a(_deferredlazyseek.o)
                0x0000d6f4                __flsbuf
 .text._fdopen  0x0000d834       0x6a c:/nxp/lpcxpresso_8.2.2_650/lpcxpresso/tools/bin/../lib/gcc/arm-none-eabi/5.4.1/../../../../arm-none-eabi/lib/armv7-m\libcr_c.a(_fdopen.o)
                0x0000d834                _fdopen
 .text._fflush  0x0000d89e       0x58 c:/nxp/lpcxpresso_8.2.2_650/lpcxpresso/tools/bin/../lib/gcc/arm-none-eabi/5.4.1/../../../../arm-none-eabi/lib/armv7-m\libcr_c.a(_fflush.o)
                0x0000d89e                _fflush
 .text._frexpl  0x0000d8f6       0x5a c:/nxp/lpcxpresso_8.2.2_650/lpcxpresso/tools/bin/../lib/gcc/arm-none-eabi/5.4.1/../../../../arm-none-eabi/lib/armv7-m\libcr_c.a(_frexpl.o)
                0x0000d8f6                _frexpl
 .text._ldexpl  0x0000d950       0x4c c:/nxp/lpcxpresso_8.2.2_650/lpcxpresso/tools/bin/../lib/gcc/arm-none-eabi/5.4.1/../../../../arm-none-eabi/lib/armv7-m\libcr_c.a(_ldexpl.o)
                0x0000d950                _ldexpl
 .text._Cwritebuf
                0x0000d99c       0x68 c:/nxp/lpcxpresso_8.2.2_650/lpcxpresso/tools/bin/../lib/gcc/arm-none-eabi/5.4.1/../../../../arm-none-eabi/lib/armv7-m\libcr_c.a(_writebuf.o)
                0x0000d99c                _Cwritebuf
 .text.fclose   0x0000da04       0x6c c:/nxp/lpcxpresso_8.2.2_650/lpcxpresso/tools/bin/../lib/gcc/arm-none-eabi/5.4.1/../../../../arm-none-eabi/lib/armv7-m\libcr_c.a(fclose.o)
                0x0000da04                fclose
 .text.fflush   0x0000da70       0x30 c:/nxp/lpcxpresso_8.2.2_650/lpcxpresso/tools/bin/../lib/gcc/arm-none-eabi/5.4.1/../../../../arm-none-eabi/lib/armv7-m\libcr_c.a(fflush.o)
                0x0000da70                fflush
 .text.fseek    0x0000daa0      0x110 c:/nxp/lpcxpresso_8.2.2_650/lpcxpresso/tools/bin/../lib/gcc/arm-none-eabi/5.4.1/../../../../arm-none-eabi/lib/armv7-m\libcr_c.a(fseek.o)
                0x0000daa0                fseek
 .text.ftell    0x0000dbb0       0x4c c:/nxp/lpcxpresso_8.2.2_650/lpcxpresso/tools/bin/../lib/gcc/arm-none-eabi/5.4.1/../../../../arm-none-eabi/lib/armv7-m\libcr_c.a(ftell.o)
                0x0000dbb0                ftell
 .text.remove   0x0000dbfc       0x14 c:/nxp/lpcxpresso_8.2.2_650/lpcxpresso/tools/bin/../lib/gcc/arm-none-eabi/5.4.1/../../../../arm-none-eabi/lib/armv7-m\libcr_c.a(remove.o)
                0x0000dbfc                remove
 .text.__check_heap_overflow
                0x0000dc10       0x18 c:/nxp/lpcxpresso_8.2.2_650/lpcxpresso/tools/bin/../lib/gcc/arm-none-eabi/5.4.1/../../../../arm-none-eabi/lib/armv7-m\libcr_c.a(_cr_check_heap.o)
                0x0000dc10                __check_heap_overflow
 .text._do_fflush
                0x0000dc28       0x44 c:/nxp/lpcxpresso_8.2.2_650/lpcxpresso/tools/bin/../lib/gcc/arm-none-eabi/5.4.1/../../../../arm-none-eabi/lib/armv7-m\libcr_c.a(_do_fflush.o)
                0x0000dc28                _do_fflush
 .text.__aeabi_dmul
                0x0000dc6c      0x110 c:/nxp/lpcxpresso_8.2.2_650/lpcxpresso/tools/bin/../lib/gcc/arm-none-eabi/5.4.1/armv7-m\libcr_eabihelpers.a(double.o)
                0x0000dc6c                __aeabi_dmul
 .text.__aeabi_ddiv
                0x0000dd7c      0x138 c:/nxp/lpcxpresso_8.2.2_650/lpcxpresso/tools/bin/../lib/gcc/arm-none-eabi/5.4.1/armv7-m\libcr_eabihelpers.a(double.o)
                0x0000dd7c                __aeabi_ddiv
 .text.__aeabi_dsub
                0x0000deb4      0x1a0 c:/nxp/lpcxpresso_8.2.2_650/lpcxpresso/tools/bin/../lib/gcc/arm-none-eabi/5.4.1/armv7-m\libcr_eabihelpers.a(double.o)
                0x0000deb4                __aeabi_dsub
 .text.__aeabi_dadd
                0x0000e054      0x10c c:/nxp/lpcxpresso_8.2.2_650/lpcxpresso/tools/bin/../lib/gcc/arm-none-eabi/5.4.1/armv7-m\libcr_eabihelpers.a(double.o)
                0x0000e054                __aeabi_dadd
 .text.__aeabi_d2iz
                0x0000e160       0x40 c:/nxp/lpcxpresso_8.2.2_650/lpcxpresso/tools/bin/../lib/gcc/arm-none-eabi/5.4.1/armv7-m\libcr_eabihelpers.a(double.o)
                0x0000e160                __aeabi_d2iz
 .text.__bhs_ui2d
                0x0000e1a0       0x46 c:/nxp/lpcxpresso_8.2.2_650/lpcxpresso/tools/bin/../lib/gcc/arm-none-eabi/5.4.1/armv7-m\libcr_eabihelpers.a(double.o)
                0x0000e1a0                __bhs_ui2d
 .text.__aeabi_i2d
                0x0000e1e6       0x10 c:/nxp/lpcxpresso_8.2.2_650/lpcxpresso/tools/bin/../lib/gcc/arm-none-eabi/5.4.1/armv7-m\libcr_eabihelpers.a(double.o)
                0x0000e1e6                __aeabi_i2d
 .text.__aeabi_dcmpeq
                0x0000e1f6       0x2c c:/nxp/lpcxpresso_8.2.2_650/lpcxpresso/tools/bin/../lib/gcc/arm-none-eabi/5.4.1/armv7-m\libcr_eabihelpers.a(double.o)
                0x0000e1f6                __aeabi_dcmpeq
 .text.__aeabi_dcmplt
                0x0000e222       0x54 c:/nxp/lpcxpresso_8.2.2_650/lpcxpresso/tools/bin/../lib/gcc/arm-none-eabi/5.4.1/armv7-m\libcr_eabihelpers.a(double.o)
                0x0000e222                __aeabi_dcmplt
 .text.__aeabi_dcmple
                0x0000e276       0x54 c:/nxp/lpcxpresso_8.2.2_650/lpcxpresso/tools/bin/../lib/gcc/arm-none-eabi/5.4.1/armv7-m\libcr_eabihelpers.a(double.o)
                0x0000e276                __aeabi_dcmple
 .text.__aeabi_dcmpge
                0x0000e2ca       0x54 c:/nxp/lpcxpresso_8.2.2_650/lpcxpresso/tools/bin/../lib/gcc/arm-none-eabi/5.4.1/armv7-m\libcr_eabihelpers.a(double.o)
                0x0000e2ca                __aeabi_dcmpge
 .text.__aeabi_memcpy
                0x0000e31e       0x34 c:/nxp/lpcxpresso_8.2.2_650/lpcxpresso/tools/bin/../lib/gcc/arm-none-eabi/5.4.1/armv7-m\libcr_eabihelpers.a(memcpy.o)
                0x0000e31e                __aeabi_memcpy
                0x0000e328                __aeabi_memcpy8
                0x0000e328                __aeabi_memcpy4
 .text.__aeabi_memset_lowlevel
                0x0000e352       0x32 c:/nxp/lpcxpresso_8.2.2_650/lpcxpresso/tools/bin/../lib/gcc/arm-none-eabi/5.4.1/armv7-m\libcr_eabihelpers.a(memcpy.o)
                0x0000e352                __aeabi_lowlevel_memset
 .text.__sys_appexit
                0x0000e384        0x2 c:/nxp/lpcxpresso_8.2.2_650/lpcxpresso/tools/bin/../lib/gcc/arm-none-eabi/5.4.1/../../../../arm-none-eabi/lib/armv7-m\libcr_nohost.a(__sys_appexit.o)
                0x0000e384                __sys_appexit
                0x0000e384                __exit
 .text.__sys_close
                0x0000e386        0x6 c:/nxp/lpcxpresso_8.2.2_650/lpcxpresso/tools/bin/../lib/gcc/arm-none-eabi/5.4.1/../../../../arm-none-eabi/lib/armv7-m\libcr_nohost.a(__sys_close.o)
                0x0000e386                __sys_close
 .text.__sys_flen
                0x0000e38c        0x6 c:/nxp/lpcxpresso_8.2.2_650/lpcxpresso/tools/bin/../lib/gcc/arm-none-eabi/5.4.1/../../../../arm-none-eabi/lib/armv7-m\libcr_nohost.a(__sys_flen.o)
                0x0000e38c                __sys_flen
 .text.__sys_istty
                0x0000e392        0x6 c:/nxp/lpcxpresso_8.2.2_650/lpcxpresso/tools/bin/../lib/gcc/arm-none-eabi/5.4.1/../../../../arm-none-eabi/lib/armv7-m\libcr_nohost.a(__sys_istty.o)
                0x0000e392                __sys_istty
 .text.__sys_remove
                0x0000e398        0x6 c:/nxp/lpcxpresso_8.2.2_650/lpcxpresso/tools/bin/../lib/gcc/arm-none-eabi/5.4.1/../../../../arm-none-eabi/lib/armv7-m\libcr_nohost.a(__sys_remove.o)
                0x0000e398                __sys_remove
 .text.__sys_seek
                0x0000e39e        0x6 c:/nxp/lpcxpresso_8.2.2_650/lpcxpresso/tools/bin/../lib/gcc/arm-none-eabi/5.4.1/../../../../arm-none-eabi/lib/armv7-m\libcr_nohost.a(__sys_seek.o)
                0x0000e39e                __sys_seek
 .text.__sys_tmpnam
                0x0000e3a4        0x6 c:/nxp/lpcxpresso_8.2.2_650/lpcxpresso/tools/bin/../lib/gcc/arm-none-eabi/5.4.1/../../../../arm-none-eabi/lib/armv7-m\libcr_nohost.a(__sys_tmpnam.o)
                0x0000e3a4                __sys_tmpnam
 *(.rodata .rodata.* .constdata .constdata.*)
 *fill*         0x0000e3aa        0x2 ff
 .rodata.ethbroadcast
                0x0000e3ac        0x6 ./lwip/src/netif/etharp.o
                0x0000e3ac                ethbroadcast
 *fill*         0x0000e3b2        0x2 ff
 .rodata.ethzero
                0x0000e3b4        0x6 ./lwip/src/netif/etharp.o
                0x0000e3b4                ethzero
 *fill*         0x0000e3ba        0x2 ff
 .rodata.ip_addr_any
                0x0000e3bc        0x4 ./lwip/src/core/ipv4/ip_addr.o
                0x0000e3bc                ip_addr_any
 .rodata.memp_sizes
                0x0000e3c0       0x12 ./lwip/src/core/memp.o
                0x0000e3c0                memp_sizes
 *fill*         0x0000e3d2        0x2 ff
 .rodata.tcp_backoff
                0x0000e3d4        0xd ./lwip/src/core/tcp.o
                0x0000e3d4                tcp_backoff
 *fill*         0x0000e3e1        0x3 ff
 .rodata.tcp_persist_backoff
                0x0000e3e4        0x7 ./lwip/src/core/tcp.o
                0x0000e3e4                tcp_persist_backoff
 *fill*         0x0000e3eb        0x1 ff
 .rodata.tcp_pcb_lists
                0x0000e3ec       0x10 ./lwip/src/core/tcp.o
                0x0000e3ec                tcp_pcb_lists
 .rodata        0x0000e3fc        0x8 ./lwip/src/arch/lpc17xx_40xx_emac.o
 .rodata        0x0000e404      0x45d ./example/src/httpd.o
 *fill*         0x0000e861        0x3 ff
 .rodata.g_psHTTPHeaderStrings
                0x0000e864       0x68 ./example/src/httpd.o
 .rodata.g_psHTTPHeaders
                0x0000e8cc       0x88 ./example/src/httpd.o
 .rodata        0x0000e954      0x410 ./example/src/lwip_fs.o
 .rodata.g_psHTTPHeaderStrings
                0x0000ed64       0x68 ./example/src/lwip_fs.o
 .rodata.g_psHTTPHeaders
                0x0000edcc       0x88 ./example/src/lwip_fs.o
 .rodata        0x0000ee54       0xa1 ./example/src/webserver.o
 *fill*         0x0000eef5        0x3 ff
 .rodata.ledPorts
                0x0000eef8        0x3 C:\Users\Joey\Documents\LPCXpresso_8.2.2_650\MATE_Workspace\wstest\lpc_board_nxp_lpcxpresso_1769\Debug\liblpc_board_nxp_lpcxpresso_1769.a(board.o)
 *fill*         0x0000eefb        0x1 ff
 .rodata.ledBits
                0x0000eefc        0x3 C:\Users\Joey\Documents\LPCXpresso_8.2.2_650\MATE_Workspace\wstest\lpc_board_nxp_lpcxpresso_1769\Debug\liblpc_board_nxp_lpcxpresso_1769.a(board.o)
 *fill*         0x0000eeff        0x1 ff
 .rodata.OscRateIn
                0x0000ef00        0x4 C:\Users\Joey\Documents\LPCXpresso_8.2.2_650\MATE_Workspace\wstest\lpc_board_nxp_lpcxpresso_1769\Debug\liblpc_board_nxp_lpcxpresso_1769.a(board.o)
                0x0000ef00                OscRateIn
 .rodata.RTCOscRateIn
                0x0000ef04        0x4 C:\Users\Joey\Documents\LPCXpresso_8.2.2_650\MATE_Workspace\wstest\lpc_board_nxp_lpcxpresso_1769\Debug\liblpc_board_nxp_lpcxpresso_1769.a(board.o)
                0x0000ef04                RTCOscRateIn
 .rodata        0x0000ef08       0x4e C:\Users\Joey\Documents\LPCXpresso_8.2.2_650\MATE_Workspace\wstest\lpc_board_nxp_lpcxpresso_1769\Debug\liblpc_board_nxp_lpcxpresso_1769.a(board.o)
 *fill*         0x0000ef56        0x2 ff
 .rodata.pinmuxing
                0x0000ef58       0x5c C:\Users\Joey\Documents\LPCXpresso_8.2.2_650\MATE_Workspace\wstest\lpc_board_nxp_lpcxpresso_1769\Debug\liblpc_board_nxp_lpcxpresso_1769.a(board_sysinit.o)
 .rodata.EnetClkDiv
                0x0000efb4        0xf C:\Users\Joey\Documents\LPCXpresso_8.2.2_650\MATE_Workspace\wstest\lpc_chip_175x_6x\Debug\liblpc_chip_175x_6x.a(enet_17xx_40xx.o)
 .rodata.str1.1
                0x0000efc3       0x18 c:/nxp/lpcxpresso_8.2.2_650/lpcxpresso/tools/bin/../lib/gcc/arm-none-eabi/5.4.1/../../../../arm-none-eabi/lib/armv7-m\libcr_c.a(alloc.o)
 .rodata.__ctype
                0x0000efdb      0x180 c:/nxp/lpcxpresso_8.2.2_650/lpcxpresso/tools/bin/../lib/gcc/arm-none-eabi/5.4.1/../../../../arm-none-eabi/lib/armv7-m\libcr_c.a(ctype.o)
                0x0000efdb                __ctype
 .rodata.str1.1
                0x0000f15b       0x34 c:/nxp/lpcxpresso_8.2.2_650/lpcxpresso/tools/bin/../lib/gcc/arm-none-eabi/5.4.1/../../../../arm-none-eabi/lib/armv7-m\libcr_c.a(fpprintf.o)
                                 0x35 (size before relaxing)
 .rodata.str1.1
                0x0000f18f        0x4 c:/nxp/lpcxpresso_8.2.2_650/lpcxpresso/tools/bin/../lib/gcc/arm-none-eabi/5.4.1/../../../../arm-none-eabi/lib/armv7-m\libcr_c.a(initio.o)
 .rodata.str1.1
                0x0000f193       0x31 c:/nxp/lpcxpresso_8.2.2_650/lpcxpresso/tools/bin/../lib/gcc/arm-none-eabi/5.4.1/../../../../arm-none-eabi/lib/armv7-m\libcr_c.a(printf.o)
                                 0x38 (size before relaxing)
 *fill*         0x0000f1c4        0x4 ff
 .rodata.__huge_vall
                0x0000f1c8        0x8 c:/nxp/lpcxpresso_8.2.2_650/lpcxpresso/tools/bin/../lib/gcc/arm-none-eabi/5.4.1/../../../../arm-none-eabi/lib/armv7-m\libcr_c.a(_hugeval.o)
                0x0000f1c8                __huge_vall
                0x0000f1d0                . = ALIGN (0x4)

.glue_7         0x0000f1d0        0x0
 .glue_7        0x0000f1d0        0x0 linker stubs

.glue_7t        0x0000f1d0        0x0
 .glue_7t       0x0000f1d0        0x0 linker stubs

.vfp11_veneer   0x0000f1d0        0x0
 .vfp11_veneer  0x0000f1d0        0x0 linker stubs

.v4_bx          0x0000f1d0        0x0
 .v4_bx         0x0000f1d0        0x0 linker stubs

.iplt           0x0000f1d0        0x0
 .iplt          0x0000f1d0        0x0 ./lwip/src/netif/etharp.o

.rel.dyn        0x0000f1d0        0x0
 .rel.iplt      0x0000f1d0        0x0 ./lwip/src/netif/etharp.o

.ARM.extab
 *(.ARM.extab* .gnu.linkonce.armextab.*)
                0x0000f1d0                __exidx_start = .

.ARM.exidx
 *(.ARM.exidx* .gnu.linkonce.armexidx.*)
                0x0000f1d0                __exidx_end = .
                0x0000f1d0                _etext = .

.data_RAM2      0x2007c000        0x0 load address 0x0000f1d0
 FILL mask 0xff
                [!provide]                PROVIDE (__start_data_RAM2, .)
 *(.ramfunc.$RAM2)
 *(.ramfunc.$RamAHB32)
 *(.data.$RAM2*)
 *(.data.$RamAHB32*)
                0x2007c000                . = ALIGN (0x4)
                [!provide]                PROVIDE (__end_data_RAM2, .)

.uninit_RESERVED
                0x10000000        0x0
 *(.bss.$RESERVED*)
                0x10000000                . = ALIGN (0x4)
                0x10000000                _end_uninit_RESERVED = .

.data           0x10000000        0x8 load address 0x0000f1d0
 FILL mask 0xff
                0x10000000                _data = .
 *(vtable)
 *(.ramfunc*)
 *(.data*)
 .data.tcp_port
                0x10000000        0x2 ./lwip/src/core/tcp.o
 *fill*         0x10000002        0x2 ff
 .data.iss.5066
                0x10000004        0x4 ./lwip/src/core/tcp.o
                0x10000008                . = ALIGN (0x4)
                0x10000008                _edata = .

.igot.plt       0x10000008        0x0 load address 0x0000f1d8
 .igot.plt      0x10000008        0x0 ./lwip/src/netif/etharp.o

.bss_RAM2       0x2007c000        0x0
                [!provide]                PROVIDE (__start_bss_RAM2, .)
 *(.bss.$RAM2*)
 *(.bss.$RamAHB32*)
                0x2007c000                . = ALIGN ((. != 0x0)?0x4:0x1)
                [!provide]                PROVIDE (__end_bss_RAM2, .)

.bss            0x10000008      0x464
                0x10000008                _bss = .
 *(.bss*)
 .bss.arp_table
                0x10000008       0xc8 ./lwip/src/netif/etharp.o
 .bss.etharp_cached_entry
                0x100000d0        0x1 ./lwip/src/netif/etharp.o
 *fill*         0x100000d1        0x1 
 .bss.ip_id     0x100000d2        0x2 ./lwip/src/core/ipv4/ip.o
 .bss.reassdatagrams
                0x100000d4        0x4 ./lwip/src/core/ipv4/ip_frag.o
 .bss.ip_reass_pbufcount
                0x100000d8        0x2 ./lwip/src/core/ipv4/ip_frag.o
 .bss.netif_num
                0x100000da        0x1 ./lwip/src/core/netif.o
 *fill*         0x100000db        0x1 
 .bss.raw_pcbs  0x100000dc        0x4 ./lwip/src/core/raw.o
 .bss.tcp_timer
                0x100000e0        0x1 ./lwip/src/core/tcp.o
 .bss.tcp_timer_ctr
                0x100000e1        0x1 ./lwip/src/core/tcp.o
 *fill*         0x100000e2        0x2 
 .bss.inseg     0x100000e4       0x14 ./lwip/src/core/tcp_in.o
 .bss.tcphdr    0x100000f8        0x4 ./lwip/src/core/tcp_in.o
 .bss.iphdr     0x100000fc        0x4 ./lwip/src/core/tcp_in.o
 .bss.seqno     0x10000100        0x4 ./lwip/src/core/tcp_in.o
 .bss.ackno     0x10000104        0x4 ./lwip/src/core/tcp_in.o
 .bss.flags     0x10000108        0x1 ./lwip/src/core/tcp_in.o
 *fill*         0x10000109        0x1 
 .bss.tcplen    0x1000010a        0x2 ./lwip/src/core/tcp_in.o
 .bss.recv_flags
                0x1000010c        0x1 ./lwip/src/core/tcp_in.o
 *fill*         0x1000010d        0x3 
 .bss.recv_data
                0x10000110        0x4 ./lwip/src/core/tcp_in.o
 .bss.next_timeout
                0x10000114        0x4 ./lwip/src/core/timers.o
 .bss.timeouts_last_time
                0x10000118        0x4 ./lwip/src/core/timers.o
 .bss.tcpip_tcp_timer_active
                0x1000011c        0x4 ./lwip/src/core/timers.o
 .bss.saved_period
                0x10000120        0x4 ./lwip/src/arch/lpc17xx_40xx_systick_arch.o
 .bss.systick_timems
                0x10000124        0x4 ./lwip/src/arch/lpc17xx_40xx_systick_arch.o
 .bss.toggle    0x10000128        0x1 ./example/src/httpd.o
                0x10000128                toggle
 *fill*         0x10000129        0x3 
 .bss.lpc_netif
                0x1000012c       0x34 ./example/src/webserver.o
 .bss.prt_ip.8155
                0x10000160        0x4 ./example/src/webserver.o
 .bss.tmp_buff.8159
                0x10000164       0x10 ./example/src/webserver.o
 .bss.physts    0x10000174        0x4 C:\Users\Joey\Documents\LPCXpresso_8.2.2_650\MATE_Workspace\wstest\lpc_board_nxp_lpcxpresso_1769\Debug\liblpc_board_nxp_lpcxpresso_1769.a(lpc_phy_smsc87x0.o)
 .bss.olddphysts
                0x10000178        0x4 C:\Users\Joey\Documents\LPCXpresso_8.2.2_650\MATE_Workspace\wstest\lpc_board_nxp_lpcxpresso_1769\Debug\liblpc_board_nxp_lpcxpresso_1769.a(lpc_phy_smsc87x0.o)
 .bss.phyustate
                0x1000017c        0x4 C:\Users\Joey\Documents\LPCXpresso_8.2.2_650\MATE_Workspace\wstest\lpc_board_nxp_lpcxpresso_1769\Debug\liblpc_board_nxp_lpcxpresso_1769.a(lpc_phy_smsc87x0.o)
 .bss.pDelayMs  0x10000180        0x4 C:\Users\Joey\Documents\LPCXpresso_8.2.2_650\MATE_Workspace\wstest\lpc_board_nxp_lpcxpresso_1769\Debug\liblpc_board_nxp_lpcxpresso_1769.a(lpc_phy_smsc87x0.o)
 .bss.sts.7543  0x10000184        0x2 C:\Users\Joey\Documents\LPCXpresso_8.2.2_650\MATE_Workspace\wstest\lpc_board_nxp_lpcxpresso_1769\Debug\liblpc_board_nxp_lpcxpresso_1769.a(lpc_phy_smsc87x0.o)
 *fill*         0x10000186        0x2 
 .bss.phyAddr   0x10000188        0x4 C:\Users\Joey\Documents\LPCXpresso_8.2.2_650\MATE_Workspace\wstest\lpc_chip_175x_6x\Debug\liblpc_chip_175x_6x.a(enet_17xx_40xx.o)
 .bss._extra    0x1000018c        0x4 c:/nxp/lpcxpresso_8.2.2_650/lpcxpresso/tools/bin/../lib/gcc/arm-none-eabi/5.4.1/../../../../arm-none-eabi/lib/armv7-m\libcr_c.a(initio.o)
                0x1000018c                _extra
 .bss.__Ciob    0x10000190      0x140 c:/nxp/lpcxpresso_8.2.2_650/lpcxpresso/tools/bin/../lib/gcc/arm-none-eabi/5.4.1/../../../../arm-none-eabi/lib/armv7-m\libcr_c.a(stdio.o)
                0x10000190                __Ciob
 .bss.__heaps   0x100002d0        0x4 c:/nxp/lpcxpresso_8.2.2_650/lpcxpresso/tools/bin/../lib/gcc/arm-none-eabi/5.4.1/../../../../arm-none-eabi/lib/armv7-m\libcr_c.a(__init_alloc.o)
                0x100002d0                __heaps
 .bss.__end_of_heap
                0x100002d4        0x4 c:/nxp/lpcxpresso_8.2.2_650/lpcxpresso/tools/bin/../lib/gcc/arm-none-eabi/5.4.1/../../../../arm-none-eabi/lib/armv7-m\libcr_c.a(__init_alloc.o)
                0x100002d4                __end_of_heap
 .bss.errno     0x100002d8        0x4 c:/nxp/lpcxpresso_8.2.2_650/lpcxpresso/tools/bin/../lib/gcc/arm-none-eabi/5.4.1/../../../../arm-none-eabi/lib/armv7-m\libcr_c.a(errno.o)
                0x100002d8                errno
 *(COMMON)
 COMMON         0x100002dc       0x10 ./lwip/src/core/ipv4/ip.o
                0x100002dc                current_iphdr_src
                0x100002e0                current_netif
                0x100002e4                current_iphdr_dest
                0x100002e8                current_header
 COMMON         0x100002ec        0x8 ./lwip/src/core/netif.o
                0x100002ec                netif_list
                0x100002f0                netif_default
 COMMON         0x100002f4        0x1 ./lwip/src/core/pbuf.o
                0x100002f4                pbuf_free_ooseq_pending
 *fill*         0x100002f5        0x3 
 COMMON         0x100002f8       0x1c ./lwip/src/core/tcp.o
                0x100002f8                tcp_active_pcbs_changed
                0x100002fc                tcp_active_pcbs
                0x10000300                tcp_ticks
                0x10000304                tcp_listen_pcbs
                0x10000308                tcp_tmp_pcb
                0x1000030c                tcp_bound_pcbs
                0x10000310                tcp_tw_pcbs
 COMMON         0x10000314        0x4 ./lwip/src/core/tcp_in.o
                0x10000314                tcp_input_pcb
 COMMON         0x10000318       0xa0 ./lwip/src/arch/lpc17xx_40xx_emac.o
                0x10000318                lpc_enetdata
 COMMON         0x100003b8       0x30 ./example/src/httpd.o
                0x100003b8                ROVparam_vals
                0x100003d8                ROVparams
 COMMON         0x100003e8       0x80 ./example/src/lwip_fs.o
                0x100003e8                http_index_html
 COMMON         0x10000468        0x4 C:\Users\Joey\Documents\LPCXpresso_8.2.2_650\MATE_Workspace\wstest\lpc_chip_175x_6x\Debug\liblpc_chip_175x_6x.a(chip_17xx_40xx.o)
                0x10000468                SystemCoreClock
                0x1000046c                . = ALIGN (0x4)
                0x1000046c                _ebss = .
                [!provide]                PROVIDE (end, .)

.noinit_RAM2    0x2007c000        0x0
 *(.noinit.$RAM2*)
 *(.noinit.$RamAHB32*)
                0x2007c000                . = ALIGN (0x4)

.noinit         0x1000046c        0x0
                0x1000046c                _noinit = .
 *(.noinit*)
                0x1000046c                . = ALIGN (0x4)
                0x1000046c                _end_noinit = .
                0x1000046c                PROVIDE (_pvHeapStart, DEFINED (__user_heap_base)?__user_heap_base:.)
                0x10008000                PROVIDE (_vStackTop, DEFINED (__user_stack_top)?__user_stack_top:(__top_RamLoc32 - 0x0))
                [!provide]                PROVIDE (__valid_user_code_checksum, (0x0 - ((((((_vStackTop + (ResetISR + 0x1)) + (NMI_Handler + 0x1)) + (HardFault_Handler + 0x1)) + (DEFINED (MemManage_Handler)?MemManage_Handler:0x0 + 0x1)) + (DEFINED (BusFault_Handler)?BusFault_Handler:0x0 + 0x1)) + (DEFINED (UsageFault_Handler)?UsageFault_Handler:0x0 + 0x1))))
OUTPUT(webserver.axf elf32-littlearm)

.debug_info     0x00000000    0x129a8
 .debug_info    0x00000000      0xb96 ./lwip/src/netif/etharp.o
 .debug_info    0x00000b96      0x646 ./lwip/src/core/ipv4/icmp.o
 .debug_info    0x000011dc      0x3ee ./lwip/src/core/ipv4/inet_chksum.o
 .debug_info    0x000015ca      0x68a ./lwip/src/core/ipv4/ip.o
 .debug_info    0x00001c54      0x585 ./lwip/src/core/ipv4/ip_addr.o
 .debug_info    0x000021d9      0xa60 ./lwip/src/core/ipv4/ip_frag.o
 .debug_info    0x00002c39      0x137 ./lwip/src/core/def.o
 .debug_info    0x00002d70       0x97 ./lwip/src/core/init.o
 .debug_info    0x00002e07      0x107 ./lwip/src/core/memp.o
 .debug_info    0x00002f0e      0xc1a ./lwip/src/core/netif.o
 .debug_info    0x00003b28      0xf8c ./lwip/src/core/pbuf.o
 .debug_info    0x00004ab4      0x770 ./lwip/src/core/raw.o
 .debug_info    0x00005224     0x1447 ./lwip/src/core/tcp.o
 .debug_info    0x0000666b      0xd97 ./lwip/src/core/tcp_in.o
 .debug_info    0x00007402     0x1144 ./lwip/src/core/tcp_out.o
 .debug_info    0x00008546      0x93c ./lwip/src/core/timers.o
 .debug_info    0x00008e82     0x13a4 ./lwip/src/arch/lpc17xx_40xx_emac.o
 .debug_info    0x0000a226      0x72e ./lwip/src/arch/lpc17xx_40xx_systick_arch.o
 .debug_info    0x0000a954       0x88 ./lwip/src/arch/lpc_debug.o
 .debug_info    0x0000a9dc      0x250 ./example/src/cr_startup_lpc175x_6x.o
 .debug_info    0x0000ac2c     0x116e ./example/src/httpd.o
 .debug_info    0x0000bd9a      0x49f ./example/src/lwip_fs.o
 .debug_info    0x0000c239      0x110 ./example/src/sysinit.o
 .debug_info    0x0000c349      0xfb7 ./example/src/webserver.o
 .debug_info    0x0000d300     0x13c8 C:\Users\Joey\Documents\LPCXpresso_8.2.2_650\MATE_Workspace\wstest\lpc_board_nxp_lpcxpresso_1769\Debug\liblpc_board_nxp_lpcxpresso_1769.a(board.o)
 .debug_info    0x0000e6c8      0x591 C:\Users\Joey\Documents\LPCXpresso_8.2.2_650\MATE_Workspace\wstest\lpc_board_nxp_lpcxpresso_1769\Debug\liblpc_board_nxp_lpcxpresso_1769.a(board_sysinit.o)
 .debug_info    0x0000ec59      0x6fa C:\Users\Joey\Documents\LPCXpresso_8.2.2_650\MATE_Workspace\wstest\lpc_board_nxp_lpcxpresso_1769\Debug\liblpc_board_nxp_lpcxpresso_1769.a(lpc_phy_smsc87x0.o)
 .debug_info    0x0000f353      0x51e C:\Users\Joey\Documents\LPCXpresso_8.2.2_650\MATE_Workspace\wstest\lpc_chip_175x_6x\Debug\liblpc_chip_175x_6x.a(chip_17xx_40xx.o)
 .debug_info    0x0000f871      0xb62 C:\Users\Joey\Documents\LPCXpresso_8.2.2_650\MATE_Workspace\wstest\lpc_chip_175x_6x\Debug\liblpc_chip_175x_6x.a(clock_17xx_40xx.o)
 .debug_info    0x000103d3      0xaf2 C:\Users\Joey\Documents\LPCXpresso_8.2.2_650\MATE_Workspace\wstest\lpc_chip_175x_6x\Debug\liblpc_chip_175x_6x.a(enet_17xx_40xx.o)
 .debug_info    0x00010ec5      0x2e9 C:\Users\Joey\Documents\LPCXpresso_8.2.2_650\MATE_Workspace\wstest\lpc_chip_175x_6x\Debug\liblpc_chip_175x_6x.a(iocon_17xx_40xx.o)
 .debug_info    0x000111ae      0x4e7 C:\Users\Joey\Documents\LPCXpresso_8.2.2_650\MATE_Workspace\wstest\lpc_chip_175x_6x\Debug\liblpc_chip_175x_6x.a(pwm_17xx_40xx.o)
 .debug_info    0x00011695      0x439 C:\Users\Joey\Documents\LPCXpresso_8.2.2_650\MATE_Workspace\wstest\lpc_chip_175x_6x\Debug\liblpc_chip_175x_6x.a(sysinit_17xx_40xx.o)
 .debug_info    0x00011ace      0xeda C:\Users\Joey\Documents\LPCXpresso_8.2.2_650\MATE_Workspace\wstest\lpc_chip_175x_6x\Debug\liblpc_chip_175x_6x.a(uart_17xx_40xx.o)

.debug_abbrev   0x00000000     0x3c39
 .debug_abbrev  0x00000000      0x1f5 ./lwip/src/netif/etharp.o
 .debug_abbrev  0x000001f5      0x1b4 ./lwip/src/core/ipv4/icmp.o
 .debug_abbrev  0x000003a9      0x12a ./lwip/src/core/ipv4/inet_chksum.o
 .debug_abbrev  0x000004d3      0x179 ./lwip/src/core/ipv4/ip.o
 .debug_abbrev  0x0000064c      0x19b ./lwip/src/core/ipv4/ip_addr.o
 .debug_abbrev  0x000007e7      0x20d ./lwip/src/core/ipv4/ip_frag.o
 .debug_abbrev  0x000009f4       0x9b ./lwip/src/core/def.o
 .debug_abbrev  0x00000a8f       0x45 ./lwip/src/core/init.o
 .debug_abbrev  0x00000ad4       0x78 ./lwip/src/core/memp.o
 .debug_abbrev  0x00000b4c      0x24f ./lwip/src/core/netif.o
 .debug_abbrev  0x00000d9b      0x26a ./lwip/src/core/pbuf.o
 .debug_abbrev  0x00001005      0x1cb ./lwip/src/core/raw.o
 .debug_abbrev  0x000011d0      0x2da ./lwip/src/core/tcp.o
 .debug_abbrev  0x000014aa      0x21f ./lwip/src/core/tcp_in.o
 .debug_abbrev  0x000016c9      0x287 ./lwip/src/core/tcp_out.o
 .debug_abbrev  0x00001950      0x1ef ./lwip/src/core/timers.o
 .debug_abbrev  0x00001b3f      0x2df ./lwip/src/arch/lpc17xx_40xx_emac.o
 .debug_abbrev  0x00001e1e      0x206 ./lwip/src/arch/lpc17xx_40xx_systick_arch.o
 .debug_abbrev  0x00002024       0x45 ./lwip/src/arch/lpc_debug.o
 .debug_abbrev  0x00002069       0xf5 ./example/src/cr_startup_lpc175x_6x.o
 .debug_abbrev  0x0000215e      0x212 ./example/src/httpd.o
 .debug_abbrev  0x00002370      0x1f6 ./example/src/lwip_fs.o
 .debug_abbrev  0x00002566       0xa3 ./example/src/sysinit.o
 .debug_abbrev  0x00002609      0x266 ./example/src/webserver.o
 .debug_abbrev  0x0000286f      0x352 C:\Users\Joey\Documents\LPCXpresso_8.2.2_650\MATE_Workspace\wstest\lpc_board_nxp_lpcxpresso_1769\Debug\liblpc_board_nxp_lpcxpresso_1769.a(board.o)
 .debug_abbrev  0x00002bc1      0x15c C:\Users\Joey\Documents\LPCXpresso_8.2.2_650\MATE_Workspace\wstest\lpc_board_nxp_lpcxpresso_1769\Debug\liblpc_board_nxp_lpcxpresso_1769.a(board_sysinit.o)
 .debug_abbrev  0x00002d1d      0x1b0 C:\Users\Joey\Documents\LPCXpresso_8.2.2_650\MATE_Workspace\wstest\lpc_board_nxp_lpcxpresso_1769\Debug\liblpc_board_nxp_lpcxpresso_1769.a(lpc_phy_smsc87x0.o)
 .debug_abbrev  0x00002ecd      0x13c C:\Users\Joey\Documents\LPCXpresso_8.2.2_650\MATE_Workspace\wstest\lpc_chip_175x_6x\Debug\liblpc_chip_175x_6x.a(chip_17xx_40xx.o)
 .debug_abbrev  0x00003009      0x2ec C:\Users\Joey\Documents\LPCXpresso_8.2.2_650\MATE_Workspace\wstest\lpc_chip_175x_6x\Debug\liblpc_chip_175x_6x.a(clock_17xx_40xx.o)
 .debug_abbrev  0x000032f5      0x260 C:\Users\Joey\Documents\LPCXpresso_8.2.2_650\MATE_Workspace\wstest\lpc_chip_175x_6x\Debug\liblpc_chip_175x_6x.a(enet_17xx_40xx.o)
 .debug_abbrev  0x00003555      0x126 C:\Users\Joey\Documents\LPCXpresso_8.2.2_650\MATE_Workspace\wstest\lpc_chip_175x_6x\Debug\liblpc_chip_175x_6x.a(iocon_17xx_40xx.o)
 .debug_abbrev  0x0000367b      0x161 C:\Users\Joey\Documents\LPCXpresso_8.2.2_650\MATE_Workspace\wstest\lpc_chip_175x_6x\Debug\liblpc_chip_175x_6x.a(pwm_17xx_40xx.o)
 .debug_abbrev  0x000037dc      0x175 C:\Users\Joey\Documents\LPCXpresso_8.2.2_650\MATE_Workspace\wstest\lpc_chip_175x_6x\Debug\liblpc_chip_175x_6x.a(sysinit_17xx_40xx.o)
 .debug_abbrev  0x00003951      0x2e8 C:\Users\Joey\Documents\LPCXpresso_8.2.2_650\MATE_Workspace\wstest\lpc_chip_175x_6x\Debug\liblpc_chip_175x_6x.a(uart_17xx_40xx.o)

.debug_aranges  0x00000000     0x1010
 .debug_aranges
                0x00000000       0x88 ./lwip/src/netif/etharp.o
 .debug_aranges
                0x00000088       0x38 ./lwip/src/core/ipv4/icmp.o
 .debug_aranges
                0x000000c0       0x48 ./lwip/src/core/ipv4/inet_chksum.o
 .debug_aranges
                0x00000108       0x38 ./lwip/src/core/ipv4/ip.o
 .debug_aranges
                0x00000140       0x48 ./lwip/src/core/ipv4/ip_addr.o
 .debug_aranges
                0x00000188       0x70 ./lwip/src/core/ipv4/ip_frag.o
 .debug_aranges
                0x000001f8       0x38 ./lwip/src/core/def.o
 .debug_aranges
                0x00000230       0x20 ./lwip/src/core/init.o
 .debug_aranges
                0x00000250       0x18 ./lwip/src/core/memp.o
 .debug_aranges
                0x00000268       0x80 ./lwip/src/core/netif.o
 .debug_aranges
                0x000002e8       0xc0 ./lwip/src/core/pbuf.o
 .debug_aranges
                0x000003a8       0x58 ./lwip/src/core/raw.o
 .debug_aranges
                0x00000400      0x140 ./lwip/src/core/tcp.o
 .debug_aranges
                0x00000540       0x50 ./lwip/src/core/tcp_in.o
 .debug_aranges
                0x00000590       0xa0 ./lwip/src/core/tcp_out.o
 .debug_aranges
                0x00000630       0x60 ./lwip/src/core/timers.o
 .debug_aranges
                0x00000690      0x128 ./lwip/src/arch/lpc17xx_40xx_emac.o
 .debug_aranges
                0x000007b8       0x58 ./lwip/src/arch/lpc17xx_40xx_systick_arch.o
 .debug_aranges
                0x00000810       0x20 ./lwip/src/arch/lpc_debug.o
 .debug_aranges
                0x00000830       0x80 ./example/src/cr_startup_lpc175x_6x.o
 .debug_aranges
                0x000008b0       0xb0 ./example/src/httpd.o
 .debug_aranges
                0x00000960       0x50 ./example/src/lwip_fs.o
 .debug_aranges
                0x000009b0       0x20 ./example/src/sysinit.o
 .debug_aranges
                0x000009d0       0x68 ./example/src/webserver.o
 .debug_aranges
                0x00000a38      0x148 C:\Users\Joey\Documents\LPCXpresso_8.2.2_650\MATE_Workspace\wstest\lpc_board_nxp_lpcxpresso_1769\Debug\liblpc_board_nxp_lpcxpresso_1769.a(board.o)
 .debug_aranges
                0x00000b80       0x38 C:\Users\Joey\Documents\LPCXpresso_8.2.2_650\MATE_Workspace\wstest\lpc_board_nxp_lpcxpresso_1769\Debug\liblpc_board_nxp_lpcxpresso_1769.a(board_sysinit.o)
 .debug_aranges
                0x00000bb8       0x48 C:\Users\Joey\Documents\LPCXpresso_8.2.2_650\MATE_Workspace\wstest\lpc_board_nxp_lpcxpresso_1769\Debug\liblpc_board_nxp_lpcxpresso_1769.a(lpc_phy_smsc87x0.o)
 .debug_aranges
                0x00000c00       0x38 C:\Users\Joey\Documents\LPCXpresso_8.2.2_650\MATE_Workspace\wstest\lpc_chip_175x_6x\Debug\liblpc_chip_175x_6x.a(chip_17xx_40xx.o)
 .debug_aranges
                0x00000c38      0x120 C:\Users\Joey\Documents\LPCXpresso_8.2.2_650\MATE_Workspace\wstest\lpc_chip_175x_6x\Debug\liblpc_chip_175x_6x.a(clock_17xx_40xx.o)
 .debug_aranges
                0x00000d58       0xa8 C:\Users\Joey\Documents\LPCXpresso_8.2.2_650\MATE_Workspace\wstest\lpc_chip_175x_6x\Debug\liblpc_chip_175x_6x.a(enet_17xx_40xx.o)
 .debug_aranges
                0x00000e00       0x30 C:\Users\Joey\Documents\LPCXpresso_8.2.2_650\MATE_Workspace\wstest\lpc_chip_175x_6x\Debug\liblpc_chip_175x_6x.a(iocon_17xx_40xx.o)
 .debug_aranges
                0x00000e30       0x58 C:\Users\Joey\Documents\LPCXpresso_8.2.2_650\MATE_Workspace\wstest\lpc_chip_175x_6x\Debug\liblpc_chip_175x_6x.a(pwm_17xx_40xx.o)
 .debug_aranges
                0x00000e88       0x60 C:\Users\Joey\Documents\LPCXpresso_8.2.2_650\MATE_Workspace\wstest\lpc_chip_175x_6x\Debug\liblpc_chip_175x_6x.a(sysinit_17xx_40xx.o)
 .debug_aranges
                0x00000ee8      0x128 C:\Users\Joey\Documents\LPCXpresso_8.2.2_650\MATE_Workspace\wstest\lpc_chip_175x_6x\Debug\liblpc_chip_175x_6x.a(uart_17xx_40xx.o)

.debug_ranges   0x00000000      0xe78
 .debug_ranges  0x00000000       0x78 ./lwip/src/netif/etharp.o
 .debug_ranges  0x00000078       0x40 ./lwip/src/core/ipv4/icmp.o
 .debug_ranges  0x000000b8       0x38 ./lwip/src/core/ipv4/inet_chksum.o
 .debug_ranges  0x000000f0       0x28 ./lwip/src/core/ipv4/ip.o
 .debug_ranges  0x00000118       0x38 ./lwip/src/core/ipv4/ip_addr.o