13:39:59 **** Incremental Build of configuration Debug for project lpc_board_nxp_lpcxpresso_1769 ****
make -r all 
make: Nothing to be done for `all'.
13:39:59 **** Incremental Build of configuration Debug for project lpc_chip_175x_6x ****
make -r all 
make: Nothing to be done for `all'.
13:40:00 **** Incremental Build of configuration Debug for project webserver ****
make -r all 
Building file: ../example/src/webserver.c
Invoking: MCU C Compiler
arm-none-eabi-gcc -D__REDLIB__ -DDEBUG -D__CODE_RED -D__USE_LPCOPEN -DCORE_M3 -I"C:\Users\Joey\Documents\LPCXpresso_8.2.2_650\MATE_Workspace\wstest\lpc_chip_175x_6x\inc" -I"C:\Users\Joey\Documents\LPCXpresso_8.2.2_650\MATE_Workspace\wstest\lpc_board_nxp_lpcxpresso_1769\inc" -I"C:\Users\Joey\Documents\LPCXpresso_8.2.2_650\MATE_Workspace\wstest\webserver\example\inc" -I"C:\Users\Joey\Documents\LPCXpresso_8.2.2_650\MATE_Workspace\wstest\webserver\lwip\inc" -I"C:\Users\Joey\Documents\LPCXpresso_8.2.2_650\MATE_Workspace\wstest\webserver\lwip\inc\ipv4" -O0 -g3 -Wall -c -fmessage-length=0 -fno-builtin -ffunction-sections -fdata-sections -mcpu=cortex-m3 -mthumb -specs=redlib.specs -MMD -MP -MF"example/src/webserver.d" -MT"example/src/webserver.o" -MT"example/src/webserver.d" -o "example/src/webserver.o" "../example/src/webserver.c"
../example/src/webserver.c: In function 'main':
../example/src/webserver.c:357:5: error: 'http_index_html' has an incomplete type
     http_index_html = "Blue LED has been toggled.";
     ^
make: *** [example/src/webserver.o] Error 1
13:43:34 **** Incremental Build of configuration Debug for project lpc_board_nxp_lpcxpresso_1769 ****
make -r all 
make: Nothing to be done for `all'.
13:43:34 **** Incremental Build of configuration Debug for project lpc_chip_175x_6x ****
make -r all 
make: Nothing to be done for `all'.
13:43:36 **** Incremental Build of configuration Debug for project webserver ****
make -r all 
Building file: ../example/src/webserver.c
Invoking: MCU C Compiler
arm-none-eabi-gcc -D__REDLIB__ -DDEBUG -D__CODE_RED -D__USE_LPCOPEN -DCORE_M3 -I"C:\Users\Joey\Documents\LPCXpresso_8.2.2_650\MATE_Workspace\wstest\lpc_chip_175x_6x\inc" -I"C:\Users\Joey\Documents\LPCXpresso_8.2.2_650\MATE_Workspace\wstest\lpc_board_nxp_lpcxpresso_1769\inc" -I"C:\Users\Joey\Documents\LPCXpresso_8.2.2_650\MATE_Workspace\wstest\webserver\example\inc" -I"C:\Users\Joey\Documents\LPCXpresso_8.2.2_650\MATE_Workspace\wstest\webserver\lwip\inc" -I"C:\Users\Joey\Documents\LPCXpresso_8.2.2_650\MATE_Workspace\wstest\webserver\lwip\inc\ipv4" -O0 -g3 -Wall -c -fmessage-length=0 -fno-builtin -ffunction-sections -fdata-sections -mcpu=cortex-m3 -mthumb -specs=redlib.specs -MMD -MP -MF"example/src/webserver.d" -MT"example/src/webserver.o" -MT"example/src/webserver.d" -o "example/src/webserver.o" "../example/src/webserver.c"
../example/src/webserver.c: In function 'main':
../example/src/webserver.c:212:2: error: 'http_index_html' has an incomplete type
  http_index_html = "\0";
  ^
make: *** [example/src/webserver.o] Error 1
13:49:49 **** Incremental Build of configuration Debug for project lpc_board_nxp_lpcxpresso_1769 ****
make -r all 
make: Nothing to be done for `all'.
13:49:50 **** Incremental Build of configuration Debug for project lpc_chip_175x_6x ****
make -r all 
make: Nothing to be done for `all'.
13:49:51 **** Incremental Build of configuration Debug for project webserver ****
make -r all 
Building file: ../example/src/webserver.c
Invoking: MCU C Compiler
arm-none-eabi-gcc -D__REDLIB__ -DDEBUG -D__CODE_RED -D__USE_LPCOPEN -DCORE_M3 -I"C:\Users\Joey\Documents\LPCXpresso_8.2.2_650\MATE_Workspace\wstest\lpc_chip_175x_6x\inc" -I"C:\Users\Joey\Documents\LPCXpresso_8.2.2_650\MATE_Workspace\wstest\lpc_board_nxp_lpcxpresso_1769\inc" -I"C:\Users\Joey\Documents\LPCXpresso_8.2.2_650\MATE_Workspace\wstest\webserver\example\inc" -I"C:\Users\Joey\Documents\LPCXpresso_8.2.2_650\MATE_Workspace\wstest\webserver\lwip\inc" -I"C:\Users\Joey\Documents\LPCXpresso_8.2.2_650\MATE_Workspace\wstest\webserver\lwip\inc\ipv4" -O0 -g3 -Wall -c -fmessage-length=0 -fno-builtin -ffunction-sections -fdata-sections -mcpu=cortex-m3 -mthumb -specs=redlib.specs -MMD -MP -MF"example/src/webserver.d" -MT"example/src/webserver.o" -MT"example/src/webserver.d" -o "example/src/webserver.o" "../example/src/webserver.c"
Finished building: ../example/src/webserver.c
 
Building target: webserver.axf
Invoking: MCU Linker
arm-none-eabi-gcc -nostdlib -L"C:\Users\Joey\Documents\LPCXpresso_8.2.2_650\MATE_Workspace\wstest\lpc_chip_175x_6x\Debug" -L"C:\Users\Joey\Documents\LPCXpresso_8.2.2_650\MATE_Workspace\wstest\lpc_board_nxp_lpcxpresso_1769\Debug" -Xlinker -Map="webserver.map" -Xlinker --gc-sections -mcpu=cortex-m3 -mthumb -T "webserver_Debug.ld" -o "webserver.axf"  ./lwip/src/netif/etharp.o ./lwip/src/netif/ethernetif.o  ./lwip/src/core/ipv4/autoip.o ./lwip/src/core/ipv4/icmp.o ./lwip/src/core/ipv4/igmp.o ./lwip/src/core/ipv4/inet.o ./lwip/src/core/ipv4/inet_chksum.o ./lwip/src/core/ipv4/ip.o ./lwip/src/core/ipv4/ip_addr.o ./lwip/src/core/ipv4/ip_frag.o  ./lwip/src/core/def.o ./lwip/src/core/dhcp.o ./lwip/src/core/dns.o ./lwip/src/core/init.o ./lwip/src/core/mem.o ./lwip/src/core/memp.o ./lwip/src/core/netif.o ./lwip/src/core/pbuf.o ./lwip/src/core/raw.o ./lwip/src/core/stats.o ./lwip/src/core/sys.o ./lwip/src/core/tcp.o ./lwip/src/core/tcp_in.o ./lwip/src/core/tcp_out.o ./lwip/src/core/timers.o ./lwip/src/core/udp.o  ./lwip/src/arch/lpc17xx_40xx_emac.o ./lwip/src/arch/lpc17xx_40xx_systick_arch.o ./lwip/src/arch/lpc_debug.o  ./lwip/src/api/api_lib.o ./lwip/src/api/api_msg.o ./lwip/src/api/err.o ./lwip/src/api/netbuf.o ./lwip/src/api/netdb.o ./lwip/src/api/netifapi.o ./lwip/src/api/sockets.o ./lwip/src/api/tcpip.o  ./example/src/cr_startup_lpc175x_6x.o ./example/src/httpd.o ./example/src/lwip_fs.o ./example/src/sysinit.o ./example/src/webserver.o   -llpc_board_nxp_lpcxpresso_1769 -llpc_chip_175x_6x
Finished building target: webserver.axf
 
make --no-print-directory post-build
Performing post-build steps
arm-none-eabi-size "webserver.axf"; # arm-none-eabi-objcopy -v -O binary "webserver.axf" "webserver.bin" ; # checksum -p LPC1769 -d "webserver.bin";
   text	   data	    bss	    dec	    hex	filename
  60640	     12	   1124	  61776	   f150	webserver.axf
 
13:49:56 **** Incremental Build of configuration Debug for project lpc_board_nxp_lpcxpresso_1769 ****
make -r all 
make: Nothing to be done for `all'.
13:49:56 **** Incremental Build of configuration Debug for project lpc_chip_175x_6x ****
make -r all 
make: Nothing to be done for `all'.
13:49:57 **** Incremental Build of configuration Debug for project webserver ****
make -r all 
make: Nothing to be done for `all'.
13:49:59 **** Incremental Build of configuration Debug for project webserver ****
make -r all 
make: Nothing to be done for `all'.
13:56:56 **** Incremental Build of configuration Debug for project lpc_board_nxp_lpcxpresso_1769 ****
make -r all 
make: Nothing to be done for `all'.
13:56:56 **** Incremental Build of configuration Debug for project lpc_chip_175x_6x ****
make -r all 
make: Nothing to be done for `all'.
13:56:58 **** Incremental Build of configuration Debug for project webserver ****
make -r all 
Building file: ../example/src/webserver.c
Invoking: MCU C Compiler
arm-none-eabi-gcc -D__REDLIB__ -DDEBUG -D__CODE_RED -D__USE_LPCOPEN -DCORE_M3 -I"C:\Users\Joey\Documents\LPCXpresso_8.2.2_650\MATE_Workspace\wstest\lpc_chip_175x_6x\inc" -I"C:\Users\Joey\Documents\LPCXpresso_8.2.2_650\MATE_Workspace\wstest\lpc_board_nxp_lpcxpresso_1769\inc" -I"C:\Users\Joey\Documents\LPCXpresso_8.2.2_650\MATE_Workspace\wstest\webserver\example\inc" -I"C:\Users\Joey\Documents\LPCXpresso_8.2.2_650\MATE_Workspace\wstest\webserver\lwip\inc" -I"C:\Users\Joey\Documents\LPCXpresso_8.2.2_650\MATE_Workspace\wstest\webserver\lwip\inc\ipv4" -O0 -g3 -Wall -c -fmessage-length=0 -fno-builtin -ffunction-sections -fdata-sections -mcpu=cortex-m3 -mthumb -specs=redlib.specs -MMD -MP -MF"example/src/webserver.d" -MT"example/src/webserver.o" -MT"example/src/webserver.d" -o "example/src/webserver.o" "../example/src/webserver.c"
../example/src/webserver.c: In function 'main':
../example/src/webserver.c:359:28: error: expected ';' before '{' token
    } else (button(cmd, 2)) {
                            ^
make: *** [example/src/webserver.o] Error 1
13:57:21 **** Incremental Build of configuration Debug for project lpc_board_nxp_lpcxpresso_1769 ****
make -r all 
make: Nothing to be done for `all'.
13:57:22 **** Incremental Build of configuration Debug for project lpc_chip_175x_6x ****
make -r all 
make: Nothing to be done for `all'.
13:57:23 **** Incremental Build of configuration Debug for project webserver ****
make -r all 
Building file: ../example/src/webserver.c
Invoking: MCU C Compiler
arm-none-eabi-gcc -D__REDLIB__ -DDEBUG -D__CODE_RED -D__USE_LPCOPEN -DCORE_M3 -I"C:\Users\Joey\Documents\LPCXpresso_8.2.2_650\MATE_Workspace\wstest\lpc_chip_175x_6x\inc" -I"C:\Users\Joey\Documents\LPCXpresso_8.2.2_650\MATE_Workspace\wstest\lpc_board_nxp_lpcxpresso_1769\inc" -I"C:\Users\Joey\Documents\LPCXpresso_8.2.2_650\MATE_Workspace\wstest\webserver\example\inc" -I"C:\Users\Joey\Documents\LPCXpresso_8.2.2_650\MATE_Workspace\wstest\webserver\lwip\inc" -I"C:\Users\Joey\Documents\LPCXpresso_8.2.2_650\MATE_Workspace\wstest\webserver\lwip\inc\ipv4" -O0 -g3 -Wall -c -fmessage-length=0 -fno-builtin -ffunction-sections -fdata-sections -mcpu=cortex-m3 -mthumb -specs=redlib.specs -MMD -MP -MF"example/src/webserver.d" -MT"example/src/webserver.o" -MT"example/src/webserver.d" -o "example/src/webserver.o" "../example/src/webserver.c"
Finished building: ../example/src/webserver.c
 
Building target: webserver.axf
Invoking: MCU Linker
arm-none-eabi-gcc -nostdlib -L"C:\Users\Joey\Documents\LPCXpresso_8.2.2_650\MATE_Workspace\wstest\lpc_chip_175x_6x\Debug" -L"C:\Users\Joey\Documents\LPCXpresso_8.2.2_650\MATE_Workspace\wstest\lpc_board_nxp_lpcxpresso_1769\Debug" -Xlinker -Map="webserver.map" -Xlinker --gc-sections -mcpu=cortex-m3 -mthumb -T "webserver_Debug.ld" -o "webserver.axf"  ./lwip/src/netif/etharp.o ./lwip/src/netif/ethernetif.o  ./lwip/src/core/ipv4/autoip.o ./lwip/src/core/ipv4/icmp.o ./lwip/src/core/ipv4/igmp.o ./lwip/src/core/ipv4/inet.o ./lwip/src/core/ipv4/inet_chksum.o ./lwip/src/core/ipv4/ip.o ./lwip/src/core/ipv4/ip_addr.o ./lwip/src/core/ipv4/ip_frag.o  ./lwip/src/core/def.o ./lwip/src/core/dhcp.o ./lwip/src/core/dns.o ./lwip/src/core/init.o ./lwip/src/core/mem.o ./lwip/src/core/memp.o ./lwip/src/core/netif.o ./lwip/src/core/pbuf.o ./lwip/src/core/raw.o ./lwip/src/core/stats.o ./lwip/src/core/sys.o ./lwip/src/core/tcp.o ./lwip/src/core/tcp_in.o ./lwip/src/core/tcp_out.o ./lwip/src/core/timers.o ./lwip/src/core/udp.o  ./lwip/src/arch/lpc17xx_40xx_emac.o ./lwip/src/arch/lpc17xx_40xx_systick_arch.o ./lwip/src/arch/lpc_debug.o  ./lwip/src/api/api_lib.o ./lwip/src/api/api_msg.o ./lwip/src/api/err.o ./lwip/src/api/netbuf.o ./lwip/src/api/netdb.o ./lwip/src/api/netifapi.o ./lwip/src/api/sockets.o ./lwip/src/api/tcpip.o  ./example/src/cr_startup_lpc175x_6x.o ./example/src/httpd.o ./example/src/lwip_fs.o ./example/src/sysinit.o ./example/src/webserver.o   -llpc_board_nxp_lpcxpresso_1769 -llpc_chip_175x_6x
Finished building target: webserver.axf
 
make --no-print-directory post-build
Performing post-build steps
arm-none-eabi-size "webserver.axf"; # arm-none-eabi-objcopy -v -O binary "webserver.axf" "webserver.bin" ; # checksum -p LPC1769 -d "webserver.bin";
   text	   data	    bss	    dec	    hex	filename
  60704	     12	   1124	  61840	   f190	webserver.axf
 
13:57:28 **** Incremental Build of configuration Debug for project lpc_board_nxp_lpcxpresso_1769 ****
make -r all 
make: Nothing to be done for `all'.
13:57:28 **** Incremental Build of configuration Debug for project lpc_chip_175x_6x ****
make -r all 
make: Nothing to be done for `all'.
13:57:29 **** Incremental Build of configuration Debug for project webserver ****
make -r all 
make: Nothing to be done for `all'.
13:57:31 **** Incremental Build of configuration Debug for project webserver ****
make -r all 
make: Nothing to be done for `all'.
14:00:25 **** Incremental Build of configuration Debug for project lpc_board_nxp_lpcxpresso_1769 ****
make -r all 
make: Nothing to be done for `all'.
14:00:26 **** Incremental Build of configuration Debug for project lpc_chip_175x_6x ****
make -r all 
make: Nothing to be done for `all'.
14:00:27 **** Incremental Build of configuration Debug for project webserver ****
make -r all 
Building file: ../example/src/webserver.c
Invoking: MCU C Compiler
arm-none-eabi-gcc -D__REDLIB__ -DDEBUG -D__CODE_RED -D__USE_LPCOPEN -DCORE_M3 -I"C:\Users\Joey\Documents\LPCXpresso_8.2.2_650\MATE_Workspace\wstest\lpc_chip_175x_6x\inc" -I"C:\Users\Joey\Documents\LPCXpresso_8.2.2_650\MATE_Workspace\wstest\lpc_board_nxp_lpcxpresso_1769\inc" -I"C:\Users\Joey\Documents\LPCXpresso_8.2.2_650\MATE_Workspace\wstest\webserver\example\inc" -I"C:\Users\Joey\Documents\LPCXpresso_8.2.2_650\MATE_Workspace\wstest\webserver\lwip\inc" -I"C:\Users\Joey\Documents\LPCXpresso_8.2.2_650\MATE_Workspace\wstest\webserver\lwip\inc\ipv4" -O0 -g3 -Wall -c -fmessage-length=0 -fno-builtin -ffunction-sections -fdata-sections -mcpu=cortex-m3 -mthumb -specs=redlib.specs -MMD -MP -MF"example/src/webserver.d" -MT"example/src/webserver.o" -MT"example/src/webserver.d" -o "example/src/webserver.o" "../example/src/webserver.c"
Finished building: ../example/src/webserver.c
 
Building target: webserver.axf
Invoking: MCU Linker
arm-none-eabi-gcc -nostdlib -L"C:\Users\Joey\Documents\LPCXpresso_8.2.2_650\MATE_Workspace\wstest\lpc_chip_175x_6x\Debug" -L"C:\Users\Joey\Documents\LPCXpresso_8.2.2_650\MATE_Workspace\wstest\lpc_board_nxp_lpcxpresso_1769\Debug" -Xlinker -Map="webserver.map" -Xlinker --gc-sections -mcpu=cortex-m3 -mthumb -T "webserver_Debug.ld" -o "webserver.axf"  ./lwip/src/netif/etharp.o ./lwip/src/netif/ethernetif.o  ./lwip/src/core/ipv4/autoip.o ./lwip/src/core/ipv4/icmp.o ./lwip/src/core/ipv4/igmp.o ./lwip/src/core/ipv4/inet.o ./lwip/src/core/ipv4/inet_chksum.o ./lwip/src/core/ipv4/ip.o ./lwip/src/core/ipv4/ip_addr.o ./lwip/src/core/ipv4/ip_frag.o  ./lwip/src/core/def.o ./lwip/src/core/dhcp.o ./lwip/src/core/dns.o ./lwip/src/core/init.o ./lwip/src/core/mem.o ./lwip/src/core/memp.o ./lwip/src/core/netif.o ./lwip/src/core/pbuf.o ./lwip/src/core/raw.o ./lwip/src/core/stats.o ./lwip/src/core/sys.o ./lwip/src/core/tcp.o ./lwip/src/core/tcp_in.o ./lwip/src/core/tcp_out.o ./lwip/src/core/timers.o ./lwip/src/core/udp.o  ./lwip/src/arch/lpc17xx_40xx_emac.o ./lwip/src/arch/lpc17xx_40xx_systick_arch.o ./lwip/src/arch/lpc_debug.o  ./lwip/src/api/api_lib.o ./lwip/src/api/api_msg.o ./lwip/src/api/err.o ./lwip/src/api/netbuf.o ./lwip/src/api/netdb.o ./lwip/src/api/netifapi.o ./lwip/src/api/sockets.o ./lwip/src/api/tcpip.o  ./example/src/cr_startup_lpc175x_6x.o ./example/src/httpd.o ./example/src/lwip_fs.o ./example/src/sysinit.o ./example/src/webserver.o   -llpc_board_nxp_lpcxpresso_1769 -llpc_chip_175x_6x
Finished building target: webserver.axf
 
make --no-print-directory post-build
Performing post-build steps
arm-none-eabi-size "webserver.axf"; # arm-none-eabi-objcopy -v -O binary "webserver.axf" "webserver.bin" ; # checksum -p LPC1769 -d "webserver.bin";
   text	   data	    bss	    dec	    hex	filename
  60816	     12	   1124	  61952	   f200	webserver.axf
 
14:00:30 **** Incremental Build of configuration Debug for project webserver ****
make -r all 
make: Nothing to be done for `all'.
14:01:18 **** Incremental Build of configuration Debug for project lpc_board_nxp_lpcxpresso_1769 ****
make -r all 
make: Nothing to be done for `all'.
14:01:19 **** Incremental Build of configuration Debug for project lpc_chip_175x_6x ****
make -r all 
make: Nothing to be done for `all'.
14:01:20 **** Incremental Build of configuration Debug for project webserver ****
make -r all 
Building file: ../example/src/webserver.c
Invoking: MCU C Compiler
arm-none-eabi-gcc -D__REDLIB__ -DDEBUG -D__CODE_RED -D__USE_LPCOPEN -DCORE_M3 -I"C:\Users\Joey\Documents\LPCXpresso_8.2.2_650\MATE_Workspace\wstest\lpc_chip_175x_6x\inc" -I"C:\Users\Joey\Documents\LPCXpresso_8.2.2_650\MATE_Workspace\wstest\lpc_board_nxp_lpcxpresso_1769\inc" -I"C:\Users\Joey\Documents\LPCXpresso_8.2.2_650\MATE_Workspace\wstest\webserver\example\inc" -I"C:\Users\Joey\Documents\LPCXpresso_8.2.2_650\MATE_Workspace\wstest\webserver\lwip\inc" -I"C:\Users\Joey\Documents\LPCXpresso_8.2.2_650\MATE_Workspace\wstest\webserver\lwip\inc\ipv4" -O0 -g3 -Wall -c -fmessage-length=0 -fno-builtin -ffunction-sections -fdata-sections -mcpu=cortex-m3 -mthumb -specs=redlib.specs -MMD -MP -MF"example/src/webserver.d" -MT"example/src/webserver.o" -MT"example/src/webserver.d" -o "example/src/webserver.o" "../example/src/webserver.c"
Finished building: ../example/src/webserver.c
 
Building target: webserver.axf
Invoking: MCU Linker
arm-none-eabi-gcc -nostdlib -L"C:\Users\Joey\Documents\LPCXpresso_8.2.2_650\MATE_Workspace\wstest\lpc_chip_175x_6x\Debug" -L"C:\Users\Joey\Documents\LPCXpresso_8.2.2_650\MATE_Workspace\wstest\lpc_board_nxp_lpcxpresso_1769\Debug" -Xlinker -Map="webserver.map" -Xlinker --gc-sections -mcpu=cortex-m3 -mthumb -T "webserver_Debug.ld" -o "webserver.axf"  ./lwip/src/netif/etharp.o ./lwip/src/netif/ethernetif.o  ./lwip/src/core/ipv4/autoip.o ./lwip/src/core/ipv4/icmp.o ./lwip/src/core/ipv4/igmp.o ./lwip/src/core/ipv4/inet.o ./lwip/src/core/ipv4/inet_chksum.o ./lwip/src/core/ipv4/ip.o ./lwip/src/core/ipv4/ip_addr.o ./lwip/src/core/ipv4/ip_frag.o  ./lwip/src/core/def.o ./lwip/src/core/dhcp.o ./lwip/src/core/dns.o ./lwip/src/core/init.o ./lwip/src/core/mem.o ./lwip/src/core/memp.o ./lwip/src/core/netif.o ./lwip/src/core/pbuf.o ./lwip/src/core/raw.o ./lwip/src/core/stats.o ./lwip/src/core/sys.o ./lwip/src/core/tcp.o ./lwip/src/core/tcp_in.o ./lwip/src/core/tcp_out.o ./lwip/src/core/timers.o ./lwip/src/core/udp.o  ./lwip/src/arch/lpc17xx_40xx_emac.o ./lwip/src/arch/lpc17xx_40xx_systick_arch.o ./lwip/src/arch/lpc_debug.o  ./lwip/src/api/api_lib.o ./lwip/src/api/api_msg.o ./lwip/src/api/err.o ./lwip/src/api/netbuf.o ./lwip/src/api/netdb.o ./lwip/src/api/netifapi.o ./lwip/src/api/sockets.o ./lwip/src/api/tcpip.o  ./example/src/cr_startup_lpc175x_6x.o ./example/src/httpd.o ./example/src/lwip_fs.o ./example/src/sysinit.o ./example/src/webserver.o   -llpc_board_nxp_lpcxpresso_1769 -llpc_chip_175x_6x
Finished building target: webserver.axf
 
make --no-print-directory post-build
Performing post-build steps
arm-none-eabi-size "webserver.axf"; # arm-none-eabi-objcopy -v -O binary "webserver.axf" "webserver.bin" ; # checksum -p LPC1769 -d "webserver.bin";
   text	   data	    bss	    dec	    hex	filename
  60816	     12	   1124	  61952	   f200	webserver.axf
 
14:01:23 **** Incremental Build of configuration Debug for project webserver ****
make -r all 
make: Nothing to be done for `all'.
14:04:01 **** Incremental Build of configuration Debug for project lpc_board_nxp_lpcxpresso_1769 ****
make -r all 
make: Nothing to be done for `all'.
14:04:02 **** Incremental Build of configuration Debug for project lpc_chip_175x_6x ****
make -r all 
make: Nothing to be done for `all'.
14:04:03 **** Incremental Build of configuration Debug for project webserver ****
make -r all 
Building file: ../example/src/webserver.c
Invoking: MCU C Compiler
arm-none-eabi-gcc -D__REDLIB__ -DDEBUG -D__CODE_RED -D__USE_LPCOPEN -DCORE_M3 -I"C:\Users\Joey\Documents\LPCXpresso_8.2.2_650\MATE_Workspace\wstest\lpc_chip_175x_6x\inc" -I"C:\Users\Joey\Documents\LPCXpresso_8.2.2_650\MATE_Workspace\wstest\lpc_board_nxp_lpcxpresso_1769\inc" -I"C:\Users\Joey\Documents\LPCXpresso_8.2.2_650\MATE_Workspace\wstest\webserver\example\inc" -I"C:\Users\Joey\Documents\LPCXpresso_8.2.2_650\MATE_Workspace\wstest\webserver\lwip\inc" -I"C:\Users\Joey\Documents\LPCXpresso_8.2.2_650\MATE_Workspace\wstest\webserver\lwip\inc\ipv4" -O0 -g3 -Wall -c -fmessage-length=0 -fno-builtin -ffunction-sections -fdata-sections -mcpu=cortex-m3 -mthumb -specs=redlib.specs -MMD -MP -MF"example/src/webserver.d" -MT"example/src/webserver.o" -MT"example/src/webserver.d" -o "example/src/webserver.o" "../example/src/webserver.c"
Finished building: ../example/src/webserver.c
 
Building target: webserver.axf
Invoking: MCU Linker
arm-none-eabi-gcc -nostdlib -L"C:\Users\Joey\Documents\LPCXpresso_8.2.2_650\MATE_Workspace\wstest\lpc_chip_175x_6x\Debug" -L"C:\Users\Joey\Documents\LPCXpresso_8.2.2_650\MATE_Workspace\wstest\lpc_board_nxp_lpcxpresso_1769\Debug" -Xlinker -Map="webserver.map" -Xlinker --gc-sections -mcpu=cortex-m3 -mthumb -T "webserver_Debug.ld" -o "webserver.axf"  ./lwip/src/netif/etharp.o ./lwip/src/netif/ethernetif.o  ./lwip/src/core/ipv4/autoip.o ./lwip/src/core/ipv4/icmp.o ./lwip/src/core/ipv4/igmp.o ./lwip/src/core/ipv4/inet.o ./lwip/src/core/ipv4/inet_chksum.o ./lwip/src/core/ipv4/ip.o ./lwip/src/core/ipv4/ip_addr.o ./lwip/src/core/ipv4/ip_frag.o  ./lwip/src/core/def.o ./lwip/src/core/dhcp.o ./lwip/src/core/dns.o ./lwip/src/core/init.o ./lwip/src/core/mem.o ./lwip/src/core/memp.o ./lwip/src/core/netif.o ./lwip/src/core/pbuf.o ./lwip/src/core/raw.o ./lwip/src/core/stats.o ./lwip/src/core/sys.o ./lwip/src/core/tcp.o ./lwip/src/core/tcp_in.o ./lwip/src/core/tcp_out.o ./lwip/src/core/timers.o ./lwip/src/core/udp.o  ./lwip/src/arch/lpc17xx_40xx_emac.o ./lwip/src/arch/lpc17xx_40xx_systick_arch.o ./lwip/src/arch/lpc_debug.o  ./lwip/src/api/api_lib.o ./lwip/src/api/api_msg.o ./lwip/src/api/err.o ./lwip/src/api/netbuf.o ./lwip/src/api/netdb.o ./lwip/src/api/netifapi.o ./lwip/src/api/sockets.o ./lwip/src/api/tcpip.o  ./example/src/cr_startup_lpc175x_6x.o ./example/src/httpd.o ./example/src/lwip_fs.o ./example/src/sysinit.o ./example/src/webserver.o   -llpc_board_nxp_lpcxpresso_1769 -llpc_chip_175x_6x
Finished building target: webserver.axf
 
make --no-print-directory post-build
Performing post-build steps
arm-none-eabi-size "webserver.axf"; # arm-none-eabi-objcopy -v -O binary "webserver.axf" "webserver.bin" ; # checksum -p LPC1769 -d "webserver.bin";
   text	   data	    bss	    dec	    hex	filename
  60824	     12	   1124	  61960	   f208	webserver.axf
 
14:04:07 **** Incremental Build of configuration Debug for project webserver ****
make -r all 
make: Nothing to be done for `all'.
14:12:37 **** Incremental Build of configuration Debug for project lpc_board_nxp_lpcxpresso_1769 ****
make -r all 
make: Nothing to be done for `all'.
14:12:38 **** Incremental Build of configuration Debug for project lpc_chip_175x_6x ****
make -r all 
make: Nothing to be done for `all'.
14:12:40 **** Incremental Build of configuration Debug for project webserver ****
make -r all 
Building file: ../example/src/webserver.c
Invoking: MCU C Compiler
arm-none-eabi-gcc -D__REDLIB__ -DDEBUG -D__CODE_RED -D__USE_LPCOPEN -DCORE_M3 -I"C:\Users\Joey\Documents\LPCXpresso_8.2.2_650\MATE_Workspace\wstest\lpc_chip_175x_6x\inc" -I"C:\Users\Joey\Documents\LPCXpresso_8.2.2_650\MATE_Workspace\wstest\lpc_board_nxp_lpcxpresso_1769\inc" -I"C:\Users\Joey\Documents\LPCXpresso_8.2.2_650\MATE_Workspace\wstest\webserver\example\inc" -I"C:\Users\Joey\Documents\LPCXpresso_8.2.2_650\MATE_Workspace\wstest\webserver\lwip\inc" -I"C:\Users\Joey\Documents\LPCXpresso_8.2.2_650\MATE_Workspace\wstest\webserver\lwip\inc\ipv4" -O0 -g3 -Wall -c -fmessage-length=0 -fno-builtin -ffunction-sections -fdata-sections -mcpu=cortex-m3 -mthumb -specs=redlib.specs -MMD -MP -MF"example/src/webserver.d" -MT"example/src/webserver.o" -MT"example/src/webserver.d" -o "example/src/webserver.o" "../example/src/webserver.c"
Finished building: ../example/src/webserver.c
 
Building target: webserver.axf
Invoking: MCU Linker
arm-none-eabi-gcc -nostdlib -L"C:\Users\Joey\Documents\LPCXpresso_8.2.2_650\MATE_Workspace\wstest\lpc_chip_175x_6x\Debug" -L"C:\Users\Joey\Documents\LPCXpresso_8.2.2_650\MATE_Workspace\wstest\lpc_board_nxp_lpcxpresso_1769\Debug" -Xlinker -Map="webserver.map" -Xlinker --gc-sections -mcpu=cortex-m3 -mthumb -T "webserver_Debug.ld" -o "webserver.axf"  ./lwip/src/netif/etharp.o ./lwip/src/netif/ethernetif.o  ./lwip/src/core/ipv4/autoip.o ./lwip/src/core/ipv4/icmp.o ./lwip/src/core/ipv4/igmp.o ./lwip/src/core/ipv4/inet.o ./lwip/src/core/ipv4/inet_chksum.o ./lwip/src/core/ipv4/ip.o ./lwip/src/core/ipv4/ip_addr.o ./lwip/src/core/ipv4/ip_frag.o  ./lwip/src/core/def.o ./lwip/src/core/dhcp.o ./lwip/src/core/dns.o ./lwip/src/core/init.o ./lwip/src/core/mem.o ./lwip/src/core/memp.o ./lwip/src/core/netif.o ./lwip/src/core/pbuf.o ./lwip/src/core/raw.o ./lwip/src/core/stats.o ./lwip/src/core/sys.o ./lwip/src/core/tcp.o ./lwip/src/core/tcp_in.o ./lwip/src/core/tcp_out.o ./lwip/src/core/timers.o ./lwip/src/core/udp.o  ./lwip/src/arch/lpc17xx_40xx_emac.o ./lwip/src/arch/lpc17xx_40xx_systick_arch.o ./lwip/src/arch/lpc_debug.o  ./lwip/src/api/api_lib.o ./lwip/src/api/api_msg.o ./lwip/src/api/err.o ./lwip/src/api/netbuf.o ./lwip/src/api/netdb.o ./lwip/src/api/netifapi.o ./lwip/src/api/sockets.o ./lwip/src/api/tcpip.o  ./example/src/cr_startup_lpc175x_6x.o ./example/src/httpd.o ./example/src/lwip_fs.o ./example/src/sysinit.o ./example/src/webserver.o   -llpc_board_nxp_lpcxpresso_1769 -llpc_chip_175x_6x
Finished building target: webserver.axf
 
make --no-print-directory post-build
Performing post-build steps
arm-none-eabi-size "webserver.axf"; # arm-none-eabi-objcopy -v -O binary "webserver.axf" "webserver.bin" ; # checksum -p LPC1769 -d "webserver.bin";
   text	   data	    bss	    dec	    hex	filename
  60832	     12	   1124	  61968	   f210	webserver.axf
 
14:12:45 **** Incremental Build of configuration Debug for project webserver ****
make -r all 
make: Nothing to be done for `all'.
15:03:58 **** Incremental Build of configuration Debug for project lpc_board_nxp_lpcxpresso_1769 ****
make -r all 
make: Nothing to be done for `all'.
15:03:59 **** Incremental Build of configuration Debug for project lpc_chip_175x_6x ****
make -r all 
make: Nothing to be done for `all'.
15:04:00 **** Incremental Build of configuration Debug for project ROV_Controller_Prototype ****
make -r all 
Building file: ../src/ROV_Controller_Prototype.c
Invoking: MCU C Compiler
arm-none-eabi-gcc -DDEBUG -DCORE_M3 -D__CODE_RED -D__USE_LPCOPEN -D__LPC17XX__ -D__REDLIB__ -I"C:\Users\Joey\Documents\LPCXpresso_8.2.2_650\MATE_Workspace\wstest\lpc_board_nxp_lpcxpresso_1769\inc" -I"C:\Users\Joey\Documents\LPCXpresso_8.2.2_650\MATE_Workspace\wstest\lpc_chip_175x_6x\inc" -O0 -fno-common -g3 -Wall -c -fmessage-length=0 -fno-builtin -ffunction-sections -fdata-sections -mcpu=cortex-m3 -mthumb -specs=redlib.specs -MMD -MP -MF"src/ROV_Controller_Prototype.d" -MT"src/ROV_Controller_Prototype.o" -MT"src/ROV_Controller_Prototype.d" -o "src/ROV_Controller_Prototype.o" "../src/ROV_Controller_Prototype.c"
Finished building: ../src/ROV_Controller_Prototype.c
 
Building target: ROV_Controller_Prototype.axf
Invoking: MCU Linker
arm-none-eabi-gcc -nostdlib -L"C:\Users\Joey\Documents\LPCXpresso_8.2.2_650\MATE_Workspace\wstest\lpc_board_nxp_lpcxpresso_1769\Debug" -L"C:\Users\Joey\Documents\LPCXpresso_8.2.2_650\MATE_Workspace\wstest\lpc_chip_175x_6x\Debug" -Xlinker -Map="ROV_Controller_Prototype.map" -Xlinker --gc-sections -Xlinker -print-memory-usage -mcpu=cortex-m3 -mthumb -T "ROV_Controller_Prototype_Debug.ld" -o "ROV_Controller_Prototype.axf"  ./src/ROV_Controller_Prototype.o ./src/cr_startup_lpc175x_6x.o ./src/crp.o ./src/sysinit.o   -llpc_board_nxp_lpcxpresso_1769 -llpc_chip_175x_6x
Memory region         Used Size  Region Size  %age Used
       MFlash512:        7812 B       512 KB      1.49%
        RamLoc32:         316 B        32 KB      0.96%
        RamAHB32:          0 GB        32 KB      0.00%
Finished building target: ROV_Controller_Prototype.axf
 
make --no-print-directory post-build
Performing post-build steps
arm-none-eabi-size "ROV_Controller_Prototype.axf"; # arm-none-eabi-objcopy -v -O binary "ROV_Controller_Prototype.axf" "ROV_Controller_Prototype.bin" ; # checksum -p LPC1769 -d "ROV_Controller_Prototype.bin";
   text	   data	    bss	    dec	    hex	filename
   7752	     60	    256	   8068	   1f84	ROV_Controller_Prototype.axf
 
16:48:15 **** Incremental Build of configuration Debug for project lpc_board_nxp_lpcxpresso_1769 ****
make -r all 
make: Nothing to be done for `all'.
16:48:16 **** Incremental Build of configuration Debug for project lpc_chip_175x_6x ****
make -r all 
make: Nothing to be done for `all'.
16:48:17 **** Incremental Build of configuration Debug for project ROV_Controller_Prototype ****
make -r all 
Building file: ../src/ROV_Controller_Prototype.c
Invoking: MCU C Compiler
arm-none-eabi-gcc -DDEBUG -DCORE_M3 -D__CODE_RED -D__USE_LPCOPEN -D__LPC17XX__ -D__REDLIB__ -I"C:\Users\Joey\Documents\LPCXpresso_8.2.2_650\MATE_Workspace\wstest\lpc_board_nxp_lpcxpresso_1769\inc" -I"C:\Users\Joey\Documents\LPCXpresso_8.2.2_650\MATE_Workspace\wstest\lpc_chip_175x_6x\inc" -O0 -fno-common -g3 -Wall -c -fmessage-length=0 -fno-builtin -ffunction-sections -fdata-sections -mcpu=cortex-m3 -mthumb -specs=redlib.specs -MMD -MP -MF"src/ROV_Controller_Prototype.d" -MT"src/ROV_Controller_Prototype.o" -MT"src/ROV_Controller_Prototype.d" -o "src/ROV_Controller_Prototype.o" "../src/ROV_Controller_Prototype.c"
Finished building: ../src/ROV_Controller_Prototype.c
 
Building target: ROV_Controller_Prototype.axf
Invoking: MCU Linker
arm-none-eabi-gcc -nostdlib -L"C:\Users\Joey\Documents\LPCXpresso_8.2.2_650\MATE_Workspace\wstest\lpc_board_nxp_lpcxpresso_1769\Debug" -L"C:\Users\Joey\Documents\LPCXpresso_8.2.2_650\MATE_Workspace\wstest\lpc_chip_175x_6x\Debug" -Xlinker -Map="ROV_Controller_Prototype.map" -Xlinker --gc-sections -Xlinker -print-memory-usage -mcpu=cortex-m3 -mthumb -T "ROV_Controller_Prototype_Debug.ld" -o "ROV_Controller_Prototype.axf"  ./src/ROV_Controller_Prototype.o ./src/cr_startup_lpc175x_6x.o ./src/crp.o ./src/sysinit.o   -llpc_board_nxp_lpcxpresso_1769 -llpc_chip_175x_6x
Memory region         Used Size  Region Size  %age Used
       MFlash512:        7812 B       512 KB      1.49%
        RamLoc32:         316 B        32 KB      0.96%
        RamAHB32:          0 GB        32 KB      0.00%
Finished building target: ROV_Controller_Prototype.axf
 
make --no-print-directory post-build
Performing post-build steps
arm-none-eabi-size "ROV_Controller_Prototype.axf"; # arm-none-eabi-objcopy -v -O binary "ROV_Controller_Prototype.axf" "ROV_Controller_Prototype.bin" ; # checksum -p LPC1769 -d "ROV_Controller_Prototype.bin";
   text	   data	    bss	    dec	    hex	filename
   7752	     60	    256	   8068	   1f84	ROV_Controller_Prototype.axf
 
16:50:16 **** Incremental Build of configuration Debug for project lpc_board_nxp_lpcxpresso_1769 ****
make -r all 
make: Nothing to be done for `all'.
16:50:17 **** Incremental Build of configuration Debug for project lpc_chip_175x_6x ****
make -r all 
make: Nothing to be done for `all'.
16:50:18 **** Incremental Build of configuration Debug for project webserver ****
make -r all 
Building file: ../example/src/webserver.c
Invoking: MCU C Compiler
arm-none-eabi-gcc -D__REDLIB__ -DDEBUG -D__CODE_RED -D__USE_LPCOPEN -DCORE_M3 -I"C:\Users\Joey\Documents\LPCXpresso_8.2.2_650\MATE_Workspace\wstest\lpc_chip_175x_6x\inc" -I"C:\Users\Joey\Documents\LPCXpresso_8.2.2_650\MATE_Workspace\wstest\lpc_board_nxp_lpcxpresso_1769\inc" -I"C:\Users\Joey\Documents\LPCXpresso_8.2.2_650\MATE_Workspace\wstest\webserver\example\inc" -I"C:\Users\Joey\Documents\LPCXpresso_8.2.2_650\MATE_Workspace\wstest\webserver\lwip\inc" -I"C:\Users\Joey\Documents\LPCXpresso_8.2.2_650\MATE_Workspace\wstest\webserver\lwip\inc\ipv4" -O0 -g3 -Wall -c -fmessage-length=0 -fno-builtin -ffunction-sections -fdata-sections -mcpu=cortex-m3 -mthumb -specs=redlib.specs -MMD -MP -MF"example/src/webserver.d" -MT"example/src/webserver.o" -MT"example/src/webserver.d" -o "example/src/webserver.o" "../example/src/webserver.c"
../example/src/webserver.c: In function 'main':
../example/src/webserver.c:248:11: warning: unused variable 'thruster' [-Wunused-variable]
  uint32_t thruster[6];
           ^
../example/src/webserver.c:247:6: warning: unused variable 'bytes' [-Wunused-variable]
  int bytes;
      ^
../example/src/webserver.c:246:7: warning: unused variable 'started' [-Wunused-variable]
  Bool started = false;
       ^
Finished building: ../example/src/webserver.c
 
Building target: webserver.axf
Invoking: MCU Linker
arm-none-eabi-gcc -nostdlib -L"C:\Users\Joey\Documents\LPCXpresso_8.2.2_650\MATE_Workspace\wstest\lpc_chip_175x_6x\Debug" -L"C:\Users\Joey\Documents\LPCXpresso_8.2.2_650\MATE_Workspace\wstest\lpc_board_nxp_lpcxpresso_1769\Debug" -Xlinker -Map="webserver.map" -Xlinker --gc-sections -mcpu=cortex-m3 -mthumb -T "webserver_Debug.ld" -o "webserver.axf"  ./lwip/src/netif/etharp.o ./lwip/src/netif/ethernetif.o  ./lwip/src/core/ipv4/autoip.o ./lwip/src/core/ipv4/icmp.o ./lwip/src/core/ipv4/igmp.o ./lwip/src/core/ipv4/inet.o ./lwip/src/core/ipv4/inet_chksum.o ./lwip/src/core/ipv4/ip.o ./lwip/src/core/ipv4/ip_addr.o ./lwip/src/core/ipv4/ip_frag.o  ./lwip/src/core/def.o ./lwip/src/core/dhcp.o ./lwip/src/core/dns.o ./lwip/src/core/init.o ./lwip/src/core/mem.o ./lwip/src/core/memp.o ./lwip/src/core/netif.o ./lwip/src/core/pbuf.o ./lwip/src/core/raw.o ./lwip/src/core/stats.o ./lwip/src/core/sys.o ./lwip/src/core/tcp.o ./lwip/src/core/tcp_in.o ./lwip/src/core/tcp_out.o ./lwip/src/core/timers.o ./lwip/src/core/udp.o  ./lwip/src/arch/lpc17xx_40xx_emac.o ./lwip/src/arch/lpc17xx_40xx_systick_arch.o ./lwip/src/arch/lpc_debug.o  ./lwip/src/api/api_lib.o ./lwip/src/api/api_msg.o ./lwip/src/api/err.o ./lwip/src/api/netbuf.o ./lwip/src/api/netdb.o ./lwip/src/api/netifapi.o ./lwip/src/api/sockets.o ./lwip/src/api/tcpip.o  ./example/src/cr_startup_lpc175x_6x.o ./example/src/httpd.o ./example/src/lwip_fs.o ./example/src/sysinit.o ./example/src/webserver.o   -llpc_board_nxp_lpcxpresso_1769 -llpc_chip_175x_6x
Finished building target: webserver.axf
 
make --no-print-directory post-build
Performing post-build steps
arm-none-eabi-size "webserver.axf"; # arm-none-eabi-objcopy -v -O binary "webserver.axf" "webserver.bin" ; # checksum -p LPC1769 -d "webserver.bin";
   text	   data	    bss	    dec	    hex	filename
  60848	     12	   1124	  61984	   f220	webserver.axf
 
16:52:05 **** Incremental Build of configuration Debug for project lpc_board_nxp_lpcxpresso_1769 ****
make -r all 
make: Nothing to be done for `all'.
16:52:06 **** Incremental Build of configuration Debug for project lpc_chip_175x_6x ****
make -r all 
make: Nothing to be done for `all'.
16:52:07 **** Incremental Build of configuration Debug for project webserver ****
make -r all 
Building file: ../example/src/webserver.c
Invoking: MCU C Compiler
arm-none-eabi-gcc -D__REDLIB__ -DDEBUG -D__CODE_RED -D__USE_LPCOPEN -DCORE_M3 -I"C:\Users\Joey\Documents\LPCXpresso_8.2.2_650\MATE_Workspace\wstest\lpc_chip_175x_6x\inc" -I"C:\Users\Joey\Documents\LPCXpresso_8.2.2_650\MATE_Workspace\wstest\lpc_board_nxp_lpcxpresso_1769\inc" -I"C:\Users\Joey\Documents\LPCXpresso_8.2.2_650\MATE_Workspace\wstest\webserver\example\inc" -I"C:\Users\Joey\Documents\LPCXpresso_8.2.2_650\MATE_Workspace\wstest\webserver\lwip\inc" -I"C:\Users\Joey\Documents\LPCXpresso_8.2.2_650\MATE_Workspace\wstest\webserver\lwip\inc\ipv4" -O0 -g3 -Wall -c -fmessage-length=0 -fno-builtin -ffunction-sections -fdata-sections -mcpu=cortex-m3 -mthumb -specs=redlib.specs -MMD -MP -MF"example/src/webserver.d" -MT"example/src/webserver.o" -MT"example/src/webserver.d" -o "example/src/webserver.o" "../example/src/webserver.c"
../example/src/webserver.c: In function 'main':
../example/src/webserver.c:404:53: error: 'movement' undeclared (first use in this function)
   thruster[FRT] = 1500u + multDiv(multDiv((neg(to32(movement[LX])) + to32(movement[LY]) + neg(to32(movement[RZ]))), 200u, '*'), (0x10000u * 3u), '/');
                                                     ^
../example/src/webserver.c:404:53: note: each undeclared identifier is reported only once for each function it appears in
../example/src/webserver.c:408:12: error: 'RVT' undeclared (first use in this function)
   thruster[RVT] = 1500u + multDiv(multDiv((neg(to32(movement[LZ])) + to32(movement[RY])), 200u, '*'), (0x10000u * 2u), '/');
            ^
../example/src/webserver.c:409:12: error: 'LVT' undeclared (first use in this function)
   thruster[LVT] = 1500u + multDiv(multDiv((neg(to32(movement[LZ])) + neg(to32(movement[RY]))), 200u, '*'), (0x10000u * 2u), '/');
            ^
../example/src/webserver.c:247:6: warning: unused variable 'bytes' [-Wunused-variable]
  int bytes;
      ^
../example/src/webserver.c:246:7: warning: unused variable 'started' [-Wunused-variable]
  Bool started = false;
       ^
make: *** [example/src/webserver.o] Error 1
16:52:33 **** Incremental Build of configuration Debug for project lpc_board_nxp_lpcxpresso_1769 ****
make -r all 
make: Nothing to be done for `all'.
16:52:34 **** Incremental Build of configuration Debug for project lpc_chip_175x_6x ****
make -r all 
make: Nothing to be done for `all'.
16:52:35 **** Incremental Build of configuration Debug for project webserver ****
make -r all 
Building file: ../example/src/webserver.c
Invoking: MCU C Compiler
arm-none-eabi-gcc -D__REDLIB__ -DDEBUG -D__CODE_RED -D__USE_LPCOPEN -DCORE_M3 -I"C:\Users\Joey\Documents\LPCXpresso_8.2.2_650\MATE_Workspace\wstest\lpc_chip_175x_6x\inc" -I"C:\Users\Joey\Documents\LPCXpresso_8.2.2_650\MATE_Workspace\wstest\lpc_board_nxp_lpcxpresso_1769\inc" -I"C:\Users\Joey\Documents\LPCXpresso_8.2.2_650\MATE_Workspace\wstest\webserver\example\inc" -I"C:\Users\Joey\Documents\LPCXpresso_8.2.2_650\MATE_Workspace\wstest\webserver\lwip\inc" -I"C:\Users\Joey\Documents\LPCXpresso_8.2.2_650\MATE_Workspace\wstest\webserver\lwip\inc\ipv4" -O0 -g3 -Wall -c -fmessage-length=0 -fno-builtin -ffunction-sections -fdata-sections -mcpu=cortex-m3 -mthumb -specs=redlib.specs -MMD -MP -MF"example/src/webserver.d" -MT"example/src/webserver.o" -MT"example/src/webserver.d" -o "example/src/webserver.o" "../example/src/webserver.c"
../example/src/webserver.c: In function 'main':
../example/src/webserver.c:404:53: error: 'movement' undeclared (first use in this function)
   thruster[FRT] = 1500u + multDiv(multDiv((neg(to32(movement[LX])) + to32(movement[LY]) + neg(to32(movement[RZ]))), 200u, '*'), (0x10000u * 3u), '/');
                                                     ^
../example/src/webserver.c:404:53: note: each undeclared identifier is reported only once for each function it appears in
../example/src/webserver.c:247:6: warning: unused variable 'bytes' [-Wunused-variable]
  int bytes;
      ^
../example/src/webserver.c:246:7: warning: unused variable 'started' [-Wunused-variable]
  Bool started = false;
       ^
make: *** [example/src/webserver.o] Error 1
16:53:07 **** Incremental Build of configuration Debug for project lpc_board_nxp_lpcxpresso_1769 ****
make -r all 
make: Nothing to be done for `all'.
16:53:08 **** Incremental Build of configuration Debug for project lpc_chip_175x_6x ****
make -r all 
make: Nothing to be done for `all'.
16:53:09 **** Incremental Build of configuration Debug for project webserver ****
make -r all 
Building file: ../example/src/webserver.c
Invoking: MCU C Compiler
arm-none-eabi-gcc -D__REDLIB__ -DDEBUG -D__CODE_RED -D__USE_LPCOPEN -DCORE_M3 -I"C:\Users\Joey\Documents\LPCXpresso_8.2.2_650\MATE_Workspace\wstest\lpc_chip_175x_6x\inc" -I"C:\Users\Joey\Documents\LPCXpresso_8.2.2_650\MATE_Workspace\wstest\lpc_board_nxp_lpcxpresso_1769\inc" -I"C:\Users\Joey\Documents\LPCXpresso_8.2.2_650\MATE_Workspace\wstest\webserver\example\inc" -I"C:\Users\Joey\Documents\LPCXpresso_8.2.2_650\MATE_Workspace\wstest\webserver\lwip\inc" -I"C:\Users\Joey\Documents\LPCXpresso_8.2.2_650\MATE_Workspace\wstest\webserver\lwip\inc\ipv4" -O0 -g3 -Wall -c -fmessage-length=0 -fno-builtin -ffunction-sections -fdata-sections -mcpu=cortex-m3 -mthumb -specs=redlib.specs -MMD -MP -MF"example/src/webserver.d" -MT"example/src/webserver.o" -MT"example/src/webserver.d" -o "example/src/webserver.o" "../example/src/webserver.c"
../example/src/webserver.c: In function 'main':
../example/src/webserver.c:247:6: warning: unused variable 'bytes' [-Wunused-variable]
  int bytes;
      ^
../example/src/webserver.c:246:7: warning: unused variable 'started' [-Wunused-variable]
  Bool started = false;
       ^
Finished building: ../example/src/webserver.c
 
Building target: webserver.axf
Invoking: MCU Linker
arm-none-eabi-gcc -nostdlib -L"C:\Users\Joey\Documents\LPCXpresso_8.2.2_650\MATE_Workspace\wstest\lpc_chip_175x_6x\Debug" -L"C:\Users\Joey\Documents\LPCXpresso_8.2.2_650\MATE_Workspace\wstest\lpc_board_nxp_lpcxpresso_1769\Debug" -Xlinker -Map="webserver.map" -Xlinker --gc-sections -mcpu=cortex-m3 -mthumb -T "webserver_Debug.ld" -o "webserver.axf"  ./lwip/src/netif/etharp.o ./lwip/src/netif/ethernetif.o  ./lwip/src/core/ipv4/autoip.o ./lwip/src/core/ipv4/icmp.o ./lwip/src/core/ipv4/igmp.o ./lwip/src/core/ipv4/inet.o ./lwip/src/core/ipv4/inet_chksum.o ./lwip/src/core/ipv4/ip.o ./lwip/src/core/ipv4/ip_addr.o ./lwip/src/core/ipv4/ip_frag.o  ./lwip/src/core/def.o ./lwip/src/core/dhcp.o ./lwip/src/core/dns.o ./lwip/src/core/init.o ./lwip/src/core/mem.o ./lwip/src/core/memp.o ./lwip/src/core/netif.o ./lwip/src/core/pbuf.o ./lwip/src/core/raw.o ./lwip/src/core/stats.o ./lwip/src/core/sys.o ./lwip/src/core/tcp.o ./lwip/src/core/tcp_in.o ./lwip/src/core/tcp_out.o ./lwip/src/core/timers.o ./lwip/src/core/udp.o  ./lwip/src/arch/lpc17xx_40xx_emac.o ./lwip/src/arch/lpc17xx_40xx_systick_arch.o ./lwip/src/arch/lpc_debug.o  ./lwip/src/api/api_lib.o ./lwip/src/api/api_msg.o ./lwip/src/api/err.o ./lwip/src/api/netbuf.o ./lwip/src/api/netdb.o ./lwip/src/api/netifapi.o ./lwip/src/api/sockets.o ./lwip/src/api/tcpip.o  ./example/src/cr_startup_lpc175x_6x.o ./example/src/httpd.o ./example/src/lwip_fs.o ./example/src/sysinit.o ./example/src/webserver.o   -llpc_board_nxp_lpcxpresso_1769 -llpc_chip_175x_6x
Finished building target: webserver.axf
 
make --no-print-directory post-build
Performing post-build steps
arm-none-eabi-size "webserver.axf"; # arm-none-eabi-objcopy -v -O binary "webserver.axf" "webserver.bin" ; # checksum -p LPC1769 -d "webserver.bin";
   text	   data	    bss	    dec	    hex	filename
  61576	     12	   1124	  62712	   f4f8	webserver.axf
 
17:05:10 **** Incremental Build of configuration Debug for project lpc_board_nxp_lpcxpresso_1769 ****
make -r all 
make: Nothing to be done for `all'.
17:05:11 **** Incremental Build of configuration Debug for project lpc_chip_175x_6x ****
make -r all 
make: Nothing to be done for `all'.
17:05:12 **** Incremental Build of configuration Debug for project webserver ****
make -r all 
Building file: ../example/src/webserver.c
Invoking: MCU C Compiler
arm-none-eabi-gcc -D__REDLIB__ -DDEBUG -D__CODE_RED -D__USE_LPCOPEN -DCORE_M3 -I"C:\Users\Joey\Documents\LPCXpresso_8.2.2_650\MATE_Workspace\wstest\lpc_chip_175x_6x\inc" -I"C:\Users\Joey\Documents\LPCXpresso_8.2.2_650\MATE_Workspace\wstest\lpc_board_nxp_lpcxpresso_1769\inc" -I"C:\Users\Joey\Documents\LPCXpresso_8.2.2_650\MATE_Workspace\wstest\webserver\example\inc" -I"C:\Users\Joey\Documents\LPCXpresso_8.2.2_650\MATE_Workspace\wstest\webserver\lwip\inc" -I"C:\Users\Joey\Documents\LPCXpresso_8.2.2_650\MATE_Workspace\wstest\webserver\lwip\inc\ipv4" -O0 -g3 -Wall -c -fmessage-length=0 -fno-builtin -ffunction-sections -fdata-sections -mcpu=cortex-m3 -mthumb -specs=redlib.specs -MMD -MP -MF"example/src/webserver.d" -MT"example/src/webserver.o" -MT"example/src/webserver.d" -o "example/src/webserver.o" "../example/src/webserver.c"
../example/src/webserver.c: In function 'main':
../example/src/webserver.c:412:44: error: 'TX' undeclared (first use in this function)
     strncat(http_index_html, ROVparam_vals[TX * 4], 4);
                                            ^
../example/src/webserver.c:412:44: note: each undeclared identifier is reported only once for each function it appears in
../example/src/webserver.c:414:44: error: 'TY' undeclared (first use in this function)
     strncat(http_index_html, ROVparam_vals[TY * 4], 4);
                                            ^
../example/src/webserver.c:416:44: error: 'TZ' undeclared (first use in this function)
     strncat(http_index_html, ROVparam_vals[TZ * 4], 4);
                                            ^
../example/src/webserver.c:418:30: warning: passing argument 2 of 'strncat' makes pointer from integer without a cast [-Wint-conversion]
     strncat(http_index_html, ROVparam_vals[RX * 4], 4);
                              ^
In file included from ../example/src/webserver.c:53:0:
c:\nxp\lpcxpresso_8.2.2_650\lpcxpresso\tools\redlib\include\string.h:42:14: note: expected 'const char * restrict' but argument is of type 'char'
 extern char *strncat(char * restrict __s1,
              ^
../example/src/webserver.c:420:30: warning: passing argument 2 of 'strncat' makes pointer from integer without a cast [-Wint-conversion]
     strncat(http_index_html, ROVparam_vals[RY * 4], 4);
                              ^
In file included from ../example/src/webserver.c:53:0:
c:\nxp\lpcxpresso_8.2.2_650\lpcxpresso\tools\redlib\include\string.h:42:14: note: expected 'const char * restrict' but argument is of type 'char'
 extern char *strncat(char * restrict __s1,
              ^
../example/src/webserver.c:422:30: warning: passing argument 2 of 'strncat' makes pointer from integer without a cast [-Wint-conversion]
     strncat(http_index_html, ROVparam_vals[RZ * 4], 4);
                              ^
In file included from ../example/src/webserver.c:53:0:
c:\nxp\lpcxpresso_8.2.2_650\lpcxpresso\tools\redlib\include\string.h:42:14: note: expected 'const char * restrict' but argument is of type 'char'
 extern char *strncat(char * restrict __s1,
              ^
../example/src/webserver.c:424:30: warning: passing argument 2 of 'strncat' makes pointer from integer without a cast [-Wint-conversion]
     strncat(http_index_html, ROVparam_vals[BTN * 4], 4);
                              ^
In file included from ../example/src/webserver.c:53:0:
c:\nxp\lpcxpresso_8.2.2_650\lpcxpresso\tools\redlib\include\string.h:42:14: note: expected 'const char * restrict' but argument is of type 'char'
 extern char *strncat(char * restrict __s1,
              ^
make: *** [example/src/webserver.o] Error 1
17:05:38 **** Incremental Build of configuration Debug for project lpc_board_nxp_lpcxpresso_1769 ****
make -r all 
make: Nothing to be done for `all'.
17:05:39 **** Incremental Build of configuration Debug for project lpc_chip_175x_6x ****
make -r all 
make: Nothing to be done for `all'.
17:05:40 **** Incremental Build of configuration Debug for project webserver ****
make -r all 
Building file: ../example/src/webserver.c
Invoking: MCU C Compiler
arm-none-eabi-gcc -D__REDLIB__ -DDEBUG -D__CODE_RED -D__USE_LPCOPEN -DCORE_M3 -I"C:\Users\Joey\Documents\LPCXpresso_8.2.2_650\MATE_Workspace\wstest\lpc_chip_175x_6x\inc" -I"C:\Users\Joey\Documents\LPCXpresso_8.2.2_650\MATE_Workspace\wstest\lpc_board_nxp_lpcxpresso_1769\inc" -I"C:\Users\Joey\Documents\LPCXpresso_8.2.2_650\MATE_Workspace\wstest\webserver\example\inc" -I"C:\Users\Joey\Documents\LPCXpresso_8.2.2_650\MATE_Workspace\wstest\webserver\lwip\inc" -I"C:\Users\Joey\Documents\LPCXpresso_8.2.2_650\MATE_Workspace\wstest\webserver\lwip\inc\ipv4" -O0 -g3 -Wall -c -fmessage-length=0 -fno-builtin -ffunction-sections -fdata-sections -mcpu=cortex-m3 -mthumb -specs=redlib.specs -MMD -MP -MF"example/src/webserver.d" -MT"example/src/webserver.o" -MT"example/src/webserver.d" -o "example/src/webserver.o" "../example/src/webserver.c"
../example/src/webserver.c: In function 'main':
../example/src/webserver.c:412:30: warning: passing argument 2 of 'strncat' makes pointer from integer without a cast [-Wint-conversion]
     strncat(http_index_html, ROVparam_vals[TX * 4], 4);
                              ^
In file included from ../example/src/webserver.c:53:0:
c:\nxp\lpcxpresso_8.2.2_650\lpcxpresso\tools\redlib\include\string.h:42:14: note: expected 'const char * restrict' but argument is of type 'char'
 extern char *strncat(char * restrict __s1,
              ^
../example/src/webserver.c:414:30: warning: passing argument 2 of 'strncat' makes pointer from integer without a cast [-Wint-conversion]
     strncat(http_index_html, ROVparam_vals[TY * 4], 4);
                              ^
In file included from ../example/src/webserver.c:53:0:
c:\nxp\lpcxpresso_8.2.2_650\lpcxpresso\tools\redlib\include\string.h:42:14: note: expected 'const char * restrict' but argument is of type 'char'
 extern char *strncat(char * restrict __s1,
              ^
../example/src/webserver.c:416:30: warning: passing argument 2 of 'strncat' makes pointer from integer without a cast [-Wint-conversion]
     strncat(http_index_html, ROVparam_vals[TZ * 4], 4);
                              ^
In file included from ../example/src/webserver.c:53:0:
c:\nxp\lpcxpresso_8.2.2_650\lpcxpresso\tools\redlib\include\string.h:42:14: note: expected 'const char * restrict' but argument is of type 'char'
 extern char *strncat(char * restrict __s1,
              ^
../example/src/webserver.c:418:30: warning: passing argument 2 of 'strncat' makes pointer from integer without a cast [-Wint-conversion]
     strncat(http_index_html, ROVparam_vals[RX * 4], 4);
                              ^
In file included from ../example/src/webserver.c:53:0:
c:\nxp\lpcxpresso_8.2.2_650\lpcxpresso\tools\redlib\include\string.h:42:14: note: expected 'const char * restrict' but argument is of type 'char'
 extern char *strncat(char * restrict __s1,
              ^
../example/src/webserver.c:420:30: warning: passing argument 2 of 'strncat' makes pointer from integer without a cast [-Wint-conversion]
     strncat(http_index_html, ROVparam_vals[RY * 4], 4);
                              ^
In file included from ../example/src/webserver.c:53:0:
c:\nxp\lpcxpresso_8.2.2_650\lpcxpresso\tools\redlib\include\string.h:42:14: note: expected 'const char * restrict' but argument is of type 'char'
 extern char *strncat(char * restrict __s1,
              ^
../example/src/webserver.c:422:30: warning: passing argument 2 of 'strncat' makes pointer from integer without a cast [-Wint-conversion]
     strncat(http_index_html, ROVparam_vals[RZ * 4], 4);
                              ^
In file included from ../example/src/webserver.c:53:0:
c:\nxp\lpcxpresso_8.2.2_650\lpcxpresso\tools\redlib\include\string.h:42:14: note: expected 'const char * restrict' but argument is of type 'char'
 extern char *strncat(char * restrict __s1,
              ^
../example/src/webserver.c:424:30: warning: passing argument 2 of 'strncat' makes pointer from integer without a cast [-Wint-conversion]
     strncat(http_index_html, ROVparam_vals[BTN * 4], 4);
                              ^
In file included from ../example/src/webserver.c:53:0:
c:\nxp\lpcxpresso_8.2.2_650\lpcxpresso\tools\redlib\include\string.h:42:14: note: expected 'const char * restrict' but argument is of type 'char'
 extern char *strncat(char * restrict __s1,
              ^
../example/src/webserver.c:430:58: error: 'LX' undeclared (first use in this function)
    thruster[FRT] = 1500u + multDiv(multDiv((neg(to32(cmd[LX])) + to32(cmd[LY]) + neg(to32(cmd[RZ]))), 200u, '*'), (0x10000u * 3u), '/');
                                                          ^
../example/src/webserver.c:430:58: note: each undeclared identifier is reported only once for each function it appears in
../example/src/webserver.c:430:75: error: 'LY' undeclared (first use in this function)
    thruster[FRT] = 1500u + multDiv(multDiv((neg(to32(cmd[LX])) + to32(cmd[LY]) + neg(to32(cmd[RZ]))), 200u, '*'), (0x10000u * 3u), '/');
                                                                           ^
../example/src/webserver.c:434:58: error: 'LZ' undeclared (first use in this function)
    thruster[RVT] = 1500u + multDiv(multDiv((neg(to32(cmd[LZ])) + to32(cmd[RY])), 200u, '*'), (0x10000u * 2u), '/');
                                                          ^
make: *** [example/src/webserver.o] Error 1
17:07:02 **** Incremental Build of configuration Debug for project lpc_board_nxp_lpcxpresso_1769 ****
make -r all 
make: Nothing to be done for `all'.
17:07:03 **** Incremental Build of configuration Debug for project lpc_chip_175x_6x ****
make -r all 
make: Nothing to be done for `all'.
17:07:04 **** Incremental Build of configuration Debug for project webserver ****
make -r all 
Building file: ../example/src/webserver.c
Invoking: MCU C Compiler
arm-none-eabi-gcc -D__REDLIB__ -DDEBUG -D__CODE_RED -D__USE_LPCOPEN -DCORE_M3 -I"C:\Users\Joey\Documents\LPCXpresso_8.2.2_650\MATE_Workspace\wstest\lpc_chip_175x_6x\inc" -I"C:\Users\Joey\Documents\LPCXpresso_8.2.2_650\MATE_Workspace\wstest\lpc_board_nxp_lpcxpresso_1769\inc" -I"C:\Users\Joey\Documents\LPCXpresso_8.2.2_650\MATE_Workspace\wstest\webserver\example\inc" -I"C:\Users\Joey\Documents\LPCXpresso_8.2.2_650\MATE_Workspace\wstest\webserver\lwip\inc" -I"C:\Users\Joey\Documents\LPCXpresso_8.2.2_650\MATE_Workspace\wstest\webserver\lwip\inc\ipv4" -O0 -g3 -Wall -c -fmessage-length=0 -fno-builtin -ffunction-sections -fdata-sections -mcpu=cortex-m3 -mthumb -specs=redlib.specs -MMD -MP -MF"example/src/webserver.d" -MT"example/src/webserver.o" -MT"example/src/webserver.d" -o "example/src/webserver.o" "../example/src/webserver.c"
../example/src/webserver.c: In function 'main':
../example/src/webserver.c:346:18: error: 'PHY_LINK_FULLDUPTX' undeclared (first use in this function)
     if (physts & PHY_LINK_FULLDUPTX) {
                  ^
../example/src/webserver.c:346:18: note: each undeclared identifier is reported only once for each function it appears in
../example/src/webserver.c:412:30: warning: passing argument 2 of 'strncat' makes pointer from integer without a cast [-Wint-conversion]
     strncat(http_index_html, ROVparam_vals[TX * 4], 4);
                              ^
In file included from ../example/src/webserver.c:53:0:
c:\nxp\lpcxpresso_8.2.2_650\lpcxpresso\tools\redlib\include\string.h:42:14: note: expected 'const char * restrict' but argument is of type 'char'
 extern char *strncat(char * restrict __s1,
              ^
../example/src/webserver.c:414:30: warning: passing argument 2 of 'strncat' makes pointer from integer without a cast [-Wint-conversion]
     strncat(http_index_html, ROVparam_vals[TY * 4], 4);
                              ^
In file included from ../example/src/webserver.c:53:0:
c:\nxp\lpcxpresso_8.2.2_650\lpcxpresso\tools\redlib\include\string.h:42:14: note: expected 'const char * restrict' but argument is of type 'char'
 extern char *strncat(char * restrict __s1,
              ^
../example/src/webserver.c:416:30: warning: passing argument 2 of 'strncat' makes pointer from integer without a cast [-Wint-conversion]
     strncat(http_index_html, ROVparam_vals[TZ * 4], 4);
                              ^
In file included from ../example/src/webserver.c:53:0:
c:\nxp\lpcxpresso_8.2.2_650\lpcxpresso\tools\redlib\include\string.h:42:14: note: expected 'const char * restrict' but argument is of type 'char'
 extern char *strncat(char * restrict __s1,
              ^
../example/src/webserver.c:418:30: warning: passing argument 2 of 'strncat' makes pointer from integer without a cast [-Wint-conversion]
     strncat(http_index_html, ROVparam_vals[RX * 4], 4);
                              ^
In file included from ../example/src/webserver.c:53:0:
c:\nxp\lpcxpresso_8.2.2_650\lpcxpresso\tools\redlib\include\string.h:42:14: note: expected 'const char * restrict' but argument is of type 'char'
 extern char *strncat(char * restrict __s1,
              ^
../example/src/webserver.c:420:30: warning: passing argument 2 of 'strncat' makes pointer from integer without a cast [-Wint-conversion]
     strncat(http_index_html, ROVparam_vals[RY * 4], 4);
                              ^
In file included from ../example/src/webserver.c:53:0:
c:\nxp\lpcxpresso_8.2.2_650\lpcxpresso\tools\redlib\include\string.h:42:14: note: expected 'const char * restrict' but argument is of type 'char'
 extern char *strncat(char * restrict __s1,
              ^
../example/src/webserver.c:422:30: warning: passing argument 2 of 'strncat' makes pointer from integer without a cast [-Wint-conversion]
     strncat(http_index_html, ROVparam_vals[RZ * 4], 4);
                              ^
In file included from ../example/src/webserver.c:53:0:
c:\nxp\lpcxpresso_8.2.2_650\lpcxpresso\tools\redlib\include\string.h:42:14: note: expected 'const char * restrict' but argument is of type 'char'
 extern char *strncat(char * restrict __s1,
              ^
../example/src/webserver.c:424:30: warning: passing argument 2 of 'strncat' makes pointer from integer without a cast [-Wint-conversion]
     strncat(http_index_html, ROVparam_vals[BTN * 4], 4);
                              ^
In file included from ../example/src/webserver.c:53:0:
c:\nxp\lpcxpresso_8.2.2_650\lpcxpresso\tools\redlib\include\string.h:42:14: note: expected 'const char * restrict' but argument is of type 'char'
 extern char *strncat(char * restrict __s1,
              ^
make: *** [example/src/webserver.o] Error 1
17:07:49 **** Incremental Build of configuration Debug for project lpc_board_nxp_lpcxpresso_1769 ****
make -r all 
make: Nothing to be done for `all'.
17:07:49 **** Incremental Build of configuration Debug for project lpc_chip_175x_6x ****
make -r all 
make: Nothing to be done for `all'.
17:07:50 **** Incremental Build of configuration Debug for project webserver ****
make -r all 
Building file: ../example/src/webserver.c
Invoking: MCU C Compiler
arm-none-eabi-gcc -D__REDLIB__ -DDEBUG -D__CODE_RED -D__USE_LPCOPEN -DCORE_M3 -I"C:\Users\Joey\Documents\LPCXpresso_8.2.2_650\MATE_Workspace\wstest\lpc_chip_175x_6x\inc" -I"C:\Users\Joey\Documents\LPCXpresso_8.2.2_650\MATE_Workspace\wstest\lpc_board_nxp_lpcxpresso_1769\inc" -I"C:\Users\Joey\Documents\LPCXpresso_8.2.2_650\MATE_Workspace\wstest\webserver\example\inc" -I"C:\Users\Joey\Documents\LPCXpresso_8.2.2_650\MATE_Workspace\wstest\webserver\lwip\inc" -I"C:\Users\Joey\Documents\LPCXpresso_8.2.2_650\MATE_Workspace\wstest\webserver\lwip\inc\ipv4" -O0 -g3 -Wall -c -fmessage-length=0 -fno-builtin -ffunction-sections -fdata-sections -mcpu=cortex-m3 -mthumb -specs=redlib.specs -MMD -MP -MF"example/src/webserver.d" -MT"example/src/webserver.o" -MT"example/src/webserver.d" -o "example/src/webserver.o" "../example/src/webserver.c"
../example/src/webserver.c: In function 'main':
../example/src/webserver.c:412:30: warning: passing argument 2 of 'strncat' makes pointer from integer without a cast [-Wint-conversion]
     strncat(http_index_html, ROVparam_vals[TX * 4], 4);
                              ^
In file included from ../example/src/webserver.c:53:0:
c:\nxp\lpcxpresso_8.2.2_650\lpcxpresso\tools\redlib\include\string.h:42:14: note: expected 'const char * restrict' but argument is of type 'char'
 extern char *strncat(char * restrict __s1,
              ^
../example/src/webserver.c:414:30: warning: passing argument 2 of 'strncat' makes pointer from integer without a cast [-Wint-conversion]
     strncat(http_index_html, ROVparam_vals[TY * 4], 4);
                              ^
In file included from ../example/src/webserver.c:53:0:
c:\nxp\lpcxpresso_8.2.2_650\lpcxpresso\tools\redlib\include\string.h:42:14: note: expected 'const char * restrict' but argument is of type 'char'
 extern char *strncat(char * restrict __s1,
              ^
../example/src/webserver.c:416:30: warning: passing argument 2 of 'strncat' makes pointer from integer without a cast [-Wint-conversion]
     strncat(http_index_html, ROVparam_vals[TZ * 4], 4);
                              ^
In file included from ../example/src/webserver.c:53:0:
c:\nxp\lpcxpresso_8.2.2_650\lpcxpresso\tools\redlib\include\string.h:42:14: note: expected 'const char * restrict' but argument is of type 'char'
 extern char *strncat(char * restrict __s1,
              ^
../example/src/webserver.c:418:30: warning: passing argument 2 of 'strncat' makes pointer from integer without a cast [-Wint-conversion]
     strncat(http_index_html, ROVparam_vals[RX * 4], 4);
                              ^
In file included from ../example/src/webserver.c:53:0:
c:\nxp\lpcxpresso_8.2.2_650\lpcxpresso\tools\redlib\include\string.h:42:14: note: expected 'const char * restrict' but argument is of type 'char'
 extern char *strncat(char * restrict __s1,
              ^
../example/src/webserver.c:420:30: warning: passing argument 2 of 'strncat' makes pointer from integer without a cast [-Wint-conversion]
     strncat(http_index_html, ROVparam_vals[RY * 4], 4);
                              ^
In file included from ../example/src/webserver.c:53:0:
c:\nxp\lpcxpresso_8.2.2_650\lpcxpresso\tools\redlib\include\string.h:42:14: note: expected 'const char * restrict' but argument is of type 'char'
 extern char *strncat(char * restrict __s1,
              ^
../example/src/webserver.c:422:30: warning: passing argument 2 of 'strncat' makes pointer from integer without a cast [-Wint-conversion]
     strncat(http_index_html, ROVparam_vals[RZ * 4], 4);
                              ^
In file included from ../example/src/webserver.c:53:0:
c:\nxp\lpcxpresso_8.2.2_650\lpcxpresso\tools\redlib\include\string.h:42:14: note: expected 'const char * restrict' but argument is of type 'char'
 extern char *strncat(char * restrict __s1,
              ^
../example/src/webserver.c:424:30: warning: passing argument 2 of 'strncat' makes pointer from integer without a cast [-Wint-conversion]
     strncat(http_index_html, ROVparam_vals[BTN * 4], 4);
                              ^
In file included from ../example/src/webserver.c:53:0:
c:\nxp\lpcxpresso_8.2.2_650\lpcxpresso\tools\redlib\include\string.h:42:14: note: expected 'const char * restrict' but argument is of type 'char'
 extern char *strncat(char * restrict __s1,
              ^
Finished building: ../example/src/webserver.c
 
Building target: webserver.axf
Invoking: MCU Linker
arm-none-eabi-gcc -nostdlib -L"C:\Users\Joey\Documents\LPCXpresso_8.2.2_650\MATE_Workspace\wstest\lpc_chip_175x_6x\Debug" -L"C:\Users\Joey\Documents\LPCXpresso_8.2.2_650\MATE_Workspace\wstest\lpc_board_nxp_lpcxpresso_1769\Debug" -Xlinker -Map="webserver.map" -Xlinker --gc-sections -mcpu=cortex-m3 -mthumb -T "webserver_Debug.ld" -o "webserver.axf"  ./lwip/src/netif/etharp.o ./lwip/src/netif/ethernetif.o  ./lwip/src/core/ipv4/autoip.o ./lwip/src/core/ipv4/icmp.o ./lwip/src/core/ipv4/igmp.o ./lwip/src/core/ipv4/inet.o ./lwip/src/core/ipv4/inet_chksum.o ./lwip/src/core/ipv4/ip.o ./lwip/src/core/ipv4/ip_addr.o ./lwip/src/core/ipv4/ip_frag.o  ./lwip/src/core/def.o ./lwip/src/core/dhcp.o ./lwip/src/core/dns.o ./lwip/src/core/init.o ./lwip/src/core/mem.o ./lwip/src/core/memp.o ./lwip/src/core/netif.o ./lwip/src/core/pbuf.o ./lwip/src/core/raw.o ./lwip/src/core/stats.o ./lwip/src/core/sys.o ./lwip/src/core/tcp.o ./lwip/src/core/tcp_in.o ./lwip/src/core/tcp_out.o ./lwip/src/core/timers.o ./lwip/src/core/udp.o  ./lwip/src/arch/lpc17xx_40xx_emac.o ./lwip/src/arch/lpc17xx_40xx_systick_arch.o ./lwip/src/arch/lpc_debug.o  ./lwip/src/api/api_lib.o ./lwip/src/api/api_msg.o ./lwip/src/api/err.o ./lwip/src/api/netbuf.o ./lwip/src/api/netdb.o ./lwip/src/api/netifapi.o ./lwip/src/api/sockets.o ./lwip/src/api/tcpip.o  ./example/src/cr_startup_lpc175x_6x.o ./example/src/httpd.o ./example/src/lwip_fs.o ./example/src/sysinit.o ./example/src/webserver.o   -llpc_board_nxp_lpcxpresso_1769 -llpc_chip_175x_6x
Finished building target: webserver.axf
 
make --no-print-directory post-build
Performing post-build steps
arm-none-eabi-size "webserver.axf"; # arm-none-eabi-objcopy -v -O binary "webserver.axf" "webserver.bin" ; # checksum -p LPC1769 -d "webserver.bin";
   text	   data	    bss	    dec	    hex	filename
  61928	     12	   1124	  63064	   f658	webserver.axf
 
17:09:11 **** Incremental Build of configuration Debug for project lpc_board_nxp_lpcxpresso_1769 ****
make -r all 
make: Nothing to be done for `all'.
17:09:11 **** Incremental Build of configuration Debug for project lpc_chip_175x_6x ****
make -r all 
make: Nothing to be done for `all'.
17:09:13 **** Incremental Build of configuration Debug for project webserver ****
make -r all 
Building file: ../example/src/webserver.c
Invoking: MCU C Compiler
arm-none-eabi-gcc -D__REDLIB__ -DDEBUG -D__CODE_RED -D__USE_LPCOPEN -DCORE_M3 -I"C:\Users\Joey\Documents\LPCXpresso_8.2.2_650\MATE_Workspace\wstest\lpc_chip_175x_6x\inc" -I"C:\Users\Joey\Documents\LPCXpresso_8.2.2_650\MATE_Workspace\wstest\lpc_board_nxp_lpcxpresso_1769\inc" -I"C:\Users\Joey\Documents\LPCXpresso_8.2.2_650\MATE_Workspace\wstest\webserver\example\inc" -I"C:\Users\Joey\Documents\LPCXpresso_8.2.2_650\MATE_Workspace\wstest\webserver\lwip\inc" -I"C:\Users\Joey\Documents\LPCXpresso_8.2.2_650\MATE_Workspace\wstest\webserver\lwip\inc\ipv4" -O0 -g3 -Wall -c -fmessage-length=0 -fno-builtin -ffunction-sections -fdata-sections -mcpu=cortex-m3 -mthumb -specs=redlib.specs -MMD -MP -MF"example/src/webserver.d" -MT"example/src/webserver.o" -MT"example/src/webserver.d" -o "example/src/webserver.o" "../example/src/webserver.c"
Finished building: ../example/src/webserver.c
 
Building target: webserver.axf
Invoking: MCU Linker
arm-none-eabi-gcc -nostdlib -L"C:\Users\Joey\Documents\LPCXpresso_8.2.2_650\MATE_Workspace\wstest\lpc_chip_175x_6x\Debug" -L"C:\Users\Joey\Documents\LPCXpresso_8.2.2_650\MATE_Workspace\wstest\lpc_board_nxp_lpcxpresso_1769\Debug" -Xlinker -Map="webserver.map" -Xlinker --gc-sections -mcpu=cortex-m3 -mthumb -T "webserver_Debug.ld" -o "webserver.axf"  ./lwip/src/netif/etharp.o ./lwip/src/netif/ethernetif.o  ./lwip/src/core/ipv4/autoip.o ./lwip/src/core/ipv4/icmp.o ./lwip/src/core/ipv4/igmp.o ./lwip/src/core/ipv4/inet.o ./lwip/src/core/ipv4/inet_chksum.o ./lwip/src/core/ipv4/ip.o ./lwip/src/core/ipv4/ip_addr.o ./lwip/src/core/ipv4/ip_frag.o  ./lwip/src/core/def.o ./lwip/src/core/dhcp.o ./lwip/src/core/dns.o ./lwip/src/core/init.o ./lwip/src/core/mem.o ./lwip/src/core/memp.o ./lwip/src/core/netif.o ./lwip/src/core/pbuf.o ./lwip/src/core/raw.o ./lwip/src/core/stats.o ./lwip/src/core/sys.o ./lwip/src/core/tcp.o ./lwip/src/core/tcp_in.o ./lwip/src/core/tcp_out.o ./lwip/src/core/timers.o ./lwip/src/core/udp.o  ./lwip/src/arch/lpc17xx_40xx_emac.o ./lwip/src/arch/lpc17xx_40xx_systick_arch.o ./lwip/src/arch/lpc_debug.o  ./lwip/src/api/api_lib.o ./lwip/src/api/api_msg.o ./lwip/src/api/err.o ./lwip/src/api/netbuf.o ./lwip/src/api/netdb.o ./lwip/src/api/netifapi.o ./lwip/src/api/sockets.o ./lwip/src/api/tcpip.o  ./example/src/cr_startup_lpc175x_6x.o ./example/src/httpd.o ./example/src/lwip_fs.o ./example/src/sysinit.o ./example/src/webserver.o   -llpc_board_nxp_lpcxpresso_1769 -llpc_chip_175x_6x
Finished building target: webserver.axf
 
make --no-print-directory post-build
Performing post-build steps
arm-none-eabi-size "webserver.axf"; # arm-none-eabi-objcopy -v -O binary "webserver.axf" "webserver.bin" ; # checksum -p LPC1769 -d "webserver.bin";
   text	   data	    bss	    dec	    hex	filename
  61936	     12	   1124	  63072	   f660	webserver.axf
 
17:34:14 **** Incremental Build of configuration Debug for project lpc_board_nxp_lpcxpresso_1769 ****
make -r all 
make: Nothing to be done for `all'.
17:34:15 **** Incremental Build of configuration Debug for project lpc_chip_175x_6x ****
make -r all 
make: Nothing to be done for `all'.
17:34:17 **** Incremental Build of configuration Debug for project webserver ****
make -r all 
make: Nothing to be done for `all'.
17:34:33 **** Incremental Build of configuration Debug for project lpc_board_nxp_lpcxpresso_1769 ****
make -r all 
make: Nothing to be done for `all'.
17:34:33 **** Incremental Build of configuration Debug for project lpc_chip_175x_6x ****
make -r all 
make: Nothing to be done for `all'.
17:34:34 **** Incremental Build of configuration Debug for project webserver ****
make -r all 
make: Nothing to be done for `all'.
17:34:36 **** Incremental Build of configuration Debug for project webserver ****
make -r all 
make: Nothing to be done for `all'.
17:37:30 **** Incremental Build of configuration Debug for project lpc_board_nxp_lpcxpresso_1769 ****
make -r all 
make: Nothing to be done for `all'.
17:37:31 **** Incremental Build of configuration Debug for project lpc_chip_175x_6x ****
make -r all 
make: Nothing to be done for `all'.
17:37:32 **** Incremental Build of configuration Debug for project webserver ****
make -r all 
Building file: ../example/src/webserver.c
Invoking: MCU C Compiler
arm-none-eabi-gcc -D__REDLIB__ -DDEBUG -D__CODE_RED -D__USE_LPCOPEN -DCORE_M3 -I"C:\Users\Joey\Documents\LPCXpresso_8.2.2_650\MATE_Workspace\wstest\lpc_chip_175x_6x\inc" -I"C:\Users\Joey\Documents\LPCXpresso_8.2.2_650\MATE_Workspace\wstest\lpc_board_nxp_lpcxpresso_1769\inc" -I"C:\Users\Joey\Documents\LPCXpresso_8.2.2_650\MATE_Workspace\wstest\webserver\example\inc" -I"C:\Users\Joey\Documents\LPCXpresso_8.2.2_650\MATE_Workspace\wstest\webserver\lwip\inc" -I"C:\Users\Joey\Documents\LPCXpresso_8.2.2_650\MATE_Workspace\wstest\webserver\lwip\inc\ipv4" -O0 -g3 -Wall -c -fmessage-length=0 -fno-builtin -ffunction-sections -fdata-sections -mcpu=cortex-m3 -mthumb -specs=redlib.specs -MMD -MP -MF"example/src/webserver.d" -MT"example/src/webserver.o" -MT"example/src/webserver.d" -o "example/src/webserver.o" "../example/src/webserver.c"
Finished building: ../example/src/webserver.c
 
Building target: webserver.axf
Invoking: MCU Linker
arm-none-eabi-gcc -nostdlib -L"C:\Users\Joey\Documents\LPCXpresso_8.2.2_650\MATE_Workspace\wstest\lpc_chip_175x_6x\Debug" -L"C:\Users\Joey\Documents\LPCXpresso_8.2.2_650\MATE_Workspace\wstest\lpc_board_nxp_lpcxpresso_1769\Debug" -Xlinker -Map="webserver.map" -Xlinker --gc-sections -mcpu=cortex-m3 -mthumb -T "webserver_Debug.ld" -o "webserver.axf"  ./lwip/src/netif/etharp.o ./lwip/src/netif/ethernetif.o  ./lwip/src/core/ipv4/autoip.o ./lwip/src/core/ipv4/icmp.o ./lwip/src/core/ipv4/igmp.o ./lwip/src/core/ipv4/inet.o ./lwip/src/core/ipv4/inet_chksum.o ./lwip/src/core/ipv4/ip.o ./lwip/src/core/ipv4/ip_addr.o ./lwip/src/core/ipv4/ip_frag.o  ./lwip/src/core/def.o ./lwip/src/core/dhcp.o ./lwip/src/core/dns.o ./lwip/src/core/init.o ./lwip/src/core/mem.o ./lwip/src/core/memp.o ./lwip/src/core/netif.o ./lwip/src/core/pbuf.o ./lwip/src/core/raw.o ./lwip/src/core/stats.o ./lwip/src/core/sys.o ./lwip/src/core/tcp.o ./lwip/src/core/tcp_in.o ./lwip/src/core/tcp_out.o ./lwip/src/core/timers.o ./lwip/src/core/udp.o  ./lwip/src/arch/lpc17xx_40xx_emac.o ./lwip/src/arch/lpc17xx_40xx_systick_arch.o ./lwip/src/arch/lpc_debug.o  ./lwip/src/api/api_lib.o ./lwip/src/api/api_msg.o ./lwip/src/api/err.o ./lwip/src/api/netbuf.o ./lwip/src/api/netdb.o ./lwip/src/api/netifapi.o ./lwip/src/api/sockets.o ./lwip/src/api/tcpip.o  ./example/src/cr_startup_lpc175x_6x.o ./example/src/httpd.o ./example/src/lwip_fs.o ./example/src/sysinit.o ./example/src/webserver.o   -llpc_board_nxp_lpcxpresso_1769 -llpc_chip_175x_6x
Finished building target: webserver.axf
 
make --no-print-directory post-build
Performing post-build steps
arm-none-eabi-size "webserver.axf"; # arm-none-eabi-objcopy -v -O binary "webserver.axf" "webserver.bin" ; # checksum -p LPC1769 -d "webserver.bin";
   text	   data	    bss	    dec	    hex	filename
  61936	     12	   1124	  63072	   f660	webserver.axf
 
17:37:35 **** Incremental Build of configuration Debug for project webserver ****
make -r all 
make: Nothing to be done for `all'.
17:39:45 **** Incremental Build of configuration Debug for project lpc_board_nxp_lpcxpresso_1769 ****
make -r all 
make: Nothing to be done for `all'.
17:39:46 **** Incremental Build of configuration Debug for project lpc_chip_175x_6x ****
make -r all 
make: Nothing to be done for `all'.
17:39:47 **** Incremental Build of configuration Debug for project webserver ****
make -r all 
Building file: ../example/src/webserver.c
Invoking: MCU C Compiler
arm-none-eabi-gcc -D__REDLIB__ -DDEBUG -D__CODE_RED -D__USE_LPCOPEN -DCORE_M3 -I"C:\Users\Joey\Documents\LPCXpresso_8.2.2_650\MATE_Workspace\wstest\lpc_chip_175x_6x\inc" -I"C:\Users\Joey\Documents\LPCXpresso_8.2.2_650\MATE_Workspace\wstest\lpc_board_nxp_lpcxpresso_1769\inc" -I"C:\Users\Joey\Documents\LPCXpresso_8.2.2_650\MATE_Workspace\wstest\webserver\example\inc" -I"C:\Users\Joey\Documents\LPCXpresso_8.2.2_650\MATE_Workspace\wstest\webserver\lwip\inc" -I"C:\Users\Joey\Documents\LPCXpresso_8.2.2_650\MATE_Workspace\wstest\webserver\lwip\inc\ipv4" -O0 -g3 -Wall -c -fmessage-length=0 -fno-builtin -ffunction-sections -fdata-sections -mcpu=cortex-m3 -mthumb -specs=redlib.specs -MMD -MP -MF"example/src/webserver.d" -MT"example/src/webserver.o" -MT"example/src/webserver.d" -o "example/src/webserver.o" "../example/src/webserver.c"
Finished building: ../example/src/webserver.c
 
Building target: webserver.axf
Invoking: MCU Linker
arm-none-eabi-gcc -nostdlib -L"C:\Users\Joey\Documents\LPCXpresso_8.2.2_650\MATE_Workspace\wstest\lpc_chip_175x_6x\Debug" -L"C:\Users\Joey\Documents\LPCXpresso_8.2.2_650\MATE_Workspace\wstest\lpc_board_nxp_lpcxpresso_1769\Debug" -Xlinker -Map="webserver.map" -Xlinker --gc-sections -mcpu=cortex-m3 -mthumb -T "webserver_Debug.ld" -o "webserver.axf"  ./lwip/src/netif/etharp.o ./lwip/src/netif/ethernetif.o  ./lwip/src/core/ipv4/autoip.o ./lwip/src/core/ipv4/icmp.o ./lwip/src/core/ipv4/igmp.o ./lwip/src/core/ipv4/inet.o ./lwip/src/core/ipv4/inet_chksum.o ./lwip/src/core/ipv4/ip.o ./lwip/src/core/ipv4/ip_addr.o ./lwip/src/core/ipv4/ip_frag.o  ./lwip/src/core/def.o ./lwip/src/core/dhcp.o ./lwip/src/core/dns.o ./lwip/src/core/init.o ./lwip/src/core/mem.o ./lwip/src/core/memp.o ./lwip/src/core/netif.o ./lwip/src/core/pbuf.o ./lwip/src/core/raw.o ./lwip/src/core/stats.o ./lwip/src/core/sys.o ./lwip/src/core/tcp.o ./lwip/src/core/tcp_in.o ./lwip/src/core/tcp_out.o ./lwip/src/core/timers.o ./lwip/src/core/udp.o  ./lwip/src/arch/lpc17xx_40xx_emac.o ./lwip/src/arch/lpc17xx_40xx_systick_arch.o ./lwip/src/arch/lpc_debug.o  ./lwip/src/api/api_lib.o ./lwip/src/api/api_msg.o ./lwip/src/api/err.o ./lwip/src/api/netbuf.o ./lwip/src/api/netdb.o ./lwip/src/api/netifapi.o ./lwip/src/api/sockets.o ./lwip/src/api/tcpip.o  ./example/src/cr_startup_lpc175x_6x.o ./example/src/httpd.o ./example/src/lwip_fs.o ./example/src/sysinit.o ./example/src/webserver.o   -llpc_board_nxp_lpcxpresso_1769 -llpc_chip_175x_6x
Finished building target: webserver.axf
 
make --no-print-directory post-build
Performing post-build steps
arm-none-eabi-size "webserver.axf"; # arm-none-eabi-objcopy -v -O binary "webserver.axf" "webserver.bin" ; # checksum -p LPC1769 -d "webserver.bin";
   text	   data	    bss	    dec	    hex	filename
  61712	     12	   1124	  62848	   f580	webserver.axf
 
17:39:50 **** Incremental Build of configuration Debug for project webserver ****
make -r all 
make: Nothing to be done for `all'.
17:40:26 **** Incremental Build of configuration Debug for project lpc_board_nxp_lpcxpresso_1769 ****
make -r all 
make: Nothing to be done for `all'.
17:40:27 **** Incremental Build of configuration Debug for project lpc_chip_175x_6x ****
make -r all 
make: Nothing to be done for `all'.
17:40:28 **** Incremental Build of configuration Debug for project webserver ****
make -r all 
Building file: ../example/src/webserver.c
Invoking: MCU C Compiler
arm-none-eabi-gcc -D__REDLIB__ -DDEBUG -D__CODE_RED -D__USE_LPCOPEN -DCORE_M3 -I"C:\Users\Joey\Documents\LPCXpresso_8.2.2_650\MATE_Workspace\wstest\lpc_chip_175x_6x\inc" -I"C:\Users\Joey\Documents\LPCXpresso_8.2.2_650\MATE_Workspace\wstest\lpc_board_nxp_lpcxpresso_1769\inc" -I"C:\Users\Joey\Documents\LPCXpresso_8.2.2_650\MATE_Workspace\wstest\webserver\example\inc" -I"C:\Users\Joey\Documents\LPCXpresso_8.2.2_650\MATE_Workspace\wstest\webserver\lwip\inc" -I"C:\Users\Joey\Documents\LPCXpresso_8.2.2_650\MATE_Workspace\wstest\webserver\lwip\inc\ipv4" -O0 -g3 -Wall -c -fmessage-length=0 -fno-builtin -ffunction-sections -fdata-sections -mcpu=cortex-m3 -mthumb -specs=redlib.specs -MMD -MP -MF"example/src/webserver.d" -MT"example/src/webserver.o" -MT"example/src/webserver.d" -o "example/src/webserver.o" "../example/src/webserver.c"
Finished building: ../example/src/webserver.c
 
Building target: webserver.axf
Invoking: MCU Linker
arm-none-eabi-gcc -nostdlib -L"C:\Users\Joey\Documents\LPCXpresso_8.2.2_650\MATE_Workspace\wstest\lpc_chip_175x_6x\Debug" -L"C:\Users\Joey\Documents\LPCXpresso_8.2.2_650\MATE_Workspace\wstest\lpc_board_nxp_lpcxpresso_1769\Debug" -Xlinker -Map="webserver.map" -Xlinker --gc-sections -mcpu=cortex-m3 -mthumb -T "webserver_Debug.ld" -o "webserver.axf"  ./lwip/src/netif/etharp.o ./lwip/src/netif/ethernetif.o  ./lwip/src/core/ipv4/autoip.o ./lwip/src/core/ipv4/icmp.o ./lwip/src/core/ipv4/igmp.o ./lwip/src/core/ipv4/inet.o ./lwip/src/core/ipv4/inet_chksum.o ./lwip/src/core/ipv4/ip.o ./lwip/src/core/ipv4/ip_addr.o ./lwip/src/core/ipv4/ip_frag.o  ./lwip/src/core/def.o ./lwip/src/core/dhcp.o ./lwip/src/core/dns.o ./lwip/src/core/init.o ./lwip/src/core/mem.o ./lwip/src/core/memp.o ./lwip/src/core/netif.o ./lwip/src/core/pbuf.o ./lwip/src/core/raw.o ./lwip/src/core/stats.o ./lwip/src/core/sys.o ./lwip/src/core/tcp.o ./lwip/src/core/tcp_in.o ./lwip/src/core/tcp_out.o ./lwip/src/core/timers.o ./lwip/src/core/udp.o  ./lwip/src/arch/lpc17xx_40xx_emac.o ./lwip/src/arch/lpc17xx_40xx_systick_arch.o ./lwip/src/arch/lpc_debug.o  ./lwip/src/api/api_lib.o ./lwip/src/api/api_msg.o ./lwip/src/api/err.o ./lwip/src/api/netbuf.o ./lwip/src/api/netdb.o ./lwip/src/api/netifapi.o ./lwip/src/api/sockets.o ./lwip/src/api/tcpip.o  ./example/src/cr_startup_lpc175x_6x.o ./example/src/httpd.o ./example/src/lwip_fs.o ./example/src/sysinit.o ./example/src/webserver.o   -llpc_board_nxp_lpcxpresso_1769 -llpc_chip_175x_6x
Finished building target: webserver.axf
 
make --no-print-directory post-build
Performing post-build steps
arm-none-eabi-size "webserver.axf"; # arm-none-eabi-objcopy -v -O binary "webserver.axf" "webserver.bin" ; # checksum -p LPC1769 -d "webserver.bin";
   text	   data	    bss	    dec	    hex	filename
  61664	     12	   1124	  62800	   f550	webserver.axf
 
17:40:31 **** Incremental Build of configuration Debug for project webserver ****
make -r all 
make: Nothing to be done for `all'.
17:41:45 **** Incremental Build of configuration Debug for project lpc_board_nxp_lpcxpresso_1769 ****
make -r all 
make: Nothing to be done for `all'.
17:41:47 **** Incremental Build of configuration Debug for project lpc_chip_175x_6x ****
make -r all 
make: Nothing to be done for `all'.
17:41:48 **** Incremental Build of configuration Debug for project webserver ****
make -r all 
Building file: ../example/src/webserver.c
Invoking: MCU C Compiler
arm-none-eabi-gcc -D__REDLIB__ -DDEBUG -D__CODE_RED -D__USE_LPCOPEN -DCORE_M3 -I"C:\Users\Joey\Documents\LPCXpresso_8.2.2_650\MATE_Workspace\wstest\lpc_chip_175x_6x\inc" -I"C:\Users\Joey\Documents\LPCXpresso_8.2.2_650\MATE_Workspace\wstest\lpc_board_nxp_lpcxpresso_1769\inc" -I"C:\Users\Joey\Documents\LPCXpresso_8.2.2_650\MATE_Workspace\wstest\webserver\example\inc" -I"C:\Users\Joey\Documents\LPCXpresso_8.2.2_650\MATE_Workspace\wstest\webserver\lwip\inc" -I"C:\Users\Joey\Documents\LPCXpresso_8.2.2_650\MATE_Workspace\wstest\webserver\lwip\inc\ipv4" -O0 -g3 -Wall -c -fmessage-length=0 -fno-builtin -ffunction-sections -fdata-sections -mcpu=cortex-m3 -mthumb -specs=redlib.specs -MMD -MP -MF"example/src/webserver.d" -MT"example/src/webserver.o" -MT"example/src/webserver.d" -o "example/src/webserver.o" "../example/src/webserver.c"
Finished building: ../example/src/webserver.c
 
Building target: webserver.axf
Invoking: MCU Linker
[...]
Finished building: ../example/src/webserver.c
 
Building target: webserver.axf
Invoking: MCU Linker
arm-none-eabi-gcc -nostdlib -L"C:\Users\Joey\Documents\LPCXpresso_8.2.2_650\MATE_Workspace\wstest\lpc_chip_175x_6x\Debug" -L"C:\Users\Joey\Documents\LPCXpresso_8.2.2_650\MATE_Workspace\wstest\lpc_board_nxp_lpcxpresso_1769\Debug" -Xlinker -Map="webserver.map" -Xlinker --gc-sections -mcpu=cortex-m3 -mthumb -T "webserver_Debug.ld" -o "webserver.axf"  ./lwip/src/netif/etharp.o ./lwip/src/netif/ethernetif.o  ./lwip/src/core/ipv4/autoip.o ./lwip/src/core/ipv4/icmp.o ./lwip/src/core/ipv4/igmp.o ./lwip/src/core/ipv4/inet.o ./lwip/src/core/ipv4/inet_chksum.o ./lwip/src/core/ipv4/ip.o ./lwip/src/core/ipv4/ip_addr.o ./lwip/src/core/ipv4/ip_frag.o  ./lwip/src/core/def.o ./lwip/src/core/dhcp.o ./lwip/src/core/dns.o ./lwip/src/core/init.o ./lwip/src/core/mem.o ./lwip/src/core/memp.o ./lwip/src/core/netif.o ./lwip/src/core/pbuf.o ./lwip/src/core/raw.o ./lwip/src/core/stats.o ./lwip/src/core/sys.o ./lwip/src/core/tcp.o ./lwip/src/core/tcp_in.o ./lwip/src/core/tcp_out.o ./lwip/src/core/timers.o ./lwip/src/core/udp.o  ./lwip/src/arch/lpc17xx_40xx_emac.o ./lwip/src/arch/lpc17xx_40xx_systick_arch.o ./lwip/src/arch/lpc_debug.o  ./lwip/src/api/api_lib.o ./lwip/src/api/api_msg.o ./lwip/src/api/err.o ./lwip/src/api/netbuf.o ./lwip/src/api/netdb.o ./lwip/src/api/netifapi.o ./lwip/src/api/sockets.o ./lwip/src/api/tcpip.o  ./example/src/cr_startup_lpc175x_6x.o ./example/src/httpd.o ./example/src/lwip_fs.o ./example/src/sysinit.o ./example/src/webserver.o   -llpc_board_nxp_lpcxpresso_1769 -llpc_chip_175x_6x
Finished building target: webserver.axf
 
make --no-print-directory post-build
Performing post-build steps
arm-none-eabi-size "webserver.axf"; # arm-none-eabi-objcopy -v -O binary "webserver.axf" "webserver.bin" ; # checksum -p LPC1769 -d "webserver.bin";
   text	   data	    bss	    dec	    hex	filename
  61888	     12	   1124	  63024	   f630	webserver.axf
 
19:13:27 **** Incremental Build of configuration Debug for project webserver ****
make -r all 
make: Nothing to be done for `all'.
20:16:01 **** Incremental Build of configuration Debug for project lpc_board_nxp_lpcxpresso_1769 ****
make -r all 
make: Nothing to be done for `all'.
20:16:05 **** Incremental Build of configuration Debug for project lpc_chip_175x_6x ****
make -r all 
make: Nothing to be done for `all'.
20:16:08 **** Incremental Build of configuration Debug for project webserver ****
make -r all 
Building file: ../example/src/webserver.c
Invoking: MCU C Compiler
arm-none-eabi-gcc -D__REDLIB__ -DDEBUG -D__CODE_RED -D__USE_LPCOPEN -DCORE_M3 -I"C:\Users\Joey\Documents\LPCXpresso_8.2.2_650\MATE_Workspace\wstest\lpc_chip_175x_6x\inc" -I"C:\Users\Joey\Documents\LPCXpresso_8.2.2_650\MATE_Workspace\wstest\lpc_board_nxp_lpcxpresso_1769\inc" -I"C:\Users\Joey\Documents\LPCXpresso_8.2.2_650\MATE_Workspace\wstest\webserver\example\inc" -I"C:\Users\Joey\Documents\LPCXpresso_8.2.2_650\MATE_Workspace\wstest\webserver\lwip\inc" -I"C:\Users\Joey\Documents\LPCXpresso_8.2.2_650\MATE_Workspace\wstest\webserver\lwip\inc\ipv4" -O0 -g3 -Wall -c -fmessage-length=0 -fno-builtin -ffunction-sections -fdata-sections -mcpu=cortex-m3 -mthumb -specs=redlib.specs -MMD -MP -MF"example/src/webserver.d" -MT"example/src/webserver.o" -MT"example/src/webserver.d" -o "example/src/webserver.o" "../example/src/webserver.c"
Finished building: ../example/src/webserver.c
 
Building target: webserver.axf
Invoking: MCU Linker
arm-none-eabi-gcc -nostdlib -L"C:\Users\Joey\Documents\LPCXpresso_8.2.2_650\MATE_Workspace\wstest\lpc_chip_175x_6x\Debug" -L"C:\Users\Joey\Documents\LPCXpresso_8.2.2_650\MATE_Workspace\wstest\lpc_board_nxp_lpcxpresso_1769\Debug" -Xlinker -Map="webserver.map" -Xlinker --gc-sections -mcpu=cortex-m3 -mthumb -T "webserver_Debug.ld" -o "webserver.axf"  ./lwip/src/netif/etharp.o ./lwip/src/netif/ethernetif.o  ./lwip/src/core/ipv4/autoip.o ./lwip/src/core/ipv4/icmp.o ./lwip/src/core/ipv4/igmp.o ./lwip/src/core/ipv4/inet.o ./lwip/src/core/ipv4/inet_chksum.o ./lwip/src/core/ipv4/ip.o ./lwip/src/core/ipv4/ip_addr.o ./lwip/src/core/ipv4/ip_frag.o  ./lwip/src/core/def.o ./lwip/src/core/dhcp.o ./lwip/src/core/dns.o ./lwip/src/core/init.o ./lwip/src/core/mem.o ./lwip/src/core/memp.o ./lwip/src/core/netif.o ./lwip/src/core/pbuf.o ./lwip/src/core/raw.o ./lwip/src/core/stats.o ./lwip/src/core/sys.o ./lwip/src/core/tcp.o ./lwip/src/core/tcp_in.o ./lwip/src/core/tcp_out.o ./lwip/src/core/timers.o ./lwip/src/core/udp.o  ./lwip/src/arch/lpc17xx_40xx_emac.o ./lwip/src/arch/lpc17xx_40xx_systick_arch.o ./lwip/src/arch/lpc_debug.o  ./lwip/src/api/api_lib.o ./lwip/src/api/api_msg.o ./lwip/src/api/err.o ./lwip/src/api/netbuf.o ./lwip/src/api/netdb.o ./lwip/src/api/netifapi.o ./lwip/src/api/sockets.o ./lwip/src/api/tcpip.o  ./example/src/cr_startup_lpc175x_6x.o ./example/src/httpd.o ./example/src/lwip_fs.o ./example/src/sysinit.o ./example/src/webserver.o   -llpc_board_nxp_lpcxpresso_1769 -llpc_chip_175x_6x
Finished building target: webserver.axf
 
make --no-print-directory post-build
Performing post-build steps
arm-none-eabi-size "webserver.axf"; # arm-none-eabi-objcopy -v -O binary "webserver.axf" "webserver.bin" ; # checksum -p LPC1769 -d "webserver.bin";
   text	   data	    bss	    dec	    hex	filename
  61904	     12	   1124	  63040	   f640	webserver.axf
 
20:16:14 **** Incremental Build of configuration Debug for project webserver ****
make -r all 
make: Nothing to be done for `all'.
22:06:23 **** Incremental Build of configuration Debug for project lpc_board_nxp_lpcxpresso_1769 ****
make -r all 
make: Nothing to be done for `all'.
22:06:24 **** Incremental Build of configuration Debug for project lpc_chip_175x_6x ****
make -r all 
make: Nothing to be done for `all'.
22:06:25 **** Incremental Build of configuration Debug for project webserver ****
make -r all 
Building file: ../example/src/httpd.c
Invoking: MCU C Compiler
arm-none-eabi-gcc -D__REDLIB__ -DDEBUG -D__CODE_RED -D__USE_LPCOPEN -DCORE_M3 -I"C:\Users\Joey\Documents\LPCXpresso_8.2.2_650\MATE_Workspace\wstest\lpc_chip_175x_6x\inc" -I"C:\Users\Joey\Documents\LPCXpresso_8.2.2_650\MATE_Workspace\wstest\lpc_board_nxp_lpcxpresso_1769\inc" -I"C:\Users\Joey\Documents\LPCXpresso_8.2.2_650\MATE_Workspace\wstest\webserver\example\inc" -I"C:\Users\Joey\Documents\LPCXpresso_8.2.2_650\MATE_Workspace\wstest\webserver\lwip\inc" -I"C:\Users\Joey\Documents\LPCXpresso_8.2.2_650\MATE_Workspace\wstest\webserver\lwip\inc\ipv4" -O0 -g3 -Wall -c -fmessage-length=0 -fno-builtin -ffunction-sections -fdata-sections -mcpu=cortex-m3 -mthumb -specs=redlib.specs -MMD -MP -MF"example/src/httpd.d" -MT"example/src/httpd.o" -MT"example/src/httpd.d" -o "example/src/httpd.o" "../example/src/httpd.c"
Finished building: ../example/src/httpd.c
 
Building target: webserver.axf
Invoking: MCU Linker
arm-none-eabi-gcc -nostdlib -L"C:\Users\Joey\Documents\LPCXpresso_8.2.2_650\MATE_Workspace\wstest\lpc_chip_175x_6x\Debug" -L"C:\Users\Joey\Documents\LPCXpresso_8.2.2_650\MATE_Workspace\wstest\lpc_board_nxp_lpcxpresso_1769\Debug" -Xlinker -Map="webserver.map" -Xlinker --gc-sections -mcpu=cortex-m3 -mthumb -T "webserver_Debug.ld" -o "webserver.axf"  ./lwip/src/netif/etharp.o ./lwip/src/netif/ethernetif.o  ./lwip/src/core/ipv4/autoip.o ./lwip/src/core/ipv4/icmp.o ./lwip/src/core/ipv4/igmp.o ./lwip/src/core/ipv4/inet.o ./lwip/src/core/ipv4/inet_chksum.o ./lwip/src/core/ipv4/ip.o ./lwip/src/core/ipv4/ip_addr.o ./lwip/src/core/ipv4/ip_frag.o  ./lwip/src/core/def.o ./lwip/src/core/dhcp.o ./lwip/src/core/dns.o ./lwip/src/core/init.o ./lwip/src/core/mem.o ./lwip/src/core/memp.o ./lwip/src/core/netif.o ./lwip/src/core/pbuf.o ./lwip/src/core/raw.o ./lwip/src/core/stats.o ./lwip/src/core/sys.o ./lwip/src/core/tcp.o ./lwip/src/core/tcp_in.o ./lwip/src/core/tcp_out.o ./lwip/src/core/timers.o ./lwip/src/core/udp.o  ./lwip/src/arch/lpc17xx_40xx_emac.o ./lwip/src/arch/lpc17xx_40xx_systick_arch.o ./lwip/src/arch/lpc_debug.o  ./lwip/src/api/api_lib.o ./lwip/src/api/api_msg.o ./lwip/src/api/err.o ./lwip/src/api/netbuf.o ./lwip/src/api/netdb.o ./lwip/src/api/netifapi.o ./lwip/src/api/sockets.o ./lwip/src/api/tcpip.o  ./example/src/cr_startup_lpc175x_6x.o ./example/src/httpd.o ./example/src/lwip_fs.o ./example/src/sysinit.o ./example/src/webserver.o   -llpc_board_nxp_lpcxpresso_1769 -llpc_chip_175x_6x
Finished building target: webserver.axf
 
make --no-print-directory post-build
Performing post-build steps
arm-none-eabi-size "webserver.axf"; # arm-none-eabi-objcopy -v -O binary "webserver.axf" "webserver.bin" ; # checksum -p LPC1769 -d "webserver.bin";
   text	   data	    bss	    dec	    hex	filename
  61904	      8	   1124	  63036	   f63c	webserver.axf
 
22:06:28 **** Incremental Build of configuration Debug for project webserver ****
make -r all 
make: Nothing to be done for `all'.
22:07:12 **** Incremental Build of configuration Debug for project lpc_board_nxp_lpcxpresso_1769 ****
make -r all 
make: Nothing to be done for `all'.
22:07:13 **** Incremental Build of configuration Debug for project lpc_chip_175x_6x ****
make -r all 
make: Nothing to be done for `all'.
22:07:14 **** Incremental Build of configuration Debug for project webserver ****
make -r all 
Building file: ../example/src/httpd.c
Invoking: MCU C Compiler
arm-none-eabi-gcc -D__REDLIB__ -DDEBUG -D__CODE_RED -D__USE_LPCOPEN -DCORE_M3 -I"C:\Users\Joey\Documents\LPCXpresso_8.2.2_650\MATE_Workspace\wstest\lpc_chip_175x_6x\inc" -I"C:\Users\Joey\Documents\LPCXpresso_8.2.2_650\MATE_Workspace\wstest\lpc_board_nxp_lpcxpresso_1769\inc" -I"C:\Users\Joey\Documents\LPCXpresso_8.2.2_650\MATE_Workspace\wstest\webserver\example\inc" -I"C:\Users\Joey\Documents\LPCXpresso_8.2.2_650\MATE_Workspace\wstest\webserver\lwip\inc" -I"C:\Users\Joey\Documents\LPCXpresso_8.2.2_650\MATE_Workspace\wstest\webserver\lwip\inc\ipv4" -O0 -g3 -Wall -c -fmessage-length=0 -fno-builtin -ffunction-sections -fdata-sections -mcpu=cortex-m3 -mthumb -specs=redlib.specs -MMD -MP -MF"example/src/httpd.d" -MT"example/src/httpd.o" -MT"example/src/httpd.d" -o "example/src/httpd.o" "../example/src/httpd.c"
Finished building: ../example/src/httpd.c
 
Building target: webserver.axf
Invoking: MCU Linker
arm-none-eabi-gcc -nostdlib -L"C:\Users\Joey\Documents\LPCXpresso_8.2.2_650\MATE_Workspace\wstest\lpc_chip_175x_6x\Debug" -L"C:\Users\Joey\Documents\LPCXpresso_8.2.2_650\MATE_Workspace\wstest\lpc_board_nxp_lpcxpresso_1769\Debug" -Xlinker -Map="webserver.map" -Xlinker --gc-sections -mcpu=cortex-m3 -mthumb -T "webserver_Debug.ld" -o "webserver.axf"  ./lwip/src/netif/etharp.o ./lwip/src/netif/ethernetif.o  ./lwip/src/core/ipv4/autoip.o ./lwip/src/core/ipv4/icmp.o ./lwip/src/core/ipv4/igmp.o ./lwip/src/core/ipv4/inet.o ./lwip/src/core/ipv4/inet_chksum.o ./lwip/src/core/ipv4/ip.o ./lwip/src/core/ipv4/ip_addr.o ./lwip/src/core/ipv4/ip_frag.o  ./lwip/src/core/def.o ./lwip/src/core/dhcp.o ./lwip/src/core/dns.o ./lwip/src/core/init.o ./lwip/src/core/mem.o ./lwip/src/core/memp.o ./lwip/src/core/netif.o ./lwip/src/core/pbuf.o ./lwip/src/core/raw.o ./lwip/src/core/stats.o ./lwip/src/core/sys.o ./lwip/src/core/tcp.o ./lwip/src/core/tcp_in.o ./lwip/src/core/tcp_out.o ./lwip/src/core/timers.o ./lwip/src/core/udp.o  ./lwip/src/arch/lpc17xx_40xx_emac.o ./lwip/src/arch/lpc17xx_40xx_systick_arch.o ./lwip/src/arch/lpc_debug.o  ./lwip/src/api/api_lib.o ./lwip/src/api/api_msg.o ./lwip/src/api/err.o ./lwip/src/api/netbuf.o ./lwip/src/api/netdb.o ./lwip/src/api/netifapi.o ./lwip/src/api/sockets.o ./lwip/src/api/tcpip.o  ./example/src/cr_startup_lpc175x_6x.o ./example/src/httpd.o ./example/src/lwip_fs.o ./example/src/sysinit.o ./example/src/webserver.o   -llpc_board_nxp_lpcxpresso_1769 -llpc_chip_175x_6x
Finished building target: webserver.axf
 
make --no-print-directory post-build
Performing post-build steps
arm-none-eabi-size "webserver.axf"; # arm-none-eabi-objcopy -v -O binary "webserver.axf" "webserver.bin" ; # checksum -p LPC1769 -d "webserver.bin";
   text	   data	    bss	    dec	    hex	filename
  61904	      8	   1124	  63036	   f63c	webserver.axf
 
22:07:17 **** Incremental Build of configuration Debug for project webserver ****
make -r all 
make: Nothing to be done for `all'.
22:08:28 **** Incremental Build of configuration Debug for project lpc_board_nxp_lpcxpresso_1769 ****
make -r all 
make: Nothing to be done for `all'.
22:08:29 **** Incremental Build of configuration Debug for project lpc_chip_175x_6x ****
make -r all 
make: Nothing to be done for `all'.
22:08:30 **** Incremental Build of configuration Debug for project webserver ****
make -r all 
Building file: ../example/src/httpd.c
Invoking: MCU C Compiler
arm-none-eabi-gcc -D__REDLIB__ -DDEBUG -D__CODE_RED -D__USE_LPCOPEN -DCORE_M3 -I"C:\Users\Joey\Documents\LPCXpresso_8.2.2_650\MATE_Workspace\wstest\lpc_chip_175x_6x\inc" -I"C:\Users\Joey\Documents\LPCXpresso_8.2.2_650\MATE_Workspace\wstest\lpc_board_nxp_lpcxpresso_1769\inc" -I"C:\Users\Joey\Documents\LPCXpresso_8.2.2_650\MATE_Workspace\wstest\webserver\example\inc" -I"C:\Users\Joey\Documents\LPCXpresso_8.2.2_650\MATE_Workspace\wstest\webserver\lwip\inc" -I"C:\Users\Joey\Documents\LPCXpresso_8.2.2_650\MATE_Workspace\wstest\webserver\lwip\inc\ipv4" -O0 -g3 -Wall -c -fmessage-length=0 -fno-builtin -ffunction-sections -fdata-sections -mcpu=cortex-m3 -mthumb -specs=redlib.specs -MMD -MP -MF"example/src/httpd.d" -MT"example/src/httpd.o" -MT"example/src/httpd.d" -o "example/src/httpd.o" "../example/src/httpd.c"
Finished building: ../example/src/httpd.c
 
Building file: ../example/src/webserver.c
Invoking: MCU C Compiler
arm-none-eabi-gcc -D__REDLIB__ -DDEBUG -D__CODE_RED -D__USE_LPCOPEN -DCORE_M3 -I"C:\Users\Joey\Documents\LPCXpresso_8.2.2_650\MATE_Workspace\wstest\lpc_chip_175x_6x\inc" -I"C:\Users\Joey\Documents\LPCXpresso_8.2.2_650\MATE_Workspace\wstest\lpc_board_nxp_lpcxpresso_1769\inc" -I"C:\Users\Joey\Documents\LPCXpresso_8.2.2_650\MATE_Workspace\wstest\webserver\example\inc" -I"C:\Users\Joey\Documents\LPCXpresso_8.2.2_650\MATE_Workspace\wstest\webserver\lwip\inc" -I"C:\Users\Joey\Documents\LPCXpresso_8.2.2_650\MATE_Workspace\wstest\webserver\lwip\inc\ipv4" -O0 -g3 -Wall -c -fmessage-length=0 -fno-builtin -ffunction-sections -fdata-sections -mcpu=cortex-m3 -mthumb -specs=redlib.specs -MMD -MP -MF"example/src/webserver.d" -MT"example/src/webserver.o" -MT"example/src/webserver.d" -o "example/src/webserver.o" "../example/src/webserver.c"
Finished building: ../example/src/webserver.c
 
Building target: webserver.axf
Invoking: MCU Linker
arm-none-eabi-gcc -nostdlib -L"C:\Users\Joey\Documents\LPCXpresso_8.2.2_650\MATE_Workspace\wstest\lpc_chip_175x_6x\Debug" -L"C:\Users\Joey\Documents\LPCXpresso_8.2.2_650\MATE_Workspace\wstest\lpc_board_nxp_lpcxpresso_1769\Debug" -Xlinker -Map="webserver.map" -Xlinker --gc-sections -mcpu=cortex-m3 -mthumb -T "webserver_Debug.ld" -o "webserver.axf"  ./lwip/src/netif/etharp.o ./lwip/src/netif/ethernetif.o  ./lwip/src/core/ipv4/autoip.o ./lwip/src/core/ipv4/icmp.o ./lwip/src/core/ipv4/igmp.o ./lwip/src/core/ipv4/inet.o ./lwip/src/core/ipv4/inet_chksum.o ./lwip/src/core/ipv4/ip.o ./lwip/src/core/ipv4/ip_addr.o ./lwip/src/core/ipv4/ip_frag.o  ./lwip/src/core/def.o ./lwip/src/core/dhcp.o ./lwip/src/core/dns.o ./lwip/src/core/init.o ./lwip/src/core/mem.o ./lwip/src/core/memp.o ./lwip/src/core/netif.o ./lwip/src/core/pbuf.o ./lwip/src/core/raw.o ./lwip/src/core/stats.o ./lwip/src/core/sys.o ./lwip/src/core/tcp.o ./lwip/src/core/tcp_in.o ./lwip/src/core/tcp_out.o ./lwip/src/core/timers.o ./lwip/src/core/udp.o  ./lwip/src/arch/lpc17xx_40xx_emac.o ./lwip/src/arch/lpc17xx_40xx_systick_arch.o ./lwip/src/arch/lpc_debug.o  ./lwip/src/api/api_lib.o ./lwip/src/api/api_msg.o ./lwip/src/api/err.o ./lwip/src/api/netbuf.o ./lwip/src/api/netdb.o ./lwip/src/api/netifapi.o ./lwip/src/api/sockets.o ./lwip/src/api/tcpip.o  ./example/src/cr_startup_lpc175x_6x.o ./example/src/httpd.o ./example/src/lwip_fs.o ./example/src/sysinit.o ./example/src/webserver.o   -llpc_board_nxp_lpcxpresso_1769 -llpc_chip_175x_6x
Finished building target: webserver.axf
 
make --no-print-directory post-build
Performing post-build steps
arm-none-eabi-size "webserver.axf"; # arm-none-eabi-objcopy -v -O binary "webserver.axf" "webserver.bin" ; # checksum -p LPC1769 -d "webserver.bin";
   text	   data	    bss	    dec	    hex	filename
  61904	      8	   1124	  63036	   f63c	webserver.axf
 
11:07:21 **** Build of configuration Debug for project lpc_board_nxp_lpcxpresso_1769 ****
make -r all 
make: Nothing to be done for `all'.
11:07:25 **** Build of configuration Debug for project lpc_chip_175x_6x ****
make -r all 
make: Nothing to be done for `all'.
11:07:28 **** Build of configuration Debug for project webserver ****
make -r all 
Building file: ../example/src/webserver.c
Invoking: MCU C Compiler
arm-none-eabi-gcc -D__REDLIB__ -DDEBUG -D__CODE_RED -D__USE_LPCOPEN -DCORE_M3 -I"C:\Users\Joey\Documents\LPCXpresso_8.2.2_650\MATE_Workspace\wstest\lpc_chip_175x_6x\inc" -I"C:\Users\Joey\Documents\LPCXpresso_8.2.2_650\MATE_Workspace\wstest\lpc_board_nxp_lpcxpresso_1769\inc" -I"C:\Users\Joey\Documents\LPCXpresso_8.2.2_650\MATE_Workspace\wstest\webserver\example\inc" -I"C:\Users\Joey\Documents\LPCXpresso_8.2.2_650\MATE_Workspace\wstest\webserver\lwip\inc" -I"C:\Users\Joey\Documents\LPCXpresso_8.2.2_650\MATE_Workspace\wstest\webserver\lwip\inc\ipv4" -O0 -g3 -Wall -c -fmessage-length=0 -fno-builtin -ffunction-sections -fdata-sections -mcpu=cortex-m3 -mthumb -specs=redlib.specs -MMD -MP -MF"example/src/webserver.d" -MT"example/src/webserver.o" -MT"example/src/webserver.d" -o "example/src/webserver.o" "../example/src/webserver.c"
Finished building: ../example/src/webserver.c
 
Building target: webserver.axf
Invoking: MCU Linker
arm-none-eabi-gcc -nostdlib -L"C:\Users\Joey\Documents\LPCXpresso_8.2.2_650\MATE_Workspace\wstest\lpc_chip_175x_6x\Debug" -L"C:\Users\Joey\Documents\LPCXpresso_8.2.2_650\MATE_Workspace\wstest\lpc_board_nxp_lpcxpresso_1769\Debug" -Xlinker -Map="webserver.map" -Xlinker --gc-sections -mcpu=cortex-m3 -mthumb -T "webserver_Debug.ld" -o "webserver.axf"  ./lwip/src/netif/etharp.o ./lwip/src/netif/ethernetif.o  ./lwip/src/core/ipv4/autoip.o ./lwip/src/core/ipv4/icmp.o ./lwip/src/core/ipv4/igmp.o ./lwip/src/core/ipv4/inet.o ./lwip/src/core/ipv4/inet_chksum.o ./lwip/src/core/ipv4/ip.o ./lwip/src/core/ipv4/ip_addr.o ./lwip/src/core/ipv4/ip_frag.o  ./lwip/src/core/def.o ./lwip/src/core/dhcp.o ./lwip/src/core/dns.o ./lwip/src/core/init.o ./lwip/src/core/mem.o ./lwip/src/core/memp.o ./lwip/src/core/netif.o ./lwip/src/core/pbuf.o ./lwip/src/core/raw.o ./lwip/src/core/stats.o ./lwip/src/core/sys.o ./lwip/src/core/tcp.o ./lwip/src/core/tcp_in.o ./lwip/src/core/tcp_out.o ./lwip/src/core/timers.o ./lwip/src/core/udp.o  ./lwip/src/arch/lpc17xx_40xx_emac.o ./lwip/src/arch/lpc17xx_40xx_systick_arch.o ./lwip/src/arch/lpc_debug.o  ./lwip/src/api/api_lib.o ./lwip/src/api/api_msg.o ./lwip/src/api/err.o ./lwip/src/api/netbuf.o ./lwip/src/api/netdb.o ./lwip/src/api/netifapi.o ./lwip/src/api/sockets.o ./lwip/src/api/tcpip.o  ./example/src/cr_startup_lpc175x_6x.o ./example/src/httpd.o ./example/src/lwip_fs.o ./example/src/sysinit.o ./example/src/webserver.o   -llpc_board_nxp_lpcxpresso_1769 -llpc_chip_175x_6x
Finished building target: webserver.axf
 
make --no-print-directory post-build
Performing post-build steps
arm-none-eabi-size "webserver.axf"; # arm-none-eabi-objcopy -v -O binary "webserver.axf" "webserver.bin" ; # checksum -p LPC1769 -d "webserver.bin";
   text	   data	    bss	    dec	    hex	filename
  61904	      8	   1124	  63036	   f63c	webserver.axf
 
11:07:36 **** Incremental Build of configuration Debug for project webserver ****
make -r all 
make: Nothing to be done for `all'.
